
Allocating common symbols
Common symbol       size              file

AA_state_ptr        0x4               AlarmActuator.o
algo_state_id       0x1               algorithm.o
PS_state_ptr        0x4               main.o
AM_state_id         0x1               AlarmMonitor.o
Pval                0x4               PressureSensor_Driver.o
PressureSensor_state_id
                    0x1               main.o
AA_state_id         0x1               AlarmActuator.o
AM_state_ptr        0x4               AlarmMonitor.o
algo_state_ptr      0x4               algorithm.o

Memory Configuration

Name             Origin             Length             Attributes
flash            0x08000000         0x00020000         xr
sram             0x20000000         0x00005000         xrw
*default*        0x00000000         0xffffffff

Linker script and memory map


.text           0x08000000      0x3ac
 *(.vectors*)
 .vectors       0x08000000       0x1c startup.o
                0x08000000                vectors
 *(.text*)
 .text          0x0800001c       0x8c AlarmActuator.o
                0x0800001c                AA_init
                0x0800002a                AA_waiting
                0x08000040                AA_AlarmOn
                0x08000058                AA_AlarmOFF
                0x08000070                StartAlarm
                0x0800008c                StopAlarm
 .text          0x080000a8       0x90 AlarmMonitor.o
                0x080000a8                AM_init
                0x080000b4                AM_AlarmOFF
                0x080000cc                AM_AlarmOn
                0x080000f0                AM_waiting
                0x0800011c                High_pressure_detected
 .text          0x08000138       0x3c algorithm.o
                0x08000138                Pressure_CMP
 .text          0x08000174       0xc4 driver.o
                0x08000174                Delay
                0x08000194                getPressureVal
                0x080001ac                Set_Alarm_actuator
                0x080001e8                GPIO_INITIALIZATION
 .text          0x08000238       0x78 main.o
                0x08000238                setup
                0x08000284                main
 .text          0x080002b0       0x6c PressureSensor_Driver.o
                0x080002b0                PS_init
                0x080002bc                PS_reading
                0x080002f4                PS_waiting
 .text          0x0800031c       0x90 startup.o
                0x0800031c                H_Fault_Handler
                0x0800031c                MM_Fault_Handler
                0x0800031c                Bus_Handler
                0x0800031c                Default_Handler
                0x0800031c                Usage_Fault_Handler
                0x0800031c                NMI_Handler
                0x08000328                Reset_Handler
 *(.rodata)
                0x080003ac                _E_text = .

.glue_7         0x080003ac        0x0
 .glue_7        0x080003ac        0x0 linker stubs

.glue_7t        0x080003ac        0x0
 .glue_7t       0x080003ac        0x0 linker stubs

.vfp11_veneer   0x080003ac        0x0
 .vfp11_veneer  0x080003ac        0x0 linker stubs

.v4_bx          0x080003ac        0x0
 .v4_bx         0x080003ac        0x0 linker stubs

.iplt           0x080003ac        0x0
 .iplt          0x080003ac        0x0 AlarmActuator.o

.rel.dyn        0x080003ac        0x0
 .rel.iplt      0x080003ac        0x0 AlarmActuator.o

.data           0x20000000        0x4 load address 0x080003ac
                0x20000000                _S_DATA = .
 *(.data)
 .data          0x20000000        0x0 AlarmActuator.o
 .data          0x20000000        0x0 AlarmMonitor.o
 .data          0x20000000        0x4 algorithm.o
                0x20000000                Threshold
 .data          0x20000004        0x0 driver.o
 .data          0x20000004        0x0 main.o
 .data          0x20000004        0x0 PressureSensor_Driver.o
 .data          0x20000004        0x0 startup.o
                0x20000004                _E_DATA = .

.igot.plt       0x20000004        0x0 load address 0x080003b0
 .igot.plt      0x20000004        0x0 AlarmActuator.o

.bss            0x20000004     0x1024 load address 0x080003b0
                0x20000004                _S_bss = .
 *(.bss)
 .bss           0x20000004        0x0 AlarmActuator.o
 .bss           0x20000004        0x0 AlarmMonitor.o
 .bss           0x20000004        0x0 algorithm.o
 .bss           0x20000004        0x0 driver.o
 .bss           0x20000004        0x0 main.o
 .bss           0x20000004        0x0 PressureSensor_Driver.o
 .bss           0x20000004        0x0 startup.o
                0x20000004                . = ALIGN (0x4)
                0x20000004                _E_bss = .
                0x20000004                . = ALIGN (0x4)
                0x20001004                . = (. + 0x1000)
 *fill*         0x20000004     0x1000 
                0x20001004                _stack_top = .
 COMMON         0x20001004        0x5 AlarmActuator.o
                0x20001004                AA_state_ptr
                0x20001008                AA_state_id
 *fill*         0x20001009        0x3 
 COMMON         0x2000100c        0x8 AlarmMonitor.o
                0x2000100c                AM_state_id
                0x20001010                AM_state_ptr
 COMMON         0x20001014        0x8 algorithm.o
                0x20001014                algo_state_id
                0x20001018                algo_state_ptr
 COMMON         0x2000101c        0x5 main.o
                0x2000101c                PS_state_ptr
                0x20001020                PressureSensor_state_id
 *fill*         0x20001021        0x3 
 COMMON         0x20001024        0x4 PressureSensor_Driver.o
                0x20001024                Pval
LOAD AlarmActuator.o
LOAD AlarmMonitor.o
LOAD algorithm.o
LOAD driver.o
LOAD main.o
LOAD PressureSensor_Driver.o
LOAD startup.o
OUTPUT(Pressure_Detection_MA.elf elf32-littlearm)

.debug_info     0x00000000     0x3ed2
 .debug_info    0x00000000      0xa50 AlarmActuator.o
 .debug_info    0x00000a50      0xa3a AlarmMonitor.o
 .debug_info    0x0000148a      0x9f9 algorithm.o
 .debug_info    0x00001e83      0xa05 driver.o
 .debug_info    0x00002888      0xa9f main.o
 .debug_info    0x00003327      0xa13 PressureSensor_Driver.o
 .debug_info    0x00003d3a      0x198 startup.o

.debug_abbrev   0x00000000      0xc23
 .debug_abbrev  0x00000000      0x1fb AlarmActuator.o
 .debug_abbrev  0x000001fb      0x1fb AlarmMonitor.o
 .debug_abbrev  0x000003f6      0x1dc algorithm.o
 .debug_abbrev  0x000005d2      0x1de driver.o
 .debug_abbrev  0x000007b0      0x1d6 main.o
 .debug_abbrev  0x00000986      0x1c5 PressureSensor_Driver.o
 .debug_abbrev  0x00000b4b       0xd8 startup.o

.debug_loc      0x00000000      0x574
 .debug_loc     0x00000000      0x150 AlarmActuator.o
 .debug_loc     0x00000150      0x124 AlarmMonitor.o
 .debug_loc     0x00000274       0x50 algorithm.o
 .debug_loc     0x000002c4      0x140 driver.o
 .debug_loc     0x00000404       0x58 main.o
 .debug_loc     0x0000045c       0x9c PressureSensor_Driver.o
 .debug_loc     0x000004f8       0x7c startup.o

.debug_aranges  0x00000000       0xe0
 .debug_aranges
                0x00000000       0x20 AlarmActuator.o
 .debug_aranges
                0x00000020       0x20 AlarmMonitor.o
 .debug_aranges
                0x00000040       0x20 algorithm.o
 .debug_aranges
                0x00000060       0x20 driver.o
 .debug_aranges
                0x00000080       0x20 main.o
 .debug_aranges
                0x000000a0       0x20 PressureSensor_Driver.o
 .debug_aranges
                0x000000c0       0x20 startup.o

.debug_line     0x00000000      0x8e0
 .debug_line    0x00000000      0x14c AlarmActuator.o
 .debug_line    0x0000014c      0x147 AlarmMonitor.o
 .debug_line    0x00000293      0x136 algorithm.o
 .debug_line    0x000003c9      0x1b9 driver.o
 .debug_line    0x00000582      0x18c main.o
 .debug_line    0x0000070e      0x155 PressureSensor_Driver.o
 .debug_line    0x00000863       0x7d startup.o

.debug_str      0x00000000      0x7d7
 .debug_str     0x00000000      0x585 AlarmActuator.o
                                0x5e3 (size before relaxing)
 .debug_str     0x00000585       0x94 AlarmMonitor.o
                                0x5e4 (size before relaxing)
 .debug_str     0x00000619       0x51 algorithm.o
                                0x5a1 (size before relaxing)
 .debug_str     0x0000066a       0x57 driver.o
                                0x5b0 (size before relaxing)
 .debug_str     0x000006c1       0x53 main.o
                                0x654 (size before relaxing)
 .debug_str     0x00000714       0x36 PressureSensor_Driver.o
                                0x5cc (size before relaxing)
 .debug_str     0x0000074a       0x8d startup.o
                                0x1f5 (size before relaxing)

.comment        0x00000000       0x7e
 .comment       0x00000000       0x7e AlarmActuator.o
                                 0x7f (size before relaxing)
 .comment       0x0000007e       0x7f AlarmMonitor.o
 .comment       0x0000007e       0x7f algorithm.o
 .comment       0x0000007e       0x7f driver.o
 .comment       0x0000007e       0x7f main.o
 .comment       0x0000007e       0x7f PressureSensor_Driver.o
 .comment       0x0000007e       0x7f startup.o

.ARM.attributes
                0x00000000       0x33
 .ARM.attributes
                0x00000000       0x33 AlarmActuator.o
 .ARM.attributes
                0x00000033       0x33 AlarmMonitor.o
 .ARM.attributes
                0x00000066       0x33 algorithm.o
 .ARM.attributes
                0x00000099       0x33 driver.o
 .ARM.attributes
                0x000000cc       0x33 main.o
 .ARM.attributes
                0x000000ff       0x33 PressureSensor_Driver.o
 .ARM.attributes
                0x00000132       0x33 startup.o

.debug_frame    0x00000000      0x340
 .debug_frame   0x00000000       0xc4 AlarmActuator.o
 .debug_frame   0x000000c4       0xa8 AlarmMonitor.o
 .debug_frame   0x0000016c       0x34 algorithm.o
 .debug_frame   0x000001a0       0xa0 driver.o
 .debug_frame   0x00000240       0x48 main.o
 .debug_frame   0x00000288       0x68 PressureSensor_Driver.o
 .debug_frame   0x000002f0       0x50 startup.o
