../STM32F103xx_Drivers/STM32F103C6T6_EXTI_Driver.c:37:9:get_EXTICR_Number	16	static
../STM32F103xx_Drivers/STM32F103C6T6_EXTI_Driver.c:49:9:get_EXTICR_OFFSET	16	static
../STM32F103xx_Drivers/STM32F103C6T6_EXTI_Driver.c:77:6:MCAL_EXTI_GPIO_Init	24	static
../STM32F103xx_Drivers/STM32F103C6T6_EXTI_Driver.c:149:6:MCAL_EXTI_GPIO_DeInit	4	static
../STM32F103xx_Drivers/STM32F103C6T6_EXTI_Driver.c:182:6:MCAL_EXTI_GPIO_Update	16	static
../STM32F103xx_Drivers/STM32F103C6T6_EXTI_Driver.c:203:6:EXTI0_IRQHandler	8	static
../STM32F103xx_Drivers/STM32F103C6T6_EXTI_Driver.c:213:6:EXTI1_IRQHandler	8	static
../STM32F103xx_Drivers/STM32F103C6T6_EXTI_Driver.c:223:6:EXTI2_IRQHandler	8	static
../STM32F103xx_Drivers/STM32F103C6T6_EXTI_Driver.c:233:6:EXTI3_IRQHandler	8	static
../STM32F103xx_Drivers/STM32F103C6T6_EXTI_Driver.c:243:6:EXTI4_IRQHandler	8	static
../STM32F103xx_Drivers/STM32F103C6T6_EXTI_Driver.c:253:6:EXTI9_5_IRQHandler	8	static
../STM32F103xx_Drivers/STM32F103C6T6_EXTI_Driver.c:264:6:EXTI15_10_IRQHandler	8	static
