Archive member included to satisfy reference by file (symbol)

c:/st/stm32cubeide_1.11.2/stm32cubeide/plugins/com.st.stm32cube.ide.mcu.externaltools.gnu-tools-for-stm32.10.3-2021.10.win32_1.0.100.202210260954/tools/bin/../lib/gcc/arm-none-eabi/10.3.1/../../../../arm-none-eabi/lib/thumb/v7-m/nofp\libc_nano.a(lib_a-errno.o)
                              ./Src/syscalls.o (__errno)
c:/st/stm32cubeide_1.11.2/stm32cubeide/plugins/com.st.stm32cube.ide.mcu.externaltools.gnu-tools-for-stm32.10.3-2021.10.win32_1.0.100.202210260954/tools/bin/../lib/gcc/arm-none-eabi/10.3.1/../../../../arm-none-eabi/lib/thumb/v7-m/nofp\libc_nano.a(lib_a-exit.o)
                              c:/st/stm32cubeide_1.11.2/stm32cubeide/plugins/com.st.stm32cube.ide.mcu.externaltools.gnu-tools-for-stm32.10.3-2021.10.win32_1.0.100.202210260954/tools/bin/../lib/gcc/arm-none-eabi/10.3.1/../../../../arm-none-eabi/lib/thumb/v7-m/nofp/crt0.o (exit)
c:/st/stm32cubeide_1.11.2/stm32cubeide/plugins/com.st.stm32cube.ide.mcu.externaltools.gnu-tools-for-stm32.10.3-2021.10.win32_1.0.100.202210260954/tools/bin/../lib/gcc/arm-none-eabi/10.3.1/../../../../arm-none-eabi/lib/thumb/v7-m/nofp\libc_nano.a(lib_a-impure.o)
                              c:/st/stm32cubeide_1.11.2/stm32cubeide/plugins/com.st.stm32cube.ide.mcu.externaltools.gnu-tools-for-stm32.10.3-2021.10.win32_1.0.100.202210260954/tools/bin/../lib/gcc/arm-none-eabi/10.3.1/../../../../arm-none-eabi/lib/thumb/v7-m/nofp\libc_nano.a(lib_a-exit.o) (_global_impure_ptr)
c:/st/stm32cubeide_1.11.2/stm32cubeide/plugins/com.st.stm32cube.ide.mcu.externaltools.gnu-tools-for-stm32.10.3-2021.10.win32_1.0.100.202210260954/tools/bin/../lib/gcc/arm-none-eabi/10.3.1/../../../../arm-none-eabi/lib/thumb/v7-m/nofp\libc_nano.a(lib_a-init.o)
                              c:/st/stm32cubeide_1.11.2/stm32cubeide/plugins/com.st.stm32cube.ide.mcu.externaltools.gnu-tools-for-stm32.10.3-2021.10.win32_1.0.100.202210260954/tools/bin/../lib/gcc/arm-none-eabi/10.3.1/../../../../arm-none-eabi/lib/thumb/v7-m/nofp/crt0.o (__libc_init_array)
c:/st/stm32cubeide_1.11.2/stm32cubeide/plugins/com.st.stm32cube.ide.mcu.externaltools.gnu-tools-for-stm32.10.3-2021.10.win32_1.0.100.202210260954/tools/bin/../lib/gcc/arm-none-eabi/10.3.1/../../../../arm-none-eabi/lib/thumb/v7-m/nofp\libc_nano.a(lib_a-memset.o)
                              c:/st/stm32cubeide_1.11.2/stm32cubeide/plugins/com.st.stm32cube.ide.mcu.externaltools.gnu-tools-for-stm32.10.3-2021.10.win32_1.0.100.202210260954/tools/bin/../lib/gcc/arm-none-eabi/10.3.1/../../../../arm-none-eabi/lib/thumb/v7-m/nofp/crt0.o (memset)
c:/st/stm32cubeide_1.11.2/stm32cubeide/plugins/com.st.stm32cube.ide.mcu.externaltools.gnu-tools-for-stm32.10.3-2021.10.win32_1.0.100.202210260954/tools/bin/../lib/gcc/arm-none-eabi/10.3.1/../../../../arm-none-eabi/lib/thumb/v7-m/nofp\libc_nano.a(lib_a-sprintf.o)
                              ./STM32F103C6T6_Driver/LCD.o (sprintf)
c:/st/stm32cubeide_1.11.2/stm32cubeide/plugins/com.st.stm32cube.ide.mcu.externaltools.gnu-tools-for-stm32.10.3-2021.10.win32_1.0.100.202210260954/tools/bin/../lib/gcc/arm-none-eabi/10.3.1/../../../../arm-none-eabi/lib/thumb/v7-m/nofp\libc_nano.a(lib_a-nano-svfprintf.o)
                              c:/st/stm32cubeide_1.11.2/stm32cubeide/plugins/com.st.stm32cube.ide.mcu.externaltools.gnu-tools-for-stm32.10.3-2021.10.win32_1.0.100.202210260954/tools/bin/../lib/gcc/arm-none-eabi/10.3.1/../../../../arm-none-eabi/lib/thumb/v7-m/nofp\libc_nano.a(lib_a-sprintf.o) (_svfprintf_r)
c:/st/stm32cubeide_1.11.2/stm32cubeide/plugins/com.st.stm32cube.ide.mcu.externaltools.gnu-tools-for-stm32.10.3-2021.10.win32_1.0.100.202210260954/tools/bin/../lib/gcc/arm-none-eabi/10.3.1/../../../../arm-none-eabi/lib/thumb/v7-m/nofp\libc_nano.a(lib_a-nano-vfprintf_i.o)
                              c:/st/stm32cubeide_1.11.2/stm32cubeide/plugins/com.st.stm32cube.ide.mcu.externaltools.gnu-tools-for-stm32.10.3-2021.10.win32_1.0.100.202210260954/tools/bin/../lib/gcc/arm-none-eabi/10.3.1/../../../../arm-none-eabi/lib/thumb/v7-m/nofp\libc_nano.a(lib_a-nano-svfprintf.o) (_printf_i)
c:/st/stm32cubeide_1.11.2/stm32cubeide/plugins/com.st.stm32cube.ide.mcu.externaltools.gnu-tools-for-stm32.10.3-2021.10.win32_1.0.100.202210260954/tools/bin/../lib/gcc/arm-none-eabi/10.3.1/../../../../arm-none-eabi/lib/thumb/v7-m/nofp\libc_nano.a(lib_a-memchr-stub.o)
                              c:/st/stm32cubeide_1.11.2/stm32cubeide/plugins/com.st.stm32cube.ide.mcu.externaltools.gnu-tools-for-stm32.10.3-2021.10.win32_1.0.100.202210260954/tools/bin/../lib/gcc/arm-none-eabi/10.3.1/../../../../arm-none-eabi/lib/thumb/v7-m/nofp\libc_nano.a(lib_a-nano-svfprintf.o) (memchr)
c:/st/stm32cubeide_1.11.2/stm32cubeide/plugins/com.st.stm32cube.ide.mcu.externaltools.gnu-tools-for-stm32.10.3-2021.10.win32_1.0.100.202210260954/tools/bin/../lib/gcc/arm-none-eabi/10.3.1/../../../../arm-none-eabi/lib/thumb/v7-m/nofp\libc_nano.a(lib_a-memcpy-stub.o)
[...]
Memory Configuration

Name             Origin             Length             Attributes
RAM              0x0000000020000000 0x0000000000002800 xrw
FLASH            0x0000000008000000 0x0000000000008000 xr
*default*        0x0000000000000000 0xffffffffffffffff

Linker script and memory map

LOAD c:/st/stm32cubeide_1.11.2/stm32cubeide/plugins/com.st.stm32cube.ide.mcu.externaltools.gnu-tools-for-stm32.10.3-2021.10.win32_1.0.100.202210260954/tools/bin/../lib/gcc/arm-none-eabi/10.3.1/thumb/v7-m/nofp/crti.o
LOAD c:/st/stm32cubeide_1.11.2/stm32cubeide/plugins/com.st.stm32cube.ide.mcu.externaltools.gnu-tools-for-stm32.10.3-2021.10.win32_1.0.100.202210260954/tools/bin/../lib/gcc/arm-none-eabi/10.3.1/thumb/v7-m/nofp/crtbegin.o
LOAD c:/st/stm32cubeide_1.11.2/stm32cubeide/plugins/com.st.stm32cube.ide.mcu.externaltools.gnu-tools-for-stm32.10.3-2021.10.win32_1.0.100.202210260954/tools/bin/../lib/gcc/arm-none-eabi/10.3.1/../../../../arm-none-eabi/lib/thumb/v7-m/nofp/crt0.o
LOAD ./STM32F103C6T6_Driver/LCD.o
LOAD ./STM32F103C6T6_Driver/STM32F103C6T6_EXTI_Driver.o
LOAD ./STM32F103C6T6_Driver/STM32F103C6T6_GPIO_Driver.o
LOAD ./Src/main.o
LOAD ./Src/syscalls.o
LOAD ./Src/sysmem.o
LOAD ./Startup/startup_stm32f103c6tx.o
START GROUP
LOAD c:/st/stm32cubeide_1.11.2/stm32cubeide/plugins/com.st.stm32cube.ide.mcu.externaltools.gnu-tools-for-stm32.10.3-2021.10.win32_1.0.100.202210260954/tools/bin/../lib/gcc/arm-none-eabi/10.3.1/../../../../arm-none-eabi/lib/thumb/v7-m/nofp\libc_nano.a
LOAD c:/st/stm32cubeide_1.11.2/stm32cubeide/plugins/com.st.stm32cube.ide.mcu.externaltools.gnu-tools-for-stm32.10.3-2021.10.win32_1.0.100.202210260954/tools/bin/../lib/gcc/arm-none-eabi/10.3.1/../../../../arm-none-eabi/lib/thumb/v7-m/nofp\libm.a
END GROUP
START GROUP
LOAD c:/st/stm32cubeide_1.11.2/stm32cubeide/plugins/com.st.stm32cube.ide.mcu.externaltools.gnu-tools-for-stm32.10.3-2021.10.win32_1.0.100.202210260954/tools/bin/../lib/gcc/arm-none-eabi/10.3.1/thumb/v7-m/nofp\libgcc.a
LOAD c:/st/stm32cubeide_1.11.2/stm32cubeide/plugins/com.st.stm32cube.ide.mcu.externaltools.gnu-tools-for-stm32.10.3-2021.10.win32_1.0.100.202210260954/tools/bin/../lib/gcc/arm-none-eabi/10.3.1/../../../../arm-none-eabi/lib/thumb/v7-m/nofp\libg_nano.a
LOAD c:/st/stm32cubeide_1.11.2/stm32cubeide/plugins/com.st.stm32cube.ide.mcu.externaltools.gnu-tools-for-stm32.10.3-2021.10.win32_1.0.100.202210260954/tools/bin/../lib/gcc/arm-none-eabi/10.3.1/../../../../arm-none-eabi/lib/thumb/v7-m/nofp\libc_nano.a
END GROUP
START GROUP
LOAD c:/st/stm32cubeide_1.11.2/stm32cubeide/plugins/com.st.stm32cube.ide.mcu.externaltools.gnu-tools-for-stm32.10.3-2021.10.win32_1.0.100.202210260954/tools/bin/../lib/gcc/arm-none-eabi/10.3.1/thumb/v7-m/nofp\libgcc.a
LOAD c:/st/stm32cubeide_1.11.2/stm32cubeide/plugins/com.st.stm32cube.ide.mcu.externaltools.gnu-tools-for-stm32.10.3-2021.10.win32_1.0.100.202210260954/tools/bin/../lib/gcc/arm-none-eabi/10.3.1/../../../../arm-none-eabi/lib/thumb/v7-m/nofp\libc_nano.a
LOAD c:/st/stm32cubeide_1.11.2/stm32cubeide/plugins/com.st.stm32cube.ide.mcu.externaltools.gnu-tools-for-stm32.10.3-2021.10.win32_1.0.100.202210260954/tools/bin/../lib/gcc/arm-none-eabi/10.3.1/../../../../arm-none-eabi/lib/thumb/v7-m/nofp\libnosys.a
END GROUP
START GROUP
LOAD c:/st/stm32cubeide_1.11.2/stm32cubeide/plugins/com.st.stm32cube.ide.mcu.externaltools.gnu-tools-for-stm32.10.3-2021.10.win32_1.0.100.202210260954/tools/bin/../lib/gcc/arm-none-eabi/10.3.1/thumb/v7-m/nofp\libgcc.a
LOAD c:/st/stm32cubeide_1.11.2/stm32cubeide/plugins/com.st.stm32cube.ide.mcu.externaltools.gnu-tools-for-stm32.10.3-2021.10.win32_1.0.100.202210260954/tools/bin/../lib/gcc/arm-none-eabi/10.3.1/../../../../arm-none-eabi/lib/thumb/v7-m/nofp\libc_nano.a
LOAD c:/st/stm32cubeide_1.11.2/stm32cubeide/plugins/com.st.stm32cube.ide.mcu.externaltools.gnu-tools-for-stm32.10.3-2021.10.win32_1.0.100.202210260954/tools/bin/../lib/gcc/arm-none-eabi/10.3.1/../../../../arm-none-eabi/lib/thumb/v7-m/nofp\libnosys.a
END GROUP
LOAD c:/st/stm32cubeide_1.11.2/stm32cubeide/plugins/com.st.stm32cube.ide.mcu.externaltools.gnu-tools-for-stm32.10.3-2021.10.win32_1.0.100.202210260954/tools/bin/../lib/gcc/arm-none-eabi/10.3.1/thumb/v7-m/nofp/crtend.o
LOAD c:/st/stm32cubeide_1.11.2/stm32cubeide/plugins/com.st.stm32cube.ide.mcu.externaltools.gnu-tools-for-stm32.10.3-2021.10.win32_1.0.100.202210260954/tools/bin/../lib/gcc/arm-none-eabi/10.3.1/thumb/v7-m/nofp/crtn.o
                0x0000000020002800                _estack = (ORIGIN (RAM) + LENGTH (RAM))
                0x0000000000000200                _Min_Heap_Size = 0x200
                0x0000000000000400                _Min_Stack_Size = 0x400

.isr_vector     0x0000000008000000      0x130
                0x0000000008000000                . = ALIGN (0x4)
 *(.isr_vector)
 .isr_vector    0x0000000008000000      0x130 ./Startup/startup_stm32f103c6tx.o
                0x0000000008000000                g_pfnVectors
                0x0000000008000130                . = ALIGN (0x4)

.text           0x0000000008000130      0xba8
                0x0000000008000130                . = ALIGN (0x4)
 *(.text)
 .text          0x0000000008000130       0x40 c:/st/stm32cubeide_1.11.2/stm32cubeide/plugins/com.st.stm32cube.ide.mcu.externaltools.gnu-tools-for-stm32.10.3-2021.10.win32_1.0.100.202210260954/tools/bin/../lib/gcc/arm-none-eabi/10.3.1/thumb/v7-m/nofp/crtbegin.o
 *(.text*)
 .text._delay_ms
                0x0000000008000170       0x3c ./STM32F103C6T6_Driver/LCD.o
                0x0000000008000170                _delay_ms
 .text.LCD_init
                0x00000000080001ac       0x2e ./STM32F103C6T6_Driver/LCD.o
                0x00000000080001ac                LCD_init
 *fill*         0x00000000080001da        0x2 
 .text.LCD_command
                0x00000000080001dc       0x64 ./STM32F103C6T6_Driver/LCD.o
                0x00000000080001dc                LCD_command
 .text.LCD_write_char
                0x0000000008000240       0xbc ./STM32F103C6T6_Driver/LCD.o
                0x0000000008000240                LCD_write_char
 .text.LCD_write_string
                0x00000000080002fc       0x2a ./STM32F103C6T6_Driver/LCD.o
                0x00000000080002fc                LCD_write_string
 *fill*         0x0000000008000326        0x2 
 .text.LCD_busy_check
                0x0000000008000328       0xf0 ./STM32F103C6T6_Driver/LCD.o
                0x0000000008000328                LCD_busy_check
 .text.LCD_clear_screen
                0x0000000008000418       0x18 ./STM32F103C6T6_Driver/LCD.o
                0x0000000008000418                LCD_clear_screen
 .text.LCD_GOTO_position
                0x0000000008000430       0x58 ./STM32F103C6T6_Driver/LCD.o
                0x0000000008000430                LCD_GOTO_position
 .text.MCAL_EXTI_GPIO_Init
                0x0000000008000488      0x244 ./STM32F103C6T6_Driver/STM32F103C6T6_EXTI_Driver.o
                0x0000000008000488                MCAL_EXTI_GPIO_Init
 .text.EXTI0_IRQHandler
                0x00000000080006cc       0x24 ./STM32F103C6T6_Driver/STM32F103C6T6_EXTI_Driver.o
                0x00000000080006cc                EXTI0_IRQHandler
 .text.EXTI1_IRQHandler
                0x00000000080006f0       0x24 ./STM32F103C6T6_Driver/STM32F103C6T6_EXTI_Driver.o
                0x00000000080006f0                EXTI1_IRQHandler
 .text.EXTI2_IRQHandler
                0x0000000008000714       0x24 ./STM32F103C6T6_Driver/STM32F103C6T6_EXTI_Driver.o
                0x0000000008000714                EXTI2_IRQHandler
 .text.EXTI3_IRQHandler
                0x0000000008000738       0x24 ./STM32F103C6T6_Driver/STM32F103C6T6_EXTI_Driver.o
                0x0000000008000738                EXTI3_IRQHandler
 .text.EXTI4_IRQHandler
                0x000000000800075c       0x24 ./STM32F103C6T6_Driver/STM32F103C6T6_EXTI_Driver.o
                0x000000000800075c                EXTI4_IRQHandler
 .text.EXTI9_5_IRQHandler
                0x0000000008000780       0xb0 ./STM32F103C6T6_Driver/STM32F103C6T6_EXTI_Driver.o
                0x0000000008000780                EXTI9_5_IRQHandler
 .text.EXTI15_10_IRQHandler
                0x0000000008000830       0xdc ./STM32F103C6T6_Driver/STM32F103C6T6_EXTI_Driver.o
                0x0000000008000830                EXTI15_10_IRQHandler
 .text.Get_CRLH_Position
                0x000000000800090c      0x170 ./STM32F103C6T6_Driver/STM32F103C6T6_GPIO_Driver.o
                0x000000000800090c                Get_CRLH_Position
 .text.MCAL_GPIO_Init
                0x0000000008000a7c       0xfe ./STM32F103C6T6_Driver/STM32F103C6T6_GPIO_Driver.o
                0x0000000008000a7c                MCAL_GPIO_Init
 *fill*         0x0000000008000b7a        0x2 
 .text.init_EXTI
                0x0000000008000b7c       0x38 ./Src/main.o
                0x0000000008000b7c                init_EXTI
 .text.Display_on_LCD
                0x0000000008000bb4       0x28 ./Src/main.o
                0x0000000008000bb4                Display_on_LCD
 .text.clock_init
                0x0000000008000bdc       0x34 ./Src/main.o
                0x0000000008000bdc                clock_init
 .text.main     0x0000000008000c10       0x12 ./Src/main.o
                0x0000000008000c10                main
 *fill*         0x0000000008000c22        0x2 
 .text.Reset_Handler
                0x0000000008000c24       0x50 ./Startup/startup_stm32f103c6tx.o
                0x0000000008000c24                Reset_Handler
 .text.Default_Handler
                0x0000000008000c74        0x2 ./Startup/startup_stm32f103c6tx.o
                0x0000000008000c74                TIM8_TRG_COM_IRQHandler
                0x0000000008000c74                TIM8_CC_IRQHandler
                0x0000000008000c74                DebugMon_Handler
                0x0000000008000c74                TIM1_CC_IRQHandler
                0x0000000008000c74                HardFault_Handler
                0x0000000008000c74                TIM6_IRQHandler
                0x0000000008000c74                SysTick_Handler
                0x0000000008000c74                PVD_IRQHandler
                0x0000000008000c74                SDIO_IRQHandler
                0x0000000008000c74                PendSV_Handler
                0x0000000008000c74                NMI_Handler
                0x0000000008000c74                USB_HP_CAN_TX_IRQHandler
                0x0000000008000c74                I2C2_EV_IRQHandler
                0x0000000008000c74                UsageFault_Handler
                0x0000000008000c74                ADC1_2_IRQHandler
                0x0000000008000c74                SPI1_IRQHandler
                0x0000000008000c74                CAN_SCE_IRQHandler
                0x0000000008000c74                TAMPER_IRQHandler
                0x0000000008000c74                TIM8_UP_IRQHandler
                0x0000000008000c74                DMA2_Channel2_IRQHandler
                0x0000000008000c74                DMA1_Channel4_IRQHandler
                0x0000000008000c74                USART3_IRQHandler
                0x0000000008000c74                RTC_IRQHandler
                0x0000000008000c74                DMA1_Channel7_IRQHandler
                0x0000000008000c74                UART5_IRQHandler
                0x0000000008000c74                ADC3_IRQHandler
                0x0000000008000c74                TIM4_IRQHandler
                0x0000000008000c74                CAN_RX1_IRQHandler
                0x0000000008000c74                DMA2_Channel1_IRQHandler
                0x0000000008000c74                I2C1_EV_IRQHandler
                0x0000000008000c74                DMA1_Channel6_IRQHandler
                0x0000000008000c74                UART4_IRQHandler
                0x0000000008000c74                TIM3_IRQHandler
                0x0000000008000c74                RCC_IRQHandler
                0x0000000008000c74                TIM1_TRG_COM_IRQHandler
                0x0000000008000c74                DMA1_Channel1_IRQHandler
                0x0000000008000c74                Default_Handler
                0x0000000008000c74                TIM7_IRQHandler
                0x0000000008000c74                TIM5_IRQHandler
                0x0000000008000c74                SPI2_IRQHandler
                0x0000000008000c74                USB_LP_CAN_RX0_IRQHandler
                0x0000000008000c74                MemManage_Handler
                0x0000000008000c74                SVC_Handler
                0x0000000008000c74                DMA1_Channel5_IRQHandler
                0x0000000008000c74                DMA1_Channel3_IRQHandler
                0x0000000008000c74                FSMC_IRQHandler
                0x0000000008000c74                TIM1_UP_IRQHandler
                0x0000000008000c74                WWDG_IRQHandler
                0x0000000008000c74                TIM2_IRQHandler
                0x0000000008000c74                TIM1_BRK_IRQHandler
                0x0000000008000c74                RTCAlarm_IRQHandler
                0x0000000008000c74                DMA2_Channel4_5_IRQHandler
                0x0000000008000c74                USART2_IRQHandler
                0x0000000008000c74                I2C2_ER_IRQHandler
                0x0000000008000c74                DMA1_Channel2_IRQHandler
                0x0000000008000c74                TIM8_BRK_IRQHandler
                0x0000000008000c74                FLASH_IRQHandler
                0x0000000008000c74                BusFault_Handler
                0x0000000008000c74                USART1_IRQHandler
                0x0000000008000c74                SPI3_IRQHandler
                0x0000000008000c74                I2C1_ER_IRQHandler
                0x0000000008000c74                DMA2_Channel3_IRQHandler
 *fill*         0x0000000008000c76        0x2 
 .text.__libc_init_array
                0x0000000008000c78       0x48 c:/st/stm32cubeide_1.11.2/stm32cubeide/plugins/com.st.stm32cube.ide.mcu.externaltools.gnu-tools-for-stm32.10.3-2021.10.win32_1.0.100.202210260954/tools/bin/../lib/gcc/arm-none-eabi/10.3.1/../../../../arm-none-eabi/lib/thumb/v7-m/nofp\libc_nano.a(lib_a-init.o)
                0x0000000008000c78                __libc_init_array
 *(.glue_7)
 .glue_7        0x0000000008000cc0        0x0 linker stubs
 *(.glue_7t)
 .glue_7t       0x0000000008000cc0        0x0 linker stubs
 *(.eh_frame)
 .eh_frame      0x0000000008000cc0        0x0 c:/st/stm32cubeide_1.11.2/stm32cubeide/plugins/com.st.stm32cube.ide.mcu.externaltools.gnu-tools-for-stm32.10.3-2021.10.win32_1.0.100.202210260954/tools/bin/../lib/gcc/arm-none-eabi/10.3.1/thumb/v7-m/nofp/crtbegin.o
 *(.init)
 .init          0x0000000008000cc0        0x4 c:/st/stm32cubeide_1.11.2/stm32cubeide/plugins/com.st.stm32cube.ide.mcu.externaltools.gnu-tools-for-stm32.10.3-2021.10.win32_1.0.100.202210260954/tools/bin/../lib/gcc/arm-none-eabi/10.3.1/thumb/v7-m/nofp/crti.o
                0x0000000008000cc0                _init
 .init          0x0000000008000cc4        0x8 c:/st/stm32cubeide_1.11.2/stm32cubeide/plugins/com.st.stm32cube.ide.mcu.externaltools.gnu-tools-for-stm32.10.3-2021.10.win32_1.0.100.202210260954/tools/bin/../lib/gcc/arm-none-eabi/10.3.1/thumb/v7-m/nofp/crtn.o
 *(.fini)
 .fini          0x0000000008000ccc        0x4 c:/st/stm32cubeide_1.11.2/stm32cubeide/plugins/com.st.stm32cube.ide.mcu.externaltools.gnu-tools-for-stm32.10.3-2021.10.win32_1.0.100.202210260954/tools/bin/../lib/gcc/arm-none-eabi/10.3.1/thumb/v7-m/nofp/crti.o
                0x0000000008000ccc                _fini
 .fini          0x0000000008000cd0        0x8 c:/st/stm32cubeide_1.11.2/stm32cubeide/plugins/com.st.stm32cube.ide.mcu.externaltools.gnu-tools-for-stm32.10.3-2021.10.win32_1.0.100.202210260954/tools/bin/../lib/gcc/arm-none-eabi/10.3.1/thumb/v7-m/nofp/crtn.o
                0x0000000008000cd8                . = ALIGN (0x4)
                0x0000000008000cd8                _etext = .

.vfp11_veneer   0x0000000008000cd8        0x0
 .vfp11_veneer  0x0000000008000cd8        0x0 linker stubs

.v4_bx          0x0000000008000cd8        0x0
 .v4_bx         0x0000000008000cd8        0x0 linker stubs

.iplt           0x0000000008000cd8        0x0
 .iplt          0x0000000008000cd8        0x0 c:/st/stm32cubeide_1.11.2/stm32cubeide/plugins/com.st.stm32cube.ide.mcu.externaltools.gnu-tools-for-stm32.10.3-2021.10.win32_1.0.100.202210260954/tools/bin/../lib/gcc/arm-none-eabi/10.3.1/thumb/v7-m/nofp/crtbegin.o

.rodata         0x0000000008000cd8       0x2c
                0x0000000008000cd8                . = ALIGN (0x4)
 *(.rodata)
 .rodata        0x0000000008000cd8       0x2a ./Src/main.o
 *(.rodata*)
                0x0000000008000d04                . = ALIGN (0x4)
 *fill*         0x0000000008000d02        0x2 

.rel.dyn        0x0000000008000d04        0x0
 .rel.iplt      0x0000000008000d04        0x0 c:/st/stm32cubeide_1.11.2/stm32cubeide/plugins/com.st.stm32cube.ide.mcu.externaltools.gnu-tools-for-stm32.10.3-2021.10.win32_1.0.100.202210260954/tools/bin/../lib/gcc/arm-none-eabi/10.3.1/thumb/v7-m/nofp/crtbegin.o

.ARM.extab      0x0000000008000d04        0x0
                0x0000000008000d04                . = ALIGN (0x4)
 *(.ARM.extab* .gnu.linkonce.armextab.*)
                0x0000000008000d04                . = ALIGN (0x4)

.ARM            0x0000000008000d04        0x0
                0x0000000008000d04                . = ALIGN (0x4)
                0x0000000008000d04                __exidx_start = .
 *(.ARM.exidx*)
                0x0000000008000d04                __exidx_end = .
                0x0000000008000d04                . = ALIGN (0x4)

.preinit_array  0x0000000008000d04        0x0
                0x0000000008000d04                . = ALIGN (0x4)
                0x0000000008000d04                PROVIDE (__preinit_array_start = .)
 *(.preinit_array*)
                0x0000000008000d04                PROVIDE (__preinit_array_end = .)
                0x0000000008000d04                . = ALIGN (0x4)

.init_array     0x0000000008000d04        0x4
                0x0000000008000d04                . = ALIGN (0x4)
                0x0000000008000d04                PROVIDE (__init_array_start = .)
 *(SORT_BY_NAME(.init_array.*))
 *(.init_array*)
 .init_array    0x0000000008000d04        0x4 c:/st/stm32cubeide_1.11.2/stm32cubeide/plugins/com.st.stm32cube.ide.mcu.externaltools.gnu-tools-for-stm32.10.3-2021.10.win32_1.0.100.202210260954/tools/bin/../lib/gcc/arm-none-eabi/10.3.1/thumb/v7-m/nofp/crtbegin.o
                0x0000000008000d08                PROVIDE (__init_array_end = .)
                0x0000000008000d08                . = ALIGN (0x4)

.fini_array     0x0000000008000d08        0x4
                0x0000000008000d08                . = ALIGN (0x4)
                [!provide]                        PROVIDE (__fini_array_start = .)
 *(SORT_BY_NAME(.fini_array.*))
 *(.fini_array*)
 .fini_array    0x0000000008000d08        0x4 c:/st/stm32cubeide_1.11.2/stm32cubeide/plugins/com.st.stm32cube.ide.mcu.externaltools.gnu-tools-for-stm32.10.3-2021.10.win32_1.0.100.202210260954/tools/bin/../lib/gcc/arm-none-eabi/10.3.1/thumb/v7-m/nofp/crtbegin.o
                [!provide]                        PROVIDE (__fini_array_end = .)
                0x0000000008000d0c                . = ALIGN (0x4)
                0x0000000008000d0c                _sidata = LOADADDR (.data)

.data           0x0000000020000000        0x4 load address 0x0000000008000d0c
                0x0000000020000000                . = ALIGN (0x4)
                0x0000000020000000                _sdata = .
 *(.data)
 *(.data*)
 .data.counter  0x0000000020000000        0x1 ./STM32F103C6T6_Driver/LCD.o
 *(.RamFunc)
 *(.RamFunc*)
                0x0000000020000004                . = ALIGN (0x4)
 *fill*         0x0000000020000001        0x3 
                0x0000000020000004                _edata = .

.igot.plt       0x0000000020000004        0x0 load address 0x0000000008000d10
 .igot.plt      0x0000000020000004        0x0 c:/st/stm32cubeide_1.11.2/stm32cubeide/plugins/com.st.stm32cube.ide.mcu.externaltools.gnu-tools-for-stm32.10.3-2021.10.win32_1.0.100.202210260954/tools/bin/../lib/gcc/arm-none-eabi/10.3.1/thumb/v7-m/nofp/crtbegin.o
                0x0000000020000004                . = ALIGN (0x4)

.bss            0x0000000020000004       0x5c load address 0x0000000008000d10
                0x0000000020000004                _sbss = .
                0x0000000020000004                __bss_start__ = _sbss
 *(.bss)
 .bss           0x0000000020000004       0x1c c:/st/stm32cubeide_1.11.2/stm32cubeide/plugins/com.st.stm32cube.ide.mcu.externaltools.gnu-tools-for-stm32.10.3-2021.10.win32_1.0.100.202210260954/tools/bin/../lib/gcc/arm-none-eabi/10.3.1/thumb/v7-m/nofp/crtbegin.o
 *(.bss*)
 .bss.Global_PTR_IRQ_CallBack
                0x0000000020000020       0x40 ./STM32F103C6T6_Driver/STM32F103C6T6_EXTI_Driver.o
                0x0000000020000020                Global_PTR_IRQ_CallBack
 *(COMMON)
                0x0000000020000060                . = ALIGN (0x4)
                0x0000000020000060                _ebss = .
                0x0000000020000060                __bss_end__ = _ebss

._user_heap_stack
                0x0000000020000060      0x600 load address 0x0000000008000d10
                0x0000000020000060                . = ALIGN (0x8)
                [!provide]                        PROVIDE (end = .)
                0x0000000020000060                PROVIDE (_end = .)
                0x0000000020000260                . = (. + _Min_Heap_Size)
 *fill*         0x0000000020000060      0x200 
                0x0000000020000660                . = (. + _Min_Stack_Size)
 *fill*         0x0000000020000260      0x400 
                0x0000000020000660                . = ALIGN (0x8)

/DISCARD/
 libc.a(*)
 libm.a(*)
 libgcc.a(*)

.ARM.attributes
                0x0000000000000000       0x29
 *(.ARM.attributes)
 .ARM.attributes
                0x0000000000000000       0x1d c:/st/stm32cubeide_1.11.2/stm32cubeide/plugins/com.st.stm32cube.ide.mcu.externaltools.gnu-tools-for-stm32.10.3-2021.10.win32_1.0.100.202210260954/tools/bin/../lib/gcc/arm-none-eabi/10.3.1/thumb/v7-m/nofp/crti.o
 .ARM.attributes
                0x000000000000001d       0x2d c:/st/stm32cubeide_1.11.2/stm32cubeide/plugins/com.st.stm32cube.ide.mcu.externaltools.gnu-tools-for-stm32.10.3-2021.10.win32_1.0.100.202210260954/tools/bin/../lib/gcc/arm-none-eabi/10.3.1/thumb/v7-m/nofp/crtbegin.o
 .ARM.attributes
                0x000000000000004a       0x2d ./STM32F103C6T6_Driver/LCD.o
 .ARM.attributes
                0x0000000000000077       0x2d ./STM32F103C6T6_Driver/STM32F103C6T6_EXTI_Driver.o
 .ARM.attributes
                0x00000000000000a4       0x2d ./STM32F103C6T6_Driver/STM32F103C6T6_GPIO_Driver.o
 .ARM.attributes
                0x00000000000000d1       0x2d ./Src/main.o
 .ARM.attributes
                0x00000000000000fe       0x21 ./Startup/startup_stm32f103c6tx.o
 .ARM.attributes
                0x000000000000011f       0x2d c:/st/stm32cubeide_1.11.2/stm32cubeide/plugins/com.st.stm32cube.ide.mcu.externaltools.gnu-tools-for-stm32.10.3-2021.10.win32_1.0.100.202210260954/tools/bin/../lib/gcc/arm-none-eabi/10.3.1/../../../../arm-none-eabi/lib/thumb/v7-m/nofp\libc_nano.a(lib_a-init.o)
 .ARM.attributes
                0x000000000000014c       0x1d c:/st/stm32cubeide_1.11.2/stm32cubeide/plugins/com.st.stm32cube.ide.mcu.externaltools.gnu-tools-for-stm32.10.3-2021.10.win32_1.0.100.202210260954/tools/bin/../lib/gcc/arm-none-eabi/10.3.1/thumb/v7-m/nofp/crtn.o
OUTPUT(Drivers.elf elf32-littlearm)
LOAD linker stubs
LOAD c:/st/stm32cubeide_1.11.2/stm32cubeide/plugins/com.st.stm32cube.ide.mcu.externaltools.gnu-tools-for-stm32.10.3-2021.10.win32_1.0.100.202210260954/tools/bin/../lib/gcc/arm-none-eabi/10.3.1/../../../../arm-none-eabi/lib/thumb/v7-m/nofp\libc.a
LOAD c:/st/stm32cubeide_1.11.2/stm32cubeide/plugins/com.st.stm32cube.ide.mcu.externaltools.gnu-tools-for-stm32.10.3-2021.10.win32_1.0.100.202210260954/tools/bin/../lib/gcc/arm-none-eabi/10.3.1/../../../../arm-none-eabi/lib/thumb/v7-m/nofp\libm.a
LOAD c:/st/stm32cubeide_1.11.2/stm32cubeide/plugins/com.st.stm32cube.ide.mcu.externaltools.gnu-tools-for-stm32.10.3-2021.10.win32_1.0.100.202210260954/tools/bin/../lib/gcc/arm-none-eabi/10.3.1/thumb/v7-m/nofp\libgcc.a

.debug_info     0x0000000000000000     0x1253
 .debug_info    0x0000000000000000      0x44f ./STM32F103C6T6_Driver/LCD.o
 .debug_info    0x000000000000044f      0x58d ./STM32F103C6T6_Driver/STM32F103C6T6_EXTI_Driver.o
 .debug_info    0x00000000000009dc      0x4b6 ./STM32F103C6T6_Driver/STM32F103C6T6_GPIO_Driver.o
 .debug_info    0x0000000000000e92      0x39f ./Src/main.o
 .debug_info    0x0000000000001231       0x22 ./Startup/startup_stm32f103c6tx.o

.debug_abbrev   0x0000000000000000      0x5f2
 .debug_abbrev  0x0000000000000000      0x1b4 ./STM32F103C6T6_Driver/LCD.o
 .debug_abbrev  0x00000000000001b4      0x18d ./STM32F103C6T6_Driver/STM32F103C6T6_EXTI_Driver.o
 .debug_abbrev  0x0000000000000341      0x16f ./STM32F103C6T6_Driver/STM32F103C6T6_GPIO_Driver.o
 .debug_abbrev  0x00000000000004b0      0x130 ./Src/main.o
 .debug_abbrev  0x00000000000005e0       0x12 ./Startup/startup_stm32f103c6tx.o

.debug_loc      0x0000000000000000      0x9d2
 .debug_loc     0x0000000000000000      0x2e6 ./STM32F103C6T6_Driver/LCD.o
 .debug_loc     0x00000000000002e6      0x2d0 ./STM32F103C6T6_Driver/STM32F103C6T6_EXTI_Driver.o
 .debug_loc     0x00000000000005b6      0x330 ./STM32F103C6T6_Driver/STM32F103C6T6_GPIO_Driver.o
 .debug_loc     0x00000000000008e6       0xec ./Src/main.o

.debug_aranges  0x0000000000000000      0x1a0
 .debug_aranges
                0x0000000000000000       0x68 ./STM32F103C6T6_Driver/LCD.o
 .debug_aranges
                0x0000000000000068       0x78 ./STM32F103C6T6_Driver/STM32F103C6T6_EXTI_Driver.o
 .debug_aranges
                0x00000000000000e0       0x60 ./STM32F103C6T6_Driver/STM32F103C6T6_GPIO_Driver.o
 .debug_aranges
                0x0000000000000140       0x38 ./Src/main.o
 .debug_aranges
                0x0000000000000178       0x28 ./Startup/startup_stm32f103c6tx.o

.debug_ranges   0x0000000000000000      0x158
 .debug_ranges  0x0000000000000000       0x58 ./STM32F103C6T6_Driver/LCD.o
 .debug_ranges  0x0000000000000058       0x68 ./STM32F103C6T6_Driver/STM32F103C6T6_EXTI_Driver.o
 .debug_ranges  0x00000000000000c0       0x50 ./STM32F103C6T6_Driver/STM32F103C6T6_GPIO_Driver.o
 .debug_ranges  0x0000000000000110       0x28 ./Src/main.o
 .debug_ranges  0x0000000000000138       0x20 ./Startup/startup_stm32f103c6tx.o

.debug_macro    0x0000000000000000     0x2b62
 .debug_macro   0x0000000000000000      0x22d ./STM32F103C6T6_Driver/LCD.o
 .debug_macro   0x000000000000022d      0xa72 ./STM32F103C6T6_Driver/LCD.o
 .debug_macro   0x0000000000000c9f       0x22 ./STM32F103C6T6_Driver/LCD.o
 .debug_macro   0x0000000000000cc1       0x4c ./STM32F103C6T6_Driver/LCD.o
 .debug_macro   0x0000000000000d0d       0x18 ./STM32F103C6T6_Driver/LCD.o
 .debug_macro   0x0000000000000d25       0x94 ./STM32F103C6T6_Driver/LCD.o
 .debug_macro   0x0000000000000db9       0x3c ./STM32F103C6T6_Driver/LCD.o
 .debug_macro   0x0000000000000df5       0x34 ./STM32F103C6T6_Driver/LCD.o
 .debug_macro   0x0000000000000e29       0x16 ./STM32F103C6T6_Driver/LCD.o
 .debug_macro   0x0000000000000e3f       0x57 ./STM32F103C6T6_Driver/LCD.o
 .debug_macro   0x0000000000000e96       0x97 ./STM32F103C6T6_Driver/LCD.o
 .debug_macro   0x0000000000000f2d      0x341 ./STM32F103C6T6_Driver/LCD.o
 .debug_macro   0x000000000000126e       0xfd ./STM32F103C6T6_Driver/LCD.o
 .debug_macro   0x000000000000136b       0x10 ./STM32F103C6T6_Driver/LCD.o
 .debug_macro   0x000000000000137b       0x16 ./STM32F103C6T6_Driver/LCD.o
 .debug_macro   0x0000000000001391       0x43 ./STM32F103C6T6_Driver/LCD.o
 .debug_macro   0x00000000000013d4       0x34 ./STM32F103C6T6_Driver/LCD.o
 .debug_macro   0x0000000000001408       0x10 ./STM32F103C6T6_Driver/LCD.o
 .debug_macro   0x0000000000001418       0x58 ./STM32F103C6T6_Driver/LCD.o
 .debug_macro   0x0000000000001470       0x71 ./STM32F103C6T6_Driver/LCD.o
 .debug_macro   0x00000000000014e1       0x1c ./STM32F103C6T6_Driver/LCD.o
 .debug_macro   0x00000000000014fd      0x12a ./STM32F103C6T6_Driver/LCD.o
 .debug_macro   0x0000000000001627       0x10 ./STM32F103C6T6_Driver/LCD.o
 .debug_macro   0x0000000000001637       0x6a ./STM32F103C6T6_Driver/LCD.o
 .debug_macro   0x00000000000016a1       0x1c ./STM32F103C6T6_Driver/LCD.o
 .debug_macro   0x00000000000016bd       0x52 ./STM32F103C6T6_Driver/LCD.o
 .debug_macro   0x000000000000170f       0x22 ./STM32F103C6T6_Driver/LCD.o
 .debug_macro   0x0000000000001731       0x10 ./STM32F103C6T6_Driver/LCD.o
 .debug_macro   0x0000000000001741       0x52 ./STM32F103C6T6_Driver/LCD.o
 .debug_macro   0x0000000000001793       0xd5 ./STM32F103C6T6_Driver/LCD.o
 .debug_macro   0x0000000000001868       0x1c ./STM32F103C6T6_Driver/LCD.o
 .debug_macro   0x0000000000001884       0x3d ./STM32F103C6T6_Driver/LCD.o
 .debug_macro   0x00000000000018c1       0x16 ./STM32F103C6T6_Driver/LCD.o
 .debug_macro   0x00000000000018d7      0x145 ./STM32F103C6T6_Driver/LCD.o
 .debug_macro   0x0000000000001a1c       0x10 ./STM32F103C6T6_Driver/LCD.o
 .debug_macro   0x0000000000001a2c       0x16 ./STM32F103C6T6_Driver/LCD.o
 .debug_macro   0x0000000000001a42       0x35 ./STM32F103C6T6_Driver/LCD.o
 .debug_macro   0x0000000000001a77       0x16 ./STM32F103C6T6_Driver/LCD.o
 .debug_macro   0x0000000000001a8d       0x29 ./STM32F103C6T6_Driver/LCD.o
 .debug_macro   0x0000000000001ab6      0x103 ./STM32F103C6T6_Driver/LCD.o
 .debug_macro   0x0000000000001bb9      0x1df ./STM32F103C6T6_Driver/LCD.o
 .debug_macro   0x0000000000001d98      0x242 ./STM32F103C6T6_Driver/LCD.o
 .debug_macro   0x0000000000001fda       0xd6 ./STM32F103C6T6_Driver/LCD.o
 .debug_macro   0x00000000000020b0       0xc4 ./STM32F103C6T6_Driver/LCD.o
 .debug_macro   0x0000000000002174      0x15b ./STM32F103C6T6_Driver/STM32F103C6T6_EXTI_Driver.o
 .debug_macro   0x00000000000022cf      0x10e ./STM32F103C6T6_Driver/STM32F103C6T6_EXTI_Driver.o
 .debug_macro   0x00000000000023dd       0x8d ./STM32F103C6T6_Driver/STM32F103C6T6_EXTI_Driver.o
 .debug_macro   0x000000000000246a       0xdc ./STM32F103C6T6_Driver/STM32F103C6T6_EXTI_Driver.o
 .debug_macro   0x0000000000002546      0x1b1 ./STM32F103C6T6_Driver/STM32F103C6T6_EXTI_Driver.o
 .debug_macro   0x00000000000026f7      0x14c ./STM32F103C6T6_Driver/STM32F103C6T6_GPIO_Driver.o
 .debug_macro   0x0000000000002843      0x233 ./Src/main.o
 .debug_macro   0x0000000000002a76       0x1c ./Src/main.o
 .debug_macro   0x0000000000002a92       0xd0 ./Src/main.o

.debug_line     0x0000000000000000     0x22cd
 .debug_line    0x0000000000000000      0x898 ./STM32F103C6T6_Driver/LCD.o
 .debug_line    0x0000000000000898      0xac9 ./STM32F103C6T6_Driver/STM32F103C6T6_EXTI_Driver.o
 .debug_line    0x0000000000001361      0x800 ./STM32F103C6T6_Driver/STM32F103C6T6_GPIO_Driver.o
 .debug_line    0x0000000000001b61      0x6e8 ./Src/main.o
 .debug_line    0x0000000000002249       0x84 ./Startup/startup_stm32f103c6tx.o

.debug_str      0x0000000000000000     0xa5d1
 .debug_str     0x0000000000000000     0x8f3a ./STM32F103C6T6_Driver/LCD.o
                                       0x9170 (size before relaxing)
 .debug_str     0x0000000000008f3a     0x14b5 ./STM32F103C6T6_Driver/STM32F103C6T6_EXTI_Driver.o
                                       0x9148 (size before relaxing)
 .debug_str     0x000000000000a3ef      0x168 ./STM32F103C6T6_Driver/STM32F103C6T6_GPIO_Driver.o
                                       0x7dd8 (size before relaxing)
 .debug_str     0x000000000000a557       0x49 ./Src/main.o
                                       0xa2fc (size before relaxing)
 .debug_str     0x000000000000a5a0       0x31 ./Startup/startup_stm32f103c6tx.o
                                         0xbe (size before relaxing)

.comment        0x0000000000000000       0x50
 .comment       0x0000000000000000       0x50 ./STM32F103C6T6_Driver/LCD.o
                                         0x51 (size before relaxing)
 .comment       0x0000000000000050       0x51 ./STM32F103C6T6_Driver/STM32F103C6T6_EXTI_Driver.o
 .comment       0x0000000000000050       0x51 ./STM32F103C6T6_Driver/STM32F103C6T6_GPIO_Driver.o
 .comment       0x0000000000000050       0x51 ./Src/main.o

.debug_frame    0x0000000000000000      0x534
 .debug_frame   0x0000000000000000      0x174 ./STM32F103C6T6_Driver/LCD.o
 .debug_frame   0x0000000000000174      0x190 ./STM32F103C6T6_Driver/STM32F103C6T6_EXTI_Driver.o
 .debug_frame   0x0000000000000304      0x178 ./STM32F103C6T6_Driver/STM32F103C6T6_GPIO_Driver.o
 .debug_frame   0x000000000000047c       0x8c ./Src/main.o
 .debug_frame   0x0000000000000508       0x2c c:/st/stm32cubeide_1.11.2/stm32cubeide/plugins/com.st.stm32cube.ide.mcu.externaltools.gnu-tools-for-stm32.10.3-2021.10.win32_1.0.100.202210260954/tools/bin/../lib/gcc/arm-none-eabi/10.3.1/../../../../arm-none-eabi/lib/thumb/v7-m/nofp\libc_nano.a(lib_a-init.o)
