Archive member included to satisfy reference by file (symbol)

c:/st/stm32cubeide_1.11.2/stm32cubeide/plugins/com.st.stm32cube.ide.mcu.externaltools.gnu-tools-for-stm32.10.3-2021.10.win32_1.0.100.202210260954/tools/bin/../lib/gcc/arm-none-eabi/10.3.1/../../../../arm-none-eabi/lib/thumb/v7-m/nofp\libc_nano.a(lib_a-errno.o)
                              ./Src/syscalls.o (__errno)
c:/st/stm32cubeide_1.11.2/stm32cubeide/plugins/com.st.stm32cube.ide.mcu.externaltools.gnu-tools-for-stm32.10.3-2021.10.win32_1.0.100.202210260954/tools/bin/../lib/gcc/arm-none-eabi/10.3.1/../../../../arm-none-eabi/lib/thumb/v7-m/nofp\libc_nano.a(lib_a-exit.o)
                              c:/st/stm32cubeide_1.11.2/stm32cubeide/plugins/com.st.stm32cube.ide.mcu.externaltools.gnu-tools-for-stm32.10.3-2021.10.win32_1.0.100.202210260954/tools/bin/../lib/gcc/arm-none-eabi/10.3.1/../../../../arm-none-eabi/lib/thumb/v7-m/nofp/crt0.o (exit)
c:/st/stm32cubeide_1.11.2/stm32cubeide/plugins/com.st.stm32cube.ide.mcu.externaltools.gnu-tools-for-stm32.10.3-2021.10.win32_1.0.100.202210260954/tools/bin/../lib/gcc/arm-none-eabi/10.3.1/../../../../arm-none-eabi/lib/thumb/v7-m/nofp\libc_nano.a(lib_a-impure.o)
                              c:/st/stm32cubeide_1.11.2/stm32cubeide/plugins/com.st.stm32cube.ide.mcu.externaltools.gnu-tools-for-stm32.10.3-2021.10.win32_1.0.100.202210260954/tools/bin/../lib/gcc/arm-none-eabi/10.3.1/../../../../arm-none-eabi/lib/thumb/v7-m/nofp\libc_nano.a(lib_a-exit.o) (_global_impure_ptr)
c:/st/stm32cubeide_1.11.2/stm32cubeide/plugins/com.st.stm32cube.ide.mcu.externaltools.gnu-tools-for-stm32.10.3-2021.10.win32_1.0.100.202210260954/tools/bin/../lib/gcc/arm-none-eabi/10.3.1/../../../../arm-none-eabi/lib/thumb/v7-m/nofp\libc_nano.a(lib_a-init.o)
                              c:/st/stm32cubeide_1.11.2/stm32cubeide/plugins/com.st.stm32cube.ide.mcu.externaltools.gnu-tools-for-stm32.10.3-2021.10.win32_1.0.100.202210260954/tools/bin/../lib/gcc/arm-none-eabi/10.3.1/../../../../arm-none-eabi/lib/thumb/v7-m/nofp/crt0.o (__libc_init_array)
c:/st/stm32cubeide_1.11.2/stm32cubeide/plugins/com.st.stm32cube.ide.mcu.externaltools.gnu-tools-for-stm32.10.3-2021.10.win32_1.0.100.202210260954/tools/bin/../lib/gcc/arm-none-eabi/10.3.1/../../../../arm-none-eabi/lib/thumb/v7-m/nofp\libc_nano.a(lib_a-memset.o)
                              c:/st/stm32cubeide_1.11.2/stm32cubeide/plugins/com.st.stm32cube.ide.mcu.externaltools.gnu-tools-for-stm32.10.3-2021.10.win32_1.0.100.202210260954/tools/bin/../lib/gcc/arm-none-eabi/10.3.1/../../../../arm-none-eabi/lib/thumb/v7-m/nofp/crt0.o (memset)

Discarded input sections

 .text          0x0000000000000000        0x0 c:/st/stm32cubeide_1.11.2/stm32cubeide/plugins/com.st.stm32cube.ide.mcu.externaltools.gnu-tools-for-stm32.10.3-2021.10.win32_1.0.100.202210260954/tools/bin/../lib/gcc/arm-none-eabi/10.3.1/thumb/v7-m/nofp/crti.o
 .data          0x0000000000000000        0x0 c:/st/stm32cubeide_1.11.2/stm32cubeide/plugins/com.st.stm32cube.ide.mcu.externaltools.gnu-tools-for-stm32.10.3-2021.10.win32_1.0.100.202210260954/tools/bin/../lib/gcc/arm-none-eabi/10.3.1/thumb/v7-m/nofp/crti.o
 .bss           0x0000000000000000        0x0 c:/st/stm32cubeide_1.11.2/stm32cubeide/plugins/com.st.stm32cube.ide.mcu.externaltools.gnu-tools-for-stm32.10.3-2021.10.win32_1.0.100.202210260954/tools/bin/../lib/gcc/arm-none-eabi/10.3.1/thumb/v7-m/nofp/crti.o
 .data          0x0000000000000000        0x4 c:/st/stm32cubeide_1.11.2/stm32cubeide/plugins/com.st.stm32cube.ide.mcu.externaltools.gnu-tools-for-stm32.10.3-2021.10.win32_1.0.100.202210260954/tools/bin/../lib/gcc/arm-none-eabi/10.3.1/thumb/v7-m/nofp/crtbegin.o
 .rodata        0x0000000000000000       0x24 c:/st/stm32cubeide_1.11.2/stm32cubeide/plugins/com.st.stm32cube.ide.mcu.externaltools.gnu-tools-for-stm32.10.3-2021.10.win32_1.0.100.202210260954/tools/bin/../lib/gcc/arm-none-eabi/10.3.1/thumb/v7-m/nofp/crtbegin.o
 .text          0x0000000000000000       0x7c c:/st/stm32cubeide_1.11.2/stm32cubeide/plugins/com.st.stm32cube.ide.mcu.externaltools.gnu-tools-for-stm32.10.3-2021.10.win32_1.0.100.202210260954/tools/bin/../lib/gcc/arm-none-eabi/10.3.1/../../../../arm-none-eabi/lib/thumb/v7-m/nofp/crt0.o
 .data          0x0000000000000000        0x0 c:/st/stm32cubeide_1.11.2/stm32cubeide/plugins/com.st.stm32cube.ide.mcu.externaltools.gnu-tools-for-stm32.10.3-2021.10.win32_1.0.100.202210260954/tools/bin/../lib/gcc/arm-none-eabi/10.3.1/../../../../arm-none-eabi/lib/thumb/v7-m/nofp/crt0.o
 .bss           0x0000000000000000        0x0 c:/st/stm32cubeide_1.11.2/stm32cubeide/plugins/com.st.stm32cube.ide.mcu.externaltools.gnu-tools-for-stm32.10.3-2021.10.win32_1.0.100.202210260954/tools/bin/../lib/gcc/arm-none-eabi/10.3.1/../../../../arm-none-eabi/lib/thumb/v7-m/nofp/crt0.o
 .ARM.extab     0x0000000000000000        0x0 c:/st/stm32cubeide_1.11.2/stm32cubeide/plugins/com.st.stm32cube.ide.mcu.externaltools.gnu-tools-for-stm32.10.3-2021.10.win32_1.0.100.202210260954/tools/bin/../lib/gcc/arm-none-eabi/10.3.1/../../../../arm-none-eabi/lib/thumb/v7-m/nofp/crt0.o
 .ARM.exidx     0x0000000000000000       0x10 c:/st/stm32cubeide_1.11.2/stm32cubeide/plugins/com.st.stm32cube.ide.mcu.externaltools.gnu-tools-for-stm32.10.3-2021.10.win32_1.0.100.202210260954/tools/bin/../lib/gcc/arm-none-eabi/10.3.1/../../../../arm-none-eabi/lib/thumb/v7-m/nofp/crt0.o
 .ARM.attributes
                0x0000000000000000       0x1b c:/st/stm32cubeide_1.11.2/stm32cubeide/plugins/com.st.stm32cube.ide.mcu.externaltools.gnu-tools-for-stm32.10.3-2021.10.win32_1.0.100.202210260954/tools/bin/../lib/gcc/arm-none-eabi/10.3.1/../../../../arm-none-eabi/lib/thumb/v7-m/nofp/crt0.o
 .group         0x0000000000000000        0xc ./STM32F103xx_Drivers/STM32F103C6T6_EXTI_Driver.o
 .group         0x0000000000000000        0xc ./STM32F103xx_Drivers/STM32F103C6T6_EXTI_Driver.o
 .group         0x0000000000000000        0xc ./STM32F103xx_Drivers/STM32F103C6T6_EXTI_Driver.o
 .group         0x0000000000000000        0xc ./STM32F103xx_Drivers/STM32F103C6T6_EXTI_Driver.o
 .group         0x0000000000000000        0xc ./STM32F103xx_Drivers/STM32F103C6T6_EXTI_Driver.o
 .group         0x0000000000000000        0xc ./STM32F103xx_Drivers/STM32F103C6T6_EXTI_Driver.o
 .group         0x0000000000000000        0xc ./STM32F103xx_Drivers/STM32F103C6T6_EXTI_Driver.o
 .group         0x0000000000000000        0xc ./STM32F103xx_Drivers/STM32F103C6T6_EXTI_Driver.o
 .group         0x0000000000000000        0xc ./STM32F103xx_Drivers/STM32F103C6T6_EXTI_Driver.o
 .group         0x0000000000000000        0xc ./STM32F103xx_Drivers/STM32F103C6T6_EXTI_Driver.o
 .group         0x0000000000000000        0xc ./STM32F103xx_Drivers/STM32F103C6T6_EXTI_Driver.o
 .group         0x0000000000000000        0xc ./STM32F103xx_Drivers/STM32F103C6T6_EXTI_Driver.o
 .group         0x0000000000000000        0xc ./STM32F103xx_Drivers/STM32F103C6T6_EXTI_Driver.o
 .group         0x0000000000000000        0xc ./STM32F103xx_Drivers/STM32F103C6T6_EXTI_Driver.o
 .group         0x0000000000000000        0xc ./STM32F103xx_Drivers/STM32F103C6T6_EXTI_Driver.o
 .group         0x0000000000000000        0xc ./STM32F103xx_Drivers/STM32F103C6T6_EXTI_Driver.o
 .group         0x0000000000000000        0xc ./STM32F103xx_Drivers/STM32F103C6T6_EXTI_Driver.o
 .group         0x0000000000000000        0xc ./STM32F103xx_Drivers/STM32F103C6T6_EXTI_Driver.o
 .group         0x0000000000000000        0xc ./STM32F103xx_Drivers/STM32F103C6T6_EXTI_Driver.o
 .group         0x0000000000000000        0xc ./STM32F103xx_Drivers/STM32F103C6T6_EXTI_Driver.o
 .group         0x0000000000000000        0xc ./STM32F103xx_Drivers/STM32F103C6T6_EXTI_Driver.o
 .group         0x0000000000000000        0xc ./STM32F103xx_Drivers/STM32F103C6T6_EXTI_Driver.o
 .group         0x0000000000000000        0xc ./STM32F103xx_Drivers/STM32F103C6T6_EXTI_Driver.o
 .group         0x0000000000000000        0xc ./STM32F103xx_Drivers/STM32F103C6T6_EXTI_Driver.o
 .group         0x0000000000000000        0xc ./STM32F103xx_Drivers/STM32F103C6T6_EXTI_Driver.o
 .group         0x0000000000000000        0xc ./STM32F103xx_Drivers/STM32F103C6T6_EXTI_Driver.o
 .group         0x0000000000000000        0xc ./STM32F103xx_Drivers/STM32F103C6T6_EXTI_Driver.o
 .group         0x0000000000000000        0xc ./STM32F103xx_Drivers/STM32F103C6T6_EXTI_Driver.o
 .text          0x0000000000000000        0x0 ./STM32F103xx_Drivers/STM32F103C6T6_EXTI_Driver.o
 .data          0x0000000000000000        0x0 ./STM32F103xx_Drivers/STM32F103C6T6_EXTI_Driver.o
 .bss           0x0000000000000000        0x0 ./STM32F103xx_Drivers/STM32F103C6T6_EXTI_Driver.o
 .text.get_EXTICR_Number
                0x0000000000000000       0x34 ./STM32F103xx_Drivers/STM32F103C6T6_EXTI_Driver.o
 .text.get_EXTICR_OFFSET
                0x0000000000000000       0x86 ./STM32F103xx_Drivers/STM32F103C6T6_EXTI_Driver.o
 .text.MCAL_EXTI_GPIO_Init
                0x0000000000000000      0x244 ./STM32F103xx_Drivers/STM32F103C6T6_EXTI_Driver.o
 .text.MCAL_EXTI_GPIO_DeInit
                0x0000000000000000       0x94 ./STM32F103xx_Drivers/STM32F103C6T6_EXTI_Driver.o
 .text.MCAL_EXTI_GPIO_Update
                0x0000000000000000       0x16 ./STM32F103xx_Drivers/STM32F103C6T6_EXTI_Driver.o
 .group         0x0000000000000000        0xc ./STM32F103xx_Drivers/STM32F103C6T6_GPIO_Driver.o
 .group         0x0000000000000000        0xc ./STM32F103xx_Drivers/STM32F103C6T6_GPIO_Driver.o
 .group         0x0000000000000000        0xc ./STM32F103xx_Drivers/STM32F103C6T6_GPIO_Driver.o
 .group         0x0000000000000000        0xc ./STM32F103xx_Drivers/STM32F103C6T6_GPIO_Driver.o
 .group         0x0000000000000000        0xc ./STM32F103xx_Drivers/STM32F103C6T6_GPIO_Driver.o
 .group         0x0000000000000000        0xc ./STM32F103xx_Drivers/STM32F103C6T6_GPIO_Driver.o
 .group         0x0000000000000000        0xc ./STM32F103xx_Drivers/STM32F103C6T6_GPIO_Driver.o
 .group         0x0000000000000000        0xc ./STM32F103xx_Drivers/STM32F103C6T6_GPIO_Driver.o
 .group         0x0000000000000000        0xc ./STM32F103xx_Drivers/STM32F103C6T6_GPIO_Driver.o
 .group         0x0000000000000000        0xc ./STM32F103xx_Drivers/STM32F103C6T6_GPIO_Driver.o
 .group         0x0000000000000000        0xc ./STM32F103xx_Drivers/STM32F103C6T6_GPIO_Driver.o
 .group         0x0000000000000000        0xc ./STM32F103xx_Drivers/STM32F103C6T6_GPIO_Driver.o
 .group         0x0000000000000000        0xc ./STM32F103xx_Drivers/STM32F103C6T6_GPIO_Driver.o
 .group         0x0000000000000000        0xc ./STM32F103xx_Drivers/STM32F103C6T6_GPIO_Driver.o
 .group         0x0000000000000000        0xc ./STM32F103xx_Drivers/STM32F103C6T6_GPIO_Driver.o
 .group         0x0000000000000000        0xc ./STM32F103xx_Drivers/STM32F103C6T6_GPIO_Driver.o
 .group         0x0000000000000000        0xc ./STM32F103xx_Drivers/STM32F103C6T6_GPIO_Driver.o
 .group         0x0000000000000000        0xc ./STM32F103xx_Drivers/STM32F103C6T6_GPIO_Driver.o
 .group         0x0000000000000000        0xc ./STM32F103xx_Drivers/STM32F103C6T6_GPIO_Driver.o
 .group         0x0000000000000000        0xc ./STM32F103xx_Drivers/STM32F103C6T6_GPIO_Driver.o
 .group         0x0000000000000000        0xc ./STM32F103xx_Drivers/STM32F103C6T6_GPIO_Driver.o
 .group         0x0000000000000000        0xc ./STM32F103xx_Drivers/STM32F103C6T6_GPIO_Driver.o
 .group         0x0000000000000000        0xc ./STM32F103xx_Drivers/STM32F103C6T6_GPIO_Driver.o
 .group         0x0000000000000000        0xc ./STM32F103xx_Drivers/STM32F103C6T6_GPIO_Driver.o
 .group         0x0000000000000000        0xc ./STM32F103xx_Drivers/STM32F103C6T6_GPIO_Driver.o
 .group         0x0000000000000000        0xc ./STM32F103xx_Drivers/STM32F103C6T6_GPIO_Driver.o
 .group         0x0000000000000000        0xc ./STM32F103xx_Drivers/STM32F103C6T6_GPIO_Driver.o
 .text          0x0000000000000000        0x0 ./STM32F103xx_Drivers/STM32F103C6T6_GPIO_Driver.o
 .data          0x0000000000000000        0x0 ./STM32F103xx_Drivers/STM32F103C6T6_GPIO_Driver.o
 .bss           0x0000000000000000        0x0 ./STM32F103xx_Drivers/STM32F103C6T6_GPIO_Driver.o
 .text.MCAL_GPIO_DeInit
                0x0000000000000000       0xc8 ./STM32F103xx_Drivers/STM32F103C6T6_GPIO_Driver.o
 .text.MCAL_GPIO_ReadPin
                0x0000000000000000       0x2e ./STM32F103xx_Drivers/STM32F103C6T6_GPIO_Driver.o
 .text.MCAL_GPIO_ReadPort
                0x0000000000000000       0x1e ./STM32F103xx_Drivers/STM32F103C6T6_GPIO_Driver.o
 .text.MCAL_GPIO_WritePin
                0x0000000000000000       0x40 ./STM32F103xx_Drivers/STM32F103C6T6_GPIO_Driver.o
 .text.MCAL_GPIO_WritePort
                0x0000000000000000       0x1c ./STM32F103xx_Drivers/STM32F103C6T6_GPIO_Driver.o
 .text.MCAL_GPIO_TogglePin
                0x0000000000000000       0x22 ./STM32F103xx_Drivers/STM32F103C6T6_GPIO_Driver.o
 .text.MCAL_GPIO_LockPin
                0x0000000000000000       0x66 ./STM32F103xx_Drivers/STM32F103C6T6_GPIO_Driver.o
 .debug_macro   0x0000000000000000      0xa72 ./STM32F103xx_Drivers/STM32F103C6T6_GPIO_Driver.o
 .debug_macro   0x0000000000000000       0x18 ./STM32F103xx_Drivers/STM32F103C6T6_GPIO_Driver.o
 .debug_macro   0x0000000000000000       0x22 ./STM32F103xx_Drivers/STM32F103C6T6_GPIO_Driver.o
 .debug_macro   0x0000000000000000       0x4c ./STM32F103xx_Drivers/STM32F103C6T6_GPIO_Driver.o
 .debug_macro   0x0000000000000000       0x94 ./STM32F103xx_Drivers/STM32F103C6T6_GPIO_Driver.o
 .debug_macro   0x0000000000000000       0x3c ./STM32F103xx_Drivers/STM32F103C6T6_GPIO_Driver.o
 .debug_macro   0x0000000000000000       0x34 ./STM32F103xx_Drivers/STM32F103C6T6_GPIO_Driver.o
 .debug_macro   0x0000000000000000       0x16 ./STM32F103xx_Drivers/STM32F103C6T6_GPIO_Driver.o
 .debug_macro   0x0000000000000000      0x10e ./STM32F103xx_Drivers/STM32F103C6T6_GPIO_Driver.o
 .debug_macro   0x0000000000000000       0x8d ./STM32F103xx_Drivers/STM32F103C6T6_GPIO_Driver.o
 .debug_macro   0x0000000000000000       0x16 ./STM32F103xx_Drivers/STM32F103C6T6_GPIO_Driver.o
 .debug_macro   0x0000000000000000       0x43 ./STM32F103xx_Drivers/STM32F103C6T6_GPIO_Driver.o
 .debug_macro   0x0000000000000000       0x57 ./STM32F103xx_Drivers/STM32F103C6T6_GPIO_Driver.o
 .debug_macro   0x0000000000000000       0x34 ./STM32F103xx_Drivers/STM32F103C6T6_GPIO_Driver.o
 .debug_macro   0x0000000000000000       0x10 ./STM32F103xx_Drivers/STM32F103C6T6_GPIO_Driver.o
 .debug_macro   0x0000000000000000       0x58 ./STM32F103xx_Drivers/STM32F103C6T6_GPIO_Driver.o
 .debug_macro   0x0000000000000000       0x71 ./STM32F103xx_Drivers/STM32F103C6T6_GPIO_Driver.o
 .debug_macro   0x0000000000000000       0x1c ./STM32F103xx_Drivers/STM32F103C6T6_GPIO_Driver.o
 .debug_macro   0x0000000000000000      0x12a ./STM32F103xx_Drivers/STM32F103C6T6_GPIO_Driver.o
 .debug_macro   0x0000000000000000      0x341 ./STM32F103xx_Drivers/STM32F103C6T6_GPIO_Driver.o
 .debug_macro   0x0000000000000000       0x16 ./STM32F103xx_Drivers/STM32F103C6T6_GPIO_Driver.o
 .debug_macro   0x0000000000000000       0x29 ./STM32F103xx_Drivers/STM32F103C6T6_GPIO_Driver.o
 .debug_macro   0x0000000000000000      0x103 ./STM32F103xx_Drivers/STM32F103C6T6_GPIO_Driver.o
 .debug_macro   0x0000000000000000       0x6a ./STM32F103xx_Drivers/STM32F103C6T6_GPIO_Driver.o
 .debug_macro   0x0000000000000000      0x1df ./STM32F103xx_Drivers/STM32F103C6T6_GPIO_Driver.o
 .debug_macro   0x0000000000000000      0x2d2 ./STM32F103xx_Drivers/STM32F103C6T6_GPIO_Driver.o
 .group         0x0000000000000000        0xc ./STM32F103xx_Drivers/STM32F103C6T6_RCC_Driver.o
 .group         0x0000000000000000        0xc ./STM32F103xx_Drivers/STM32F103C6T6_RCC_Driver.o
 .group         0x0000000000000000        0xc ./STM32F103xx_Drivers/STM32F103C6T6_RCC_Driver.o
 .group         0x0000000000000000        0xc ./STM32F103xx_Drivers/STM32F103C6T6_RCC_Driver.o
 .group         0x0000000000000000        0xc ./STM32F103xx_Drivers/STM32F103C6T6_RCC_Driver.o
 .group         0x0000000000000000        0xc ./STM32F103xx_Drivers/STM32F103C6T6_RCC_Driver.o
 .group         0x0000000000000000        0xc ./STM32F103xx_Drivers/STM32F103C6T6_RCC_Driver.o
 .group         0x0000000000000000        0xc ./STM32F103xx_Drivers/STM32F103C6T6_RCC_Driver.o
 .group         0x0000000000000000        0xc ./STM32F103xx_Drivers/STM32F103C6T6_RCC_Driver.o
 .group         0x0000000000000000        0xc ./STM32F103xx_Drivers/STM32F103C6T6_RCC_Driver.o
 .group         0x0000000000000000        0xc ./STM32F103xx_Drivers/STM32F103C6T6_RCC_Driver.o
 .group         0x0000000000000000        0xc ./STM32F103xx_Drivers/STM32F103C6T6_RCC_Driver.o
 .group         0x0000000000000000        0xc ./STM32F103xx_Drivers/STM32F103C6T6_RCC_Driver.o
 .group         0x0000000000000000        0xc ./STM32F103xx_Drivers/STM32F103C6T6_RCC_Driver.o
 .group         0x0000000000000000        0xc ./STM32F103xx_Drivers/STM32F103C6T6_RCC_Driver.o
 .group         0x0000000000000000        0xc ./STM32F103xx_Drivers/STM32F103C6T6_RCC_Driver.o
 .group         0x0000000000000000        0xc ./STM32F103xx_Drivers/STM32F103C6T6_RCC_Driver.o
 .group         0x0000000000000000        0xc ./STM32F103xx_Drivers/STM32F103C6T6_RCC_Driver.o
 .group         0x0000000000000000        0xc ./STM32F103xx_Drivers/STM32F103C6T6_RCC_Driver.o
 .group         0x0000000000000000        0xc ./STM32F103xx_Drivers/STM32F103C6T6_RCC_Driver.o
 .group         0x0000000000000000        0xc ./STM32F103xx_Drivers/STM32F103C6T6_RCC_Driver.o
 .group         0x0000000000000000        0xc ./STM32F103xx_Drivers/STM32F103C6T6_RCC_Driver.o
 .group         0x0000000000000000        0xc ./STM32F103xx_Drivers/STM32F103C6T6_RCC_Driver.o
 .group         0x0000000000000000        0xc ./STM32F103xx_Drivers/STM32F103C6T6_RCC_Driver.o
 .group         0x0000000000000000        0xc ./STM32F103xx_Drivers/STM32F103C6T6_RCC_Driver.o
 .group         0x0000000000000000        0xc ./STM32F103xx_Drivers/STM32F103C6T6_RCC_Driver.o
 .text          0x0000000000000000        0x0 ./STM32F103xx_Drivers/STM32F103C6T6_RCC_Driver.o
 .data          0x0000000000000000        0x0 ./STM32F103xx_Drivers/STM32F103C6T6_RCC_Driver.o
 .bss           0x0000000000000000        0x0 ./STM32F103xx_Drivers/STM32F103C6T6_RCC_Driver.o
 .debug_macro   0x0000000000000000      0xa72 ./STM32F103xx_Drivers/STM32F103C6T6_RCC_Driver.o
 .debug_macro   0x0000000000000000       0x18 ./STM32F103xx_Drivers/STM32F103C6T6_RCC_Driver.o
 .debug_macro   0x0000000000000000       0x22 ./STM32F103xx_Drivers/STM32F103C6T6_RCC_Driver.o
 .debug_macro   0x0000000000000000       0x4c ./STM32F103xx_Drivers/STM32F103C6T6_RCC_Driver.o
 .debug_macro   0x0000000000000000       0x94 ./STM32F103xx_Drivers/STM32F103C6T6_RCC_Driver.o
 .debug_macro   0x0000000000000000       0x3c ./STM32F103xx_Drivers/STM32F103C6T6_RCC_Driver.o
 .debug_macro   0x0000000000000000       0x34 ./STM32F103xx_Drivers/STM32F103C6T6_RCC_Driver.o
 .debug_macro   0x0000000000000000       0x16 ./STM32F103xx_Drivers/STM32F103C6T6_RCC_Driver.o
 .debug_macro   0x0000000000000000      0x10e ./STM32F103xx_Drivers/STM32F103C6T6_RCC_Driver.o
 .debug_macro   0x0000000000000000       0x8d ./STM32F103xx_Drivers/STM32F103C6T6_RCC_Driver.o
 .debug_macro   0x0000000000000000       0x16 ./STM32F103xx_Drivers/STM32F103C6T6_RCC_Driver.o
 .debug_macro   0x0000000000000000       0x43 ./STM32F103xx_Drivers/STM32F103C6T6_RCC_Driver.o
 .debug_macro   0x0000000000000000       0x57 ./STM32F103xx_Drivers/STM32F103C6T6_RCC_Driver.o
 .debug_macro   0x0000000000000000       0x34 ./STM32F103xx_Drivers/STM32F103C6T6_RCC_Driver.o
 .debug_macro   0x0000000000000000       0x10 ./STM32F103xx_Drivers/STM32F103C6T6_RCC_Driver.o
 .debug_macro   0x0000000000000000       0x58 ./STM32F103xx_Drivers/STM32F103C6T6_RCC_Driver.o
 .debug_macro   0x0000000000000000       0x71 ./STM32F103xx_Drivers/STM32F103C6T6_RCC_Driver.o
 .debug_macro   0x0000000000000000       0x1c ./STM32F103xx_Drivers/STM32F103C6T6_RCC_Driver.o
 .debug_macro   0x0000000000000000      0x12a ./STM32F103xx_Drivers/STM32F103C6T6_RCC_Driver.o
 .debug_macro   0x0000000000000000      0x341 ./STM32F103xx_Drivers/STM32F103C6T6_RCC_Driver.o
 .debug_macro   0x0000000000000000       0x16 ./STM32F103xx_Drivers/STM32F103C6T6_RCC_Driver.o
 .debug_macro   0x0000000000000000       0x29 ./STM32F103xx_Drivers/STM32F103C6T6_RCC_Driver.o
 .debug_macro   0x0000000000000000      0x103 ./STM32F103xx_Drivers/STM32F103C6T6_RCC_Driver.o
 .debug_macro   0x0000000000000000       0x6a ./STM32F103xx_Drivers/STM32F103C6T6_RCC_Driver.o
 .debug_macro   0x0000000000000000      0x1df ./STM32F103xx_Drivers/STM32F103C6T6_RCC_Driver.o
 .debug_macro   0x0000000000000000      0x2d2 ./STM32F103xx_Drivers/STM32F103C6T6_RCC_Driver.o
 .group         0x0000000000000000        0xc ./STM32F103xx_Drivers/STM32F103C6T6_UART_Driver.o
 .group         0x0000000000000000        0xc ./STM32F103xx_Drivers/STM32F103C6T6_UART_Driver.o
 .group         0x0000000000000000        0xc ./STM32F103xx_Drivers/STM32F103C6T6_UART_Driver.o
 .group         0x0000000000000000        0xc ./STM32F103xx_Drivers/STM32F103C6T6_UART_Driver.o
 .group         0x0000000000000000        0xc ./STM32F103xx_Drivers/STM32F103C6T6_UART_Driver.o
 .group         0x0000000000000000        0xc ./STM32F103xx_Drivers/STM32F103C6T6_UART_Driver.o
 .group         0x0000000000000000        0xc ./STM32F103xx_Drivers/STM32F103C6T6_UART_Driver.o
 .group         0x0000000000000000        0xc ./STM32F103xx_Drivers/STM32F103C6T6_UART_Driver.o
 .group         0x0000000000000000        0xc ./STM32F103xx_Drivers/STM32F103C6T6_UART_Driver.o
 .group         0x0000000000000000        0xc ./STM32F103xx_Drivers/STM32F103C6T6_UART_Driver.o
 .group         0x0000000000000000        0xc ./STM32F103xx_Drivers/STM32F103C6T6_UART_Driver.o
 .group         0x0000000000000000        0xc ./STM32F103xx_Drivers/STM32F103C6T6_UART_Driver.o
 .group         0x0000000000000000        0xc ./STM32F103xx_Drivers/STM32F103C6T6_UART_Driver.o
 .group         0x0000000000000000        0xc ./STM32F103xx_Drivers/STM32F103C6T6_UART_Driver.o
 .group         0x0000000000000000        0xc ./STM32F103xx_Drivers/STM32F103C6T6_UART_Driver.o
 .group         0x0000000000000000        0xc ./STM32F103xx_Drivers/STM32F103C6T6_UART_Driver.o
 .group         0x0000000000000000        0xc ./STM32F103xx_Drivers/STM32F103C6T6_UART_Driver.o
 .group         0x0000000000000000        0xc ./STM32F103xx_Drivers/STM32F103C6T6_UART_Driver.o
 .group         0x0000000000000000        0xc ./STM32F103xx_Drivers/STM32F103C6T6_UART_Driver.o
 .group         0x0000000000000000        0xc ./STM32F103xx_Drivers/STM32F103C6T6_UART_Driver.o
 .group         0x0000000000000000        0xc ./STM32F103xx_Drivers/STM32F103C6T6_UART_Driver.o
 .group         0x0000000000000000        0xc ./STM32F103xx_Drivers/STM32F103C6T6_UART_Driver.o
 .group         0x0000000000000000        0xc ./STM32F103xx_Drivers/STM32F103C6T6_UART_Driver.o
 .group         0x0000000000000000        0xc ./STM32F103xx_Drivers/STM32F103C6T6_UART_Driver.o
 .group         0x0000000000000000        0xc ./STM32F103xx_Drivers/STM32F103C6T6_UART_Driver.o
 .group         0x0000000000000000        0xc ./STM32F103xx_Drivers/STM32F103C6T6_UART_Driver.o
 .group         0x0000000000000000        0xc ./STM32F103xx_Drivers/STM32F103C6T6_UART_Driver.o
 .group         0x0000000000000000        0xc ./STM32F103xx_Drivers/STM32F103C6T6_UART_Driver.o
 .group         0x0000000000000000        0xc ./STM32F103xx_Drivers/STM32F103C6T6_UART_Driver.o
 .text          0x0000000000000000        0x0 ./STM32F103xx_Drivers/STM32F103C6T6_UART_Driver.o
 .data          0x0000000000000000        0x0 ./STM32F103xx_Drivers/STM32F103C6T6_UART_Driver.o
 .bss           0x0000000000000000        0x0 ./STM32F103xx_Drivers/STM32F103C6T6_UART_Driver.o
 .text.MCAL_USART_DeInit
                0x0000000000000000       0x88 ./STM32F103xx_Drivers/STM32F103C6T6_UART_Driver.o
 .text.MCAL_USART_WAIT_TC
                0x0000000000000000       0x22 ./STM32F103xx_Drivers/STM32F103C6T6_UART_Driver.o
 .debug_macro   0x0000000000000000      0xa72 ./STM32F103xx_Drivers/STM32F103C6T6_UART_Driver.o
 .debug_macro   0x0000000000000000       0x18 ./STM32F103xx_Drivers/STM32F103C6T6_UART_Driver.o
 .debug_macro   0x0000000000000000       0x22 ./STM32F103xx_Drivers/STM32F103C6T6_UART_Driver.o
 .debug_macro   0x0000000000000000       0x4c ./STM32F103xx_Drivers/STM32F103C6T6_UART_Driver.o
 .debug_macro   0x0000000000000000       0x94 ./STM32F103xx_Drivers/STM32F103C6T6_UART_Driver.o
 .debug_macro   0x0000000000000000       0x3c ./STM32F103xx_Drivers/STM32F103C6T6_UART_Driver.o
 .debug_macro   0x0000000000000000       0x34 ./STM32F103xx_Drivers/STM32F103C6T6_UART_Driver.o
 .debug_macro   0x0000000000000000       0x16 ./STM32F103xx_Drivers/STM32F103C6T6_UART_Driver.o
 .debug_macro   0x0000000000000000      0x10e ./STM32F103xx_Drivers/STM32F103C6T6_UART_Driver.o
 .debug_macro   0x0000000000000000       0x8d ./STM32F103xx_Drivers/STM32F103C6T6_UART_Driver.o
 .debug_macro   0x0000000000000000       0x16 ./STM32F103xx_Drivers/STM32F103C6T6_UART_Driver.o
 .debug_macro   0x0000000000000000       0x43 ./STM32F103xx_Drivers/STM32F103C6T6_UART_Driver.o
 .debug_macro   0x0000000000000000       0x57 ./STM32F103xx_Drivers/STM32F103C6T6_UART_Driver.o
 .debug_macro   0x0000000000000000       0x34 ./STM32F103xx_Drivers/STM32F103C6T6_UART_Driver.o
 .debug_macro   0x0000000000000000       0x10 ./STM32F103xx_Drivers/STM32F103C6T6_UART_Driver.o
 .debug_macro   0x0000000000000000       0x58 ./STM32F103xx_Drivers/STM32F103C6T6_UART_Driver.o
 .debug_macro   0x0000000000000000       0x71 ./STM32F103xx_Drivers/STM32F103C6T6_UART_Driver.o
 .debug_macro   0x0000000000000000       0x1c ./STM32F103xx_Drivers/STM32F103C6T6_UART_Driver.o
 .debug_macro   0x0000000000000000      0x12a ./STM32F103xx_Drivers/STM32F103C6T6_UART_Driver.o
 .debug_macro   0x0000000000000000      0x341 ./STM32F103xx_Drivers/STM32F103C6T6_UART_Driver.o
 .debug_macro   0x0000000000000000       0x16 ./STM32F103xx_Drivers/STM32F103C6T6_UART_Driver.o
 .debug_macro   0x0000000000000000       0x29 ./STM32F103xx_Drivers/STM32F103C6T6_UART_Driver.o
 .debug_macro   0x0000000000000000      0x103 ./STM32F103xx_Drivers/STM32F103C6T6_UART_Driver.o
 .debug_macro   0x0000000000000000       0x6a ./STM32F103xx_Drivers/STM32F103C6T6_UART_Driver.o
 .debug_macro   0x0000000000000000      0x1df ./STM32F103xx_Drivers/STM32F103C6T6_UART_Driver.o
 .debug_macro   0x0000000000000000      0x2d2 ./STM32F103xx_Drivers/STM32F103C6T6_UART_Driver.o
 .debug_macro   0x0000000000000000       0xdc ./STM32F103xx_Drivers/STM32F103C6T6_UART_Driver.o
 .group         0x0000000000000000        0xc ./Src/main.o
 .group         0x0000000000000000        0xc ./Src/main.o
 .group         0x0000000000000000        0xc ./Src/main.o
 .group         0x0000000000000000        0xc ./Src/main.o
 .group         0x0000000000000000        0xc ./Src/main.o
 .group         0x0000000000000000        0xc ./Src/main.o
 .group         0x0000000000000000        0xc ./Src/main.o
 .group         0x0000000000000000        0xc ./Src/main.o
 .group         0x0000000000000000        0xc ./Src/main.o
 .group         0x0000000000000000        0xc ./Src/main.o
 .group         0x0000000000000000        0xc ./Src/main.o
 .group         0x0000000000000000        0xc ./Src/main.o
 .group         0x0000000000000000        0xc ./Src/main.o
 .group         0x0000000000000000        0xc ./Src/main.o
 .group         0x0000000000000000        0xc ./Src/main.o
 .group         0x0000000000000000        0xc ./Src/main.o
 .group         0x0000000000000000        0xc ./Src/main.o
 .group         0x0000000000000000        0xc ./Src/main.o
 .group         0x0000000000000000        0xc ./Src/main.o
 .group         0x0000000000000000        0xc ./Src/main.o
 .group         0x0000000000000000        0xc ./Src/main.o
 .group         0x0000000000000000        0xc ./Src/main.o
 .group         0x0000000000000000        0xc ./Src/main.o
 .group         0x0000000000000000        0xc ./Src/main.o
 .group         0x0000000000000000        0xc ./Src/main.o
 .group         0x0000000000000000        0xc ./Src/main.o
 .group         0x0000000000000000        0xc ./Src/main.o
 .group         0x0000000000000000        0xc ./Src/main.o
 .group         0x0000000000000000        0xc ./Src/main.o
 .text          0x0000000000000000        0x0 ./Src/main.o
 .data          0x0000000000000000        0x0 ./Src/main.o
 .bss           0x0000000000000000        0x0 ./Src/main.o
 .debug_macro   0x0000000000000000      0xa72 ./Src/main.o
 .debug_macro   0x0000000000000000       0x22 ./Src/main.o
 .debug_macro   0x0000000000000000      0x103 ./Src/main.o
 .debug_macro   0x0000000000000000       0x6a ./Src/main.o
 .debug_macro   0x0000000000000000      0x1df ./Src/main.o
 .debug_macro   0x0000000000000000       0x18 ./Src/main.o
 .debug_macro   0x0000000000000000       0x3c ./Src/main.o
 .debug_macro   0x0000000000000000       0x34 ./Src/main.o
 .debug_macro   0x0000000000000000       0x16 ./Src/main.o
 .debug_macro   0x0000000000000000      0x10e ./Src/main.o
 .debug_macro   0x0000000000000000       0x8d ./Src/main.o
 .debug_macro   0x0000000000000000       0x16 ./Src/main.o
 .debug_macro   0x0000000000000000       0x43 ./Src/main.o
 .debug_macro   0x0000000000000000       0x34 ./Src/main.o
 .debug_macro   0x0000000000000000       0x10 ./Src/main.o
 .debug_macro   0x0000000000000000       0x58 ./Src/main.o
 .debug_macro   0x0000000000000000       0x71 ./Src/main.o
 .debug_macro   0x0000000000000000       0x1c ./Src/main.o
 .debug_macro   0x0000000000000000      0x12a ./Src/main.o
 .debug_macro   0x0000000000000000      0x341 ./Src/main.o
 .debug_macro   0x0000000000000000       0x16 ./Src/main.o
 .debug_macro   0x0000000000000000       0x29 ./Src/main.o
 .debug_macro   0x0000000000000000      0x2d2 ./Src/main.o
 .debug_macro   0x0000000000000000       0xd6 ./Src/main.o
 .debug_macro   0x0000000000000000      0x1b1 ./Src/main.o
 .debug_macro   0x0000000000000000       0xda ./Src/main.o
 .group         0x0000000000000000        0xc ./Src/syscalls.o
 .group         0x0000000000000000        0xc ./Src/syscalls.o
 .group         0x0000000000000000        0xc ./Src/syscalls.o
 .group         0x0000000000000000        0xc ./Src/syscalls.o
 .group         0x0000000000000000        0xc ./Src/syscalls.o
 .group         0x0000000000000000        0xc ./Src/syscalls.o
 .group         0x0000000000000000        0xc ./Src/syscalls.o
 .group         0x0000000000000000        0xc ./Src/syscalls.o
 .group         0x0000000000000000        0xc ./Src/syscalls.o
 .group         0x0000000000000000        0xc ./Src/syscalls.o
 .group         0x0000000000000000        0xc ./Src/syscalls.o
 .group         0x0000000000000000        0xc ./Src/syscalls.o
 .group         0x0000000000000000        0xc ./Src/syscalls.o
 .group         0x0000000000000000        0xc ./Src/syscalls.o
 .group         0x0000000000000000        0xc ./Src/syscalls.o
 .group         0x0000000000000000        0xc ./Src/syscalls.o
 .group         0x0000000000000000        0xc ./Src/syscalls.o
 .group         0x0000000000000000        0xc ./Src/syscalls.o
 .group         0x0000000000000000        0xc ./Src/syscalls.o
 .group         0x0000000000000000        0xc ./Src/syscalls.o
 .group         0x0000000000000000        0xc ./Src/syscalls.o
 .group         0x0000000000000000        0xc ./Src/syscalls.o
 .group         0x0000000000000000        0xc ./Src/syscalls.o
 .group         0x0000000000000000        0xc ./Src/syscalls.o
 .group         0x0000000000000000        0xc ./Src/syscalls.o
 .group         0x0000000000000000        0xc ./Src/syscalls.o
 .group         0x0000000000000000        0xc ./Src/syscalls.o
 .group         0x0000000000000000        0xc ./Src/syscalls.o
 .group         0x0000000000000000        0xc ./Src/syscalls.o
 .group         0x0000000000000000        0xc ./Src/syscalls.o
 .group         0x0000000000000000        0xc ./Src/syscalls.o
 .group         0x0000000000000000        0xc ./Src/syscalls.o
 .group         0x0000000000000000        0xc ./Src/syscalls.o
 .group         0x0000000000000000        0xc ./Src/syscalls.o
 .group         0x0000000000000000        0xc ./Src/syscalls.o
 .group         0x0000000000000000        0xc ./Src/syscalls.o
 .group         0x0000000000000000        0xc ./Src/syscalls.o
 .group         0x0000000000000000        0xc ./Src/syscalls.o
 .group         0x0000000000000000        0xc ./Src/syscalls.o
 .group         0x0000000000000000        0xc ./Src/syscalls.o
 .group         0x0000000000000000        0xc ./Src/syscalls.o
 .group         0x0000000000000000        0xc ./Src/syscalls.o
 .group         0x0000000000000000        0xc ./Src/syscalls.o
 .group         0x0000000000000000        0xc ./Src/syscalls.o
 .group         0x0000000000000000        0xc ./Src/syscalls.o
 .group         0x0000000000000000        0xc ./Src/syscalls.o
 .group         0x0000000000000000        0xc ./Src/syscalls.o
 .text          0x0000000000000000        0x0 ./Src/syscalls.o
 .data          0x0000000000000000        0x0 ./Src/syscalls.o
 .bss           0x0000000000000000        0x0 ./Src/syscalls.o
 .bss.__env     0x0000000000000000        0x4 ./Src/syscalls.o
 .data.environ  0x0000000000000000        0x4 ./Src/syscalls.o
 .text.initialise_monitor_handles
                0x0000000000000000        0xc ./Src/syscalls.o
 .text._getpid  0x0000000000000000        0xe ./Src/syscalls.o
 .text._kill    0x0000000000000000       0x20 ./Src/syscalls.o
 .text._exit    0x0000000000000000       0x14 ./Src/syscalls.o
 .text._read    0x0000000000000000       0x3a ./Src/syscalls.o
 .text._write   0x0000000000000000       0x38 ./Src/syscalls.o
 .text._close   0x0000000000000000       0x16 ./Src/syscalls.o
 .text._fstat   0x0000000000000000       0x1e ./Src/syscalls.o
 .text._isatty  0x0000000000000000       0x14 ./Src/syscalls.o
 .text._lseek   0x0000000000000000       0x18 ./Src/syscalls.o
 .text._open    0x0000000000000000       0x1a ./Src/syscalls.o
 .text._wait    0x0000000000000000       0x1e ./Src/syscalls.o
 .text._unlink  0x0000000000000000       0x1e ./Src/syscalls.o
 .text._times   0x0000000000000000       0x16 ./Src/syscalls.o
 .text._stat    0x0000000000000000       0x1e ./Src/syscalls.o
 .text._link    0x0000000000000000       0x20 ./Src/syscalls.o
 .text._fork    0x0000000000000000       0x16 ./Src/syscalls.o
 .text._execve  0x0000000000000000       0x22 ./Src/syscalls.o
 .debug_info    0x0000000000000000      0x771 ./Src/syscalls.o
 .debug_abbrev  0x0000000000000000      0x1b5 ./Src/syscalls.o
 .debug_loc     0x0000000000000000      0x5b8 ./Src/syscalls.o
 .debug_aranges
                0x0000000000000000       0xa8 ./Src/syscalls.o
 .debug_ranges  0x0000000000000000       0x98 ./Src/syscalls.o
 .debug_macro   0x0000000000000000      0x24c ./Src/syscalls.o
 .debug_macro   0x0000000000000000      0xa72 ./Src/syscalls.o
 .debug_macro   0x0000000000000000       0x22 ./Src/syscalls.o
 .debug_macro   0x0000000000000000       0x4c ./Src/syscalls.o
 .debug_macro   0x0000000000000000       0x18 ./Src/syscalls.o
 .debug_macro   0x0000000000000000       0x94 ./Src/syscalls.o
 .debug_macro   0x0000000000000000       0x3c ./Src/syscalls.o
 .debug_macro   0x0000000000000000       0x34 ./Src/syscalls.o
 .debug_macro   0x0000000000000000       0x57 ./Src/syscalls.o
 .debug_macro   0x0000000000000000      0x174 ./Src/syscalls.o
 .debug_macro   0x0000000000000000      0x341 ./Src/syscalls.o
 .debug_macro   0x0000000000000000       0x16 ./Src/syscalls.o
 .debug_macro   0x0000000000000000       0x43 ./Src/syscalls.o
 .debug_macro   0x0000000000000000       0x34 ./Src/syscalls.o
 .debug_macro   0x0000000000000000       0x10 ./Src/syscalls.o
 .debug_macro   0x0000000000000000       0x58 ./Src/syscalls.o
 .debug_macro   0x0000000000000000       0x71 ./Src/syscalls.o
 .debug_macro   0x0000000000000000       0x1c ./Src/syscalls.o
 .debug_macro   0x0000000000000000      0x12a ./Src/syscalls.o
 .debug_macro   0x0000000000000000       0x10 ./Src/syscalls.o
 .debug_macro   0x0000000000000000       0x35 ./Src/syscalls.o
 .debug_macro   0x0000000000000000       0x10 ./Src/syscalls.o
 .debug_macro   0x0000000000000000       0x10 ./Src/syscalls.o
 .debug_macro   0x0000000000000000       0x10 ./Src/syscalls.o
 .debug_macro   0x0000000000000000       0x6a ./Src/syscalls.o
 .debug_macro   0x0000000000000000       0x1c ./Src/syscalls.o
 .debug_macro   0x0000000000000000       0x52 ./Src/syscalls.o
 .debug_macro   0x0000000000000000       0x22 ./Src/syscalls.o
 .debug_macro   0x0000000000000000       0x10 ./Src/syscalls.o
 .debug_macro   0x0000000000000000       0x52 ./Src/syscalls.o
 .debug_macro   0x0000000000000000       0xd5 ./Src/syscalls.o
 .debug_macro   0x0000000000000000       0x1c ./Src/syscalls.o
 .debug_macro   0x0000000000000000       0x3d ./Src/syscalls.o
 .debug_macro   0x0000000000000000       0x35 ./Src/syscalls.o
 .debug_macro   0x0000000000000000      0x12c ./Src/syscalls.o
 .debug_macro   0x0000000000000000       0x16 ./Src/syscalls.o
 .debug_macro   0x0000000000000000       0x16 ./Src/syscalls.o
 .debug_macro   0x0000000000000000       0x29 ./Src/syscalls.o
 .debug_macro   0x0000000000000000       0x10 ./Src/syscalls.o
 .debug_macro   0x0000000000000000      0x241 ./Src/syscalls.o
 .debug_macro   0x0000000000000000       0x1c ./Src/syscalls.o
 .debug_macro   0x0000000000000000       0x10 ./Src/syscalls.o
 .debug_macro   0x0000000000000000       0x10 ./Src/syscalls.o
 .debug_macro   0x0000000000000000       0x16 ./Src/syscalls.o
 .debug_macro   0x0000000000000000      0x145 ./Src/syscalls.o
 .debug_macro   0x0000000000000000      0x189 ./Src/syscalls.o
 .debug_macro   0x0000000000000000       0x16 ./Src/syscalls.o
 .debug_macro   0x0000000000000000       0xce ./Src/syscalls.o
 .debug_line    0x0000000000000000      0x7f9 ./Src/syscalls.o
 .debug_str     0x0000000000000000     0x8a83 ./Src/syscalls.o
 .comment       0x0000000000000000       0x51 ./Src/syscalls.o
 .debug_frame   0x0000000000000000      0x2ac ./Src/syscalls.o
 .ARM.attributes
                0x0000000000000000       0x2d ./Src/syscalls.o
 .group         0x0000000000000000        0xc ./Src/sysmem.o
 .group         0x0000000000000000        0xc ./Src/sysmem.o
 .group         0x0000000000000000        0xc ./Src/sysmem.o
 .group         0x0000000000000000        0xc ./Src/sysmem.o
 .group         0x0000000000000000        0xc ./Src/sysmem.o
 .group         0x0000000000000000        0xc ./Src/sysmem.o
 .group         0x0000000000000000        0xc ./Src/sysmem.o
 .group         0x0000000000000000        0xc ./Src/sysmem.o
 .group         0x0000000000000000        0xc ./Src/sysmem.o
 .group         0x0000000000000000        0xc ./Src/sysmem.o
 .group         0x0000000000000000        0xc ./Src/sysmem.o
 .group         0x0000000000000000        0xc ./Src/sysmem.o
 .group         0x0000000000000000        0xc ./Src/sysmem.o
 .group         0x0000000000000000        0xc ./Src/sysmem.o
 .group         0x0000000000000000        0xc ./Src/sysmem.o
 .group         0x0000000000000000        0xc ./Src/sysmem.o
 .group         0x0000000000000000        0xc ./Src/sysmem.o
 .group         0x0000000000000000        0xc ./Src/sysmem.o
 .group         0x0000000000000000        0xc ./Src/sysmem.o
 .group         0x0000000000000000        0xc ./Src/sysmem.o
 .group         0x0000000000000000        0xc ./Src/sysmem.o
 .group         0x0000000000000000        0xc ./Src/sysmem.o
 .text          0x0000000000000000        0x0 ./Src/sysmem.o
 .data          0x0000000000000000        0x0 ./Src/sysmem.o
 .bss           0x0000000000000000        0x0 ./Src/sysmem.o
 .bss.__sbrk_heap_end
                0x0000000000000000        0x4 ./Src/sysmem.o
 .text._sbrk    0x0000000000000000       0x6c ./Src/sysmem.o
 .debug_info    0x0000000000000000      0x183 ./Src/sysmem.o
 .debug_abbrev  0x0000000000000000       0xbd ./Src/sysmem.o
 .debug_loc     0x0000000000000000       0x50 ./Src/sysmem.o
 .debug_aranges
                0x0000000000000000       0x20 ./Src/sysmem.o
 .debug_ranges  0x0000000000000000       0x10 ./Src/sysmem.o
 .debug_macro   0x0000000000000000       0xff ./Src/sysmem.o
 .debug_macro   0x0000000000000000      0xa72 ./Src/sysmem.o
 .debug_macro   0x0000000000000000       0x10 ./Src/sysmem.o
 .debug_macro   0x0000000000000000       0x22 ./Src/sysmem.o
 .debug_macro   0x0000000000000000       0x4c ./Src/sysmem.o
 .debug_macro   0x0000000000000000       0x18 ./Src/sysmem.o
 .debug_macro   0x0000000000000000       0x94 ./Src/sysmem.o
 .debug_macro   0x0000000000000000       0x3c ./Src/sysmem.o
 .debug_macro   0x0000000000000000       0x34 ./Src/sysmem.o
 .debug_macro   0x0000000000000000      0x174 ./Src/sysmem.o
 .debug_macro   0x0000000000000000       0x16 ./Src/sysmem.o
 .debug_macro   0x0000000000000000       0x43 ./Src/sysmem.o
 .debug_macro   0x0000000000000000       0x57 ./Src/sysmem.o
 .debug_macro   0x0000000000000000       0x34 ./Src/sysmem.o
 .debug_macro   0x0000000000000000       0x10 ./Src/sysmem.o
 .debug_macro   0x0000000000000000       0x58 ./Src/sysmem.o
 .debug_macro   0x0000000000000000       0x71 ./Src/sysmem.o
 .debug_macro   0x0000000000000000       0x1c ./Src/sysmem.o
 .debug_macro   0x0000000000000000      0x12a ./Src/sysmem.o
 .debug_macro   0x0000000000000000      0x23b ./Src/sysmem.o
 .debug_macro   0x0000000000000000      0x103 ./Src/sysmem.o
 .debug_macro   0x0000000000000000       0x6a ./Src/sysmem.o
 .debug_macro   0x0000000000000000      0x1df ./Src/sysmem.o
 .debug_line    0x0000000000000000      0x4ef ./Src/sysmem.o
 .debug_str     0x0000000000000000     0x5dbf ./Src/sysmem.o
 .comment       0x0000000000000000       0x51 ./Src/sysmem.o
 .debug_frame   0x0000000000000000       0x34 ./Src/sysmem.o
 .ARM.attributes
                0x0000000000000000       0x2d ./Src/sysmem.o
 .text          0x0000000000000000       0x14 ./Startup/startup_stm32f103c6tx.o
 .data          0x0000000000000000        0x0 ./Startup/startup_stm32f103c6tx.o
 .bss           0x0000000000000000        0x0 ./Startup/startup_stm32f103c6tx.o
 .text          0x0000000000000000        0x0 c:/st/stm32cubeide_1.11.2/stm32cubeide/plugins/com.st.stm32cube.ide.mcu.externaltools.gnu-tools-for-stm32.10.3-2021.10.win32_1.0.100.202210260954/tools/bin/../lib/gcc/arm-none-eabi/10.3.1/../../../../arm-none-eabi/lib/thumb/v7-m/nofp\libc_nano.a(lib_a-errno.o)
 .data          0x0000000000000000        0x0 c:/st/stm32cubeide_1.11.2/stm32cubeide/plugins/com.st.stm32cube.ide.mcu.externaltools.gnu-tools-for-stm32.10.3-2021.10.win32_1.0.100.202210260954/tools/bin/../lib/gcc/arm-none-eabi/10.3.1/../../../../arm-none-eabi/lib/thumb/v7-m/nofp\libc_nano.a(lib_a-errno.o)
 .bss           0x0000000000000000        0x0 c:/st/stm32cubeide_1.11.2/stm32cubeide/plugins/com.st.stm32cube.ide.mcu.externaltools.gnu-tools-for-stm32.10.3-2021.10.win32_1.0.100.202210260954/tools/bin/../lib/gcc/arm-none-eabi/10.3.1/../../../../arm-none-eabi/lib/thumb/v7-m/nofp\libc_nano.a(lib_a-errno.o)
 .text.__errno  0x0000000000000000        0xc c:/st/stm32cubeide_1.11.2/stm32cubeide/plugins/com.st.stm32cube.ide.mcu.externaltools.gnu-tools-for-stm32.10.3-2021.10.win32_1.0.100.202210260954/tools/bin/../lib/gcc/arm-none-eabi/10.3.1/../../../../arm-none-eabi/lib/thumb/v7-m/nofp\libc_nano.a(lib_a-errno.o)
 .debug_frame   0x0000000000000000       0x20 c:/st/stm32cubeide_1.11.2/stm32cubeide/plugins/com.st.stm32cube.ide.mcu.externaltools.gnu-tools-for-stm32.10.3-2021.10.win32_1.0.100.202210260954/tools/bin/../lib/gcc/arm-none-eabi/10.3.1/../../../../arm-none-eabi/lib/thumb/v7-m/nofp\libc_nano.a(lib_a-errno.o)
 .ARM.attributes
                0x0000000000000000       0x2d c:/st/stm32cubeide_1.11.2/stm32cubeide/plugins/com.st.stm32cube.ide.mcu.externaltools.gnu-tools-for-stm32.10.3-2021.10.win32_1.0.100.202210260954/tools/bin/../lib/gcc/arm-none-eabi/10.3.1/../../../../arm-none-eabi/lib/thumb/v7-m/nofp\libc_nano.a(lib_a-errno.o)
 .text          0x0000000000000000        0x0 c:/st/stm32cubeide_1.11.2/stm32cubeide/plugins/com.st.stm32cube.ide.mcu.externaltools.gnu-tools-for-stm32.10.3-2021.10.win32_1.0.100.202210260954/tools/bin/../lib/gcc/arm-none-eabi/10.3.1/../../../../arm-none-eabi/lib/thumb/v7-m/nofp\libc_nano.a(lib_a-exit.o)
 .data          0x0000000000000000        0x0 c:/st/stm32cubeide_1.11.2/stm32cubeide/plugins/com.st.stm32cube.ide.mcu.externaltools.gnu-tools-for-stm32.10.3-2021.10.win32_1.0.100.202210260954/tools/bin/../lib/gcc/arm-none-eabi/10.3.1/../../../../arm-none-eabi/lib/thumb/v7-m/nofp\libc_nano.a(lib_a-exit.o)
 .bss           0x0000000000000000        0x0 c:/st/stm32cubeide_1.11.2/stm32cubeide/plugins/com.st.stm32cube.ide.mcu.externaltools.gnu-tools-for-stm32.10.3-2021.10.win32_1.0.100.202210260954/tools/bin/../lib/gcc/arm-none-eabi/10.3.1/../../../../arm-none-eabi/lib/thumb/v7-m/nofp\libc_nano.a(lib_a-exit.o)
 .text.exit     0x0000000000000000       0x28 c:/st/stm32cubeide_1.11.2/stm32cubeide/plugins/com.st.stm32cube.ide.mcu.externaltools.gnu-tools-for-stm32.10.3-2021.10.win32_1.0.100.202210260954/tools/bin/../lib/gcc/arm-none-eabi/10.3.1/../../../../arm-none-eabi/lib/thumb/v7-m/nofp\libc_nano.a(lib_a-exit.o)
 .debug_frame   0x0000000000000000       0x28 c:/st/stm32cubeide_1.11.2/stm32cubeide/plugins/com.st.stm32cube.ide.mcu.externaltools.gnu-tools-for-stm32.10.3-2021.10.win32_1.0.100.202210260954/tools/bin/../lib/gcc/arm-none-eabi/10.3.1/../../../../arm-none-eabi/lib/thumb/v7-m/nofp\libc_nano.a(lib_a-exit.o)
 .ARM.attributes
                0x0000000000000000       0x2d c:/st/stm32cubeide_1.11.2/stm32cubeide/plugins/com.st.stm32cube.ide.mcu.externaltools.gnu-tools-for-stm32.10.3-2021.10.win32_1.0.100.202210260954/tools/bin/../lib/gcc/arm-none-eabi/10.3.1/../../../../arm-none-eabi/lib/thumb/v7-m/nofp\libc_nano.a(lib_a-exit.o)
 .text          0x0000000000000000        0x0 c:/st/stm32cubeide_1.11.2/stm32cubeide/plugins/com.st.stm32cube.ide.mcu.externaltools.gnu-tools-for-stm32.10.3-2021.10.win32_1.0.100.202210260954/tools/bin/../lib/gcc/arm-none-eabi/10.3.1/../../../../arm-none-eabi/lib/thumb/v7-m/nofp\libc_nano.a(lib_a-impure.o)
 .data          0x0000000000000000        0x0 c:/st/stm32cubeide_1.11.2/stm32cubeide/plugins/com.st.stm32cube.ide.mcu.externaltools.gnu-tools-for-stm32.10.3-2021.10.win32_1.0.100.202210260954/tools/bin/../lib/gcc/arm-none-eabi/10.3.1/../../../../arm-none-eabi/lib/thumb/v7-m/nofp\libc_nano.a(lib_a-impure.o)
 .bss           0x0000000000000000        0x0 c:/st/stm32cubeide_1.11.2/stm32cubeide/plugins/com.st.stm32cube.ide.mcu.externaltools.gnu-tools-for-stm32.10.3-2021.10.win32_1.0.100.202210260954/tools/bin/../lib/gcc/arm-none-eabi/10.3.1/../../../../arm-none-eabi/lib/thumb/v7-m/nofp\libc_nano.a(lib_a-impure.o)
 .data._impure_ptr
                0x0000000000000000        0x4 c:/st/stm32cubeide_1.11.2/stm32cubeide/plugins/com.st.stm32cube.ide.mcu.externaltools.gnu-tools-for-stm32.10.3-2021.10.win32_1.0.100.202210260954/tools/bin/../lib/gcc/arm-none-eabi/10.3.1/../../../../arm-none-eabi/lib/thumb/v7-m/nofp\libc_nano.a(lib_a-impure.o)
 .data.impure_data
                0x0000000000000000       0x60 c:/st/stm32cubeide_1.11.2/stm32cubeide/plugins/com.st.stm32cube.ide.mcu.externaltools.gnu-tools-for-stm32.10.3-2021.10.win32_1.0.100.202210260954/tools/bin/../lib/gcc/arm-none-eabi/10.3.1/../../../../arm-none-eabi/lib/thumb/v7-m/nofp\libc_nano.a(lib_a-impure.o)
 .rodata._global_impure_ptr
                0x0000000000000000        0x4 c:/st/stm32cubeide_1.11.2/stm32cubeide/plugins/com.st.stm32cube.ide.mcu.externaltools.gnu-tools-for-stm32.10.3-2021.10.win32_1.0.100.202210260954/tools/bin/../lib/gcc/arm-none-eabi/10.3.1/../../../../arm-none-eabi/lib/thumb/v7-m/nofp\libc_nano.a(lib_a-impure.o)
 .ARM.attributes
                0x0000000000000000       0x2d c:/st/stm32cubeide_1.11.2/stm32cubeide/plugins/com.st.stm32cube.ide.mcu.externaltools.gnu-tools-for-stm32.10.3-2021.10.win32_1.0.100.202210260954/tools/bin/../lib/gcc/arm-none-eabi/10.3.1/../../../../arm-none-eabi/lib/thumb/v7-m/nofp\libc_nano.a(lib_a-impure.o)
 .text          0x0000000000000000        0x0 c:/st/stm32cubeide_1.11.2/stm32cubeide/plugins/com.st.stm32cube.ide.mcu.externaltools.gnu-tools-for-stm32.10.3-2021.10.win32_1.0.100.202210260954/tools/bin/../lib/gcc/arm-none-eabi/10.3.1/../../../../arm-none-eabi/lib/thumb/v7-m/nofp\libc_nano.a(lib_a-init.o)
 .data          0x0000000000000000        0x0 c:/st/stm32cubeide_1.11.2/stm32cubeide/plugins/com.st.stm32cube.ide.mcu.externaltools.gnu-tools-for-stm32.10.3-2021.10.win32_1.0.100.202210260954/tools/bin/../lib/gcc/arm-none-eabi/10.3.1/../../../../arm-none-eabi/lib/thumb/v7-m/nofp\libc_nano.a(lib_a-init.o)
 .bss           0x0000000000000000        0x0 c:/st/stm32cubeide_1.11.2/stm32cubeide/plugins/com.st.stm32cube.ide.mcu.externaltools.gnu-tools-for-stm32.10.3-2021.10.win32_1.0.100.202210260954/tools/bin/../lib/gcc/arm-none-eabi/10.3.1/../../../../arm-none-eabi/lib/thumb/v7-m/nofp\libc_nano.a(lib_a-init.o)
 .text          0x0000000000000000        0x0 c:/st/stm32cubeide_1.11.2/stm32cubeide/plugins/com.st.stm32cube.ide.mcu.externaltools.gnu-tools-for-stm32.10.3-2021.10.win32_1.0.100.202210260954/tools/bin/../lib/gcc/arm-none-eabi/10.3.1/../../../../arm-none-eabi/lib/thumb/v7-m/nofp\libc_nano.a(lib_a-memset.o)
 .data          0x0000000000000000        0x0 c:/st/stm32cubeide_1.11.2/stm32cubeide/plugins/com.st.stm32cube.ide.mcu.externaltools.gnu-tools-for-stm32.10.3-2021.10.win32_1.0.100.202210260954/tools/bin/../lib/gcc/arm-none-eabi/10.3.1/../../../../arm-none-eabi/lib/thumb/v7-m/nofp\libc_nano.a(lib_a-memset.o)
 .bss           0x0000000000000000        0x0 c:/st/stm32cubeide_1.11.2/stm32cubeide/plugins/com.st.stm32cube.ide.mcu.externaltools.gnu-tools-for-stm32.10.3-2021.10.win32_1.0.100.202210260954/tools/bin/../lib/gcc/arm-none-eabi/10.3.1/../../../../arm-none-eabi/lib/thumb/v7-m/nofp\libc_nano.a(lib_a-memset.o)
 .text.memset   0x0000000000000000       0x10 c:/st/stm32cubeide_1.11.2/stm32cubeide/plugins/com.st.stm32cube.ide.mcu.externaltools.gnu-tools-for-stm32.10.3-2021.10.win32_1.0.100.202210260954/tools/bin/../lib/gcc/arm-none-eabi/10.3.1/../../../../arm-none-eabi/lib/thumb/v7-m/nofp\libc_nano.a(lib_a-memset.o)
 .debug_frame   0x0000000000000000       0x20 c:/st/stm32cubeide_1.11.2/stm32cubeide/plugins/com.st.stm32cube.ide.mcu.externaltools.gnu-tools-for-stm32.10.3-2021.10.win32_1.0.100.202210260954/tools/bin/../lib/gcc/arm-none-eabi/10.3.1/../../../../arm-none-eabi/lib/thumb/v7-m/nofp\libc_nano.a(lib_a-memset.o)
 .ARM.attributes
                0x0000000000000000       0x2d c:/st/stm32cubeide_1.11.2/stm32cubeide/plugins/com.st.stm32cube.ide.mcu.externaltools.gnu-tools-for-stm32.10.3-2021.10.win32_1.0.100.202210260954/tools/bin/../lib/gcc/arm-none-eabi/10.3.1/../../../../arm-none-eabi/lib/thumb/v7-m/nofp\libc_nano.a(lib_a-memset.o)
 .text          0x0000000000000000        0x0 c:/st/stm32cubeide_1.11.2/stm32cubeide/plugins/com.st.stm32cube.ide.mcu.externaltools.gnu-tools-for-stm32.10.3-2021.10.win32_1.0.100.202210260954/tools/bin/../lib/gcc/arm-none-eabi/10.3.1/thumb/v7-m/nofp/crtend.o
 .data          0x0000000000000000        0x0 c:/st/stm32cubeide_1.11.2/stm32cubeide/plugins/com.st.stm32cube.ide.mcu.externaltools.gnu-tools-for-stm32.10.3-2021.10.win32_1.0.100.202210260954/tools/bin/../lib/gcc/arm-none-eabi/10.3.1/thumb/v7-m/nofp/crtend.o
 .bss           0x0000000000000000        0x0 c:/st/stm32cubeide_1.11.2/stm32cubeide/plugins/com.st.stm32cube.ide.mcu.externaltools.gnu-tools-for-stm32.10.3-2021.10.win32_1.0.100.202210260954/tools/bin/../lib/gcc/arm-none-eabi/10.3.1/thumb/v7-m/nofp/crtend.o
 .rodata        0x0000000000000000       0x24 c:/st/stm32cubeide_1.11.2/stm32cubeide/plugins/com.st.stm32cube.ide.mcu.externaltools.gnu-tools-for-stm32.10.3-2021.10.win32_1.0.100.202210260954/tools/bin/../lib/gcc/arm-none-eabi/10.3.1/thumb/v7-m/nofp/crtend.o
 .eh_frame      0x0000000000000000        0x4 c:/st/stm32cubeide_1.11.2/stm32cubeide/plugins/com.st.stm32cube.ide.mcu.externaltools.gnu-tools-for-stm32.10.3-2021.10.win32_1.0.100.202210260954/tools/bin/../lib/gcc/arm-none-eabi/10.3.1/thumb/v7-m/nofp/crtend.o
 .ARM.attributes
                0x0000000000000000       0x2d c:/st/stm32cubeide_1.11.2/stm32cubeide/plugins/com.st.stm32cube.ide.mcu.externaltools.gnu-tools-for-stm32.10.3-2021.10.win32_1.0.100.202210260954/tools/bin/../lib/gcc/arm-none-eabi/10.3.1/thumb/v7-m/nofp/crtend.o
 .text          0x0000000000000000        0x0 c:/st/stm32cubeide_1.11.2/stm32cubeide/plugins/com.st.stm32cube.ide.mcu.externaltools.gnu-tools-for-stm32.10.3-2021.10.win32_1.0.100.202210260954/tools/bin/../lib/gcc/arm-none-eabi/10.3.1/thumb/v7-m/nofp/crtn.o
 .data          0x0000000000000000        0x0 c:/st/stm32cubeide_1.11.2/stm32cubeide/plugins/com.st.stm32cube.ide.mcu.externaltools.gnu-tools-for-stm32.10.3-2021.10.win32_1.0.100.202210260954/tools/bin/../lib/gcc/arm-none-eabi/10.3.1/thumb/v7-m/nofp/crtn.o
 .bss           0x0000000000000000        0x0 c:/st/stm32cubeide_1.11.2/stm32cubeide/plugins/com.st.stm32cube.ide.mcu.externaltools.gnu-tools-for-stm32.10.3-2021.10.win32_1.0.100.202210260954/tools/bin/../lib/gcc/arm-none-eabi/10.3.1/thumb/v7-m/nofp/crtn.o

Memory Configuration

Name             Origin             Length             Attributes
RAM              0x0000000020000000 0x0000000000002800 xrw
FLASH            0x0000000008000000 0x0000000000008000 xr
*default*        0x0000000000000000 0xffffffffffffffff

Linker script and memory map

LOAD c:/st/stm32cubeide_1.11.2/stm32cubeide/plugins/com.st.stm32cube.ide.mcu.externaltools.gnu-tools-for-stm32.10.3-2021.10.win32_1.0.100.202210260954/tools/bin/../lib/gcc/arm-none-eabi/10.3.1/thumb/v7-m/nofp/crti.o
LOAD c:/st/stm32cubeide_1.11.2/stm32cubeide/plugins/com.st.stm32cube.ide.mcu.externaltools.gnu-tools-for-stm32.10.3-2021.10.win32_1.0.100.202210260954/tools/bin/../lib/gcc/arm-none-eabi/10.3.1/thumb/v7-m/nofp/crtbegin.o
LOAD c:/st/stm32cubeide_1.11.2/stm32cubeide/plugins/com.st.stm32cube.ide.mcu.externaltools.gnu-tools-for-stm32.10.3-2021.10.win32_1.0.100.202210260954/tools/bin/../lib/gcc/arm-none-eabi/10.3.1/../../../../arm-none-eabi/lib/thumb/v7-m/nofp/crt0.o
LOAD ./STM32F103xx_Drivers/STM32F103C6T6_EXTI_Driver.o
LOAD ./STM32F103xx_Drivers/STM32F103C6T6_GPIO_Driver.o
LOAD ./STM32F103xx_Drivers/STM32F103C6T6_RCC_Driver.o
LOAD ./STM32F103xx_Drivers/STM32F103C6T6_UART_Driver.o
LOAD ./Src/main.o
LOAD ./Src/syscalls.o
LOAD ./Src/sysmem.o
LOAD ./Startup/startup_stm32f103c6tx.o
START GROUP
LOAD c:/st/stm32cubeide_1.11.2/stm32cubeide/plugins/com.st.stm32cube.ide.mcu.externaltools.gnu-tools-for-stm32.10.3-2021.10.win32_1.0.100.202210260954/tools/bin/../lib/gcc/arm-none-eabi/10.3.1/../../../../arm-none-eabi/lib/thumb/v7-m/nofp\libc_nano.a
LOAD c:/st/stm32cubeide_1.11.2/stm32cubeide/plugins/com.st.stm32cube.ide.mcu.externaltools.gnu-tools-for-stm32.10.3-2021.10.win32_1.0.100.202210260954/tools/bin/../lib/gcc/arm-none-eabi/10.3.1/../../../../arm-none-eabi/lib/thumb/v7-m/nofp\libm.a
END GROUP
START GROUP
LOAD c:/st/stm32cubeide_1.11.2/stm32cubeide/plugins/com.st.stm32cube.ide.mcu.externaltools.gnu-tools-for-stm32.10.3-2021.10.win32_1.0.100.202210260954/tools/bin/../lib/gcc/arm-none-eabi/10.3.1/thumb/v7-m/nofp\libgcc.a
LOAD c:/st/stm32cubeide_1.11.2/stm32cubeide/plugins/com.st.stm32cube.ide.mcu.externaltools.gnu-tools-for-stm32.10.3-2021.10.win32_1.0.100.202210260954/tools/bin/../lib/gcc/arm-none-eabi/10.3.1/../../../../arm-none-eabi/lib/thumb/v7-m/nofp\libg_nano.a
LOAD c:/st/stm32cubeide_1.11.2/stm32cubeide/plugins/com.st.stm32cube.ide.mcu.externaltools.gnu-tools-for-stm32.10.3-2021.10.win32_1.0.100.202210260954/tools/bin/../lib/gcc/arm-none-eabi/10.3.1/../../../../arm-none-eabi/lib/thumb/v7-m/nofp\libc_nano.a
END GROUP
START GROUP
LOAD c:/st/stm32cubeide_1.11.2/stm32cubeide/plugins/com.st.stm32cube.ide.mcu.externaltools.gnu-tools-for-stm32.10.3-2021.10.win32_1.0.100.202210260954/tools/bin/../lib/gcc/arm-none-eabi/10.3.1/thumb/v7-m/nofp\libgcc.a
LOAD c:/st/stm32cubeide_1.11.2/stm32cubeide/plugins/com.st.stm32cube.ide.mcu.externaltools.gnu-tools-for-stm32.10.3-2021.10.win32_1.0.100.202210260954/tools/bin/../lib/gcc/arm-none-eabi/10.3.1/../../../../arm-none-eabi/lib/thumb/v7-m/nofp\libc_nano.a
LOAD c:/st/stm32cubeide_1.11.2/stm32cubeide/plugins/com.st.stm32cube.ide.mcu.externaltools.gnu-tools-for-stm32.10.3-2021.10.win32_1.0.100.202210260954/tools/bin/../lib/gcc/arm-none-eabi/10.3.1/../../../../arm-none-eabi/lib/thumb/v7-m/nofp\libnosys.a
END GROUP
START GROUP
LOAD c:/st/stm32cubeide_1.11.2/stm32cubeide/plugins/com.st.stm32cube.ide.mcu.externaltools.gnu-tools-for-stm32.10.3-2021.10.win32_1.0.100.202210260954/tools/bin/../lib/gcc/arm-none-eabi/10.3.1/thumb/v7-m/nofp\libgcc.a
LOAD c:/st/stm32cubeide_1.11.2/stm32cubeide/plugins/com.st.stm32cube.ide.mcu.externaltools.gnu-tools-for-stm32.10.3-2021.10.win32_1.0.100.202210260954/tools/bin/../lib/gcc/arm-none-eabi/10.3.1/../../../../arm-none-eabi/lib/thumb/v7-m/nofp\libc_nano.a
LOAD c:/st/stm32cubeide_1.11.2/stm32cubeide/plugins/com.st.stm32cube.ide.mcu.externaltools.gnu-tools-for-stm32.10.3-2021.10.win32_1.0.100.202210260954/tools/bin/../lib/gcc/arm-none-eabi/10.3.1/../../../../arm-none-eabi/lib/thumb/v7-m/nofp\libnosys.a
END GROUP
LOAD c:/st/stm32cubeide_1.11.2/stm32cubeide/plugins/com.st.stm32cube.ide.mcu.externaltools.gnu-tools-for-stm32.10.3-2021.10.win32_1.0.100.202210260954/tools/bin/../lib/gcc/arm-none-eabi/10.3.1/thumb/v7-m/nofp/crtend.o
LOAD c:/st/stm32cubeide_1.11.2/stm32cubeide/plugins/com.st.stm32cube.ide.mcu.externaltools.gnu-tools-for-stm32.10.3-2021.10.win32_1.0.100.202210260954/tools/bin/../lib/gcc/arm-none-eabi/10.3.1/thumb/v7-m/nofp/crtn.o
                0x0000000020002800                _estack = (ORIGIN (RAM) + LENGTH (RAM))
                0x0000000000000200                _Min_Heap_Size = 0x200
                0x0000000000000400                _Min_Stack_Size = 0x400

.isr_vector     0x0000000008000000      0x130
                0x0000000008000000                . = ALIGN (0x4)
 *(.isr_vector)
 .isr_vector    0x0000000008000000      0x130 ./Startup/startup_stm32f103c6tx.o
                0x0000000008000000                g_pfnVectors
                0x0000000008000130                . = ALIGN (0x4)

.text           0x0000000008000130      0xbac
                0x0000000008000130                . = ALIGN (0x4)
 *(.text)
 .text          0x0000000008000130       0x40 c:/st/stm32cubeide_1.11.2/stm32cubeide/plugins/com.st.stm32cube.ide.mcu.externaltools.gnu-tools-for-stm32.10.3-2021.10.win32_1.0.100.202210260954/tools/bin/../lib/gcc/arm-none-eabi/10.3.1/thumb/v7-m/nofp/crtbegin.o
 *(.text*)
 .text.EXTI0_IRQHandler
                0x0000000008000170       0x24 ./STM32F103xx_Drivers/STM32F103C6T6_EXTI_Driver.o
                0x0000000008000170                EXTI0_IRQHandler
 .text.EXTI1_IRQHandler
                0x0000000008000194       0x24 ./STM32F103xx_Drivers/STM32F103C6T6_EXTI_Driver.o
                0x0000000008000194                EXTI1_IRQHandler
 .text.EXTI2_IRQHandler
                0x00000000080001b8       0x24 ./STM32F103xx_Drivers/STM32F103C6T6_EXTI_Driver.o
                0x00000000080001b8                EXTI2_IRQHandler
 .text.EXTI3_IRQHandler
                0x00000000080001dc       0x24 ./STM32F103xx_Drivers/STM32F103C6T6_EXTI_Driver.o
                0x00000000080001dc                EXTI3_IRQHandler
 .text.EXTI4_IRQHandler
                0x0000000008000200       0x24 ./STM32F103xx_Drivers/STM32F103C6T6_EXTI_Driver.o
                0x0000000008000200                EXTI4_IRQHandler
 .text.EXTI9_5_IRQHandler
                0x0000000008000224       0xb0 ./STM32F103xx_Drivers/STM32F103C6T6_EXTI_Driver.o
                0x0000000008000224                EXTI9_5_IRQHandler
 .text.EXTI15_10_IRQHandler
                0x00000000080002d4       0xd0 ./STM32F103xx_Drivers/STM32F103C6T6_EXTI_Driver.o
                0x00000000080002d4                EXTI15_10_IRQHandler
 .text.Get_CRLH_Position
                0x00000000080003a4      0x170 ./STM32F103xx_Drivers/STM32F103C6T6_GPIO_Driver.o
                0x00000000080003a4                Get_CRLH_Position
 .text.MCAL_GPIO_Init
                0x0000000008000514       0xfe ./STM32F103xx_Drivers/STM32F103C6T6_GPIO_Driver.o
                0x0000000008000514                MCAL_GPIO_Init
 *fill*         0x0000000008000612        0x2 
 .text.MCAL_RCC_GetSYSCLKFreq
                0x0000000008000614       0x50 ./STM32F103xx_Drivers/STM32F103C6T6_RCC_Driver.o
                0x0000000008000614                MCAL_RCC_GetSYSCLKFreq
 .text.MCAL_RCC_GetHCLKFreq
                0x0000000008000664       0x30 ./STM32F103xx_Drivers/STM32F103C6T6_RCC_Driver.o
                0x0000000008000664                MCAL_RCC_GetHCLKFreq
 .text.MCAL_RCC_GetPCLK1Freq
                0x0000000008000694       0x30 ./STM32F103xx_Drivers/STM32F103C6T6_RCC_Driver.o
                0x0000000008000694                MCAL_RCC_GetPCLK1Freq
 .text.MCAL_RCC_GetPCLK2Freq
                0x00000000080006c4       0x30 ./STM32F103xx_Drivers/STM32F103C6T6_RCC_Driver.o
                0x00000000080006c4                MCAL_RCC_GetPCLK2Freq
 .text.MCAL_USART_Init
                0x00000000080006f4      0x1c4 ./STM32F103xx_Drivers/STM32F103C6T6_UART_Driver.o
                0x00000000080006f4                MCAL_USART_Init
 .text.MCAL_USART_GPIO_Set_Pins
                0x00000000080008b8       0xd4 ./STM32F103xx_Drivers/STM32F103C6T6_UART_Driver.o
                0x00000000080008b8                MCAL_USART_GPIO_Set_Pins
 .text.MCAL_USART_SendData
                0x000000000800098c       0xd4 ./STM32F103xx_Drivers/STM32F103C6T6_UART_Driver.o
                0x000000000800098c                MCAL_USART_SendData
 .text.MCAL_USART_ReceiveData
                0x0000000008000a60       0xec ./STM32F103xx_Drivers/STM32F103C6T6_UART_Driver.o
                0x0000000008000a60                MCAL_USART_ReceiveData
 .text.USART1_IRQHandler
                0x0000000008000b4c       0x14 ./STM32F103xx_Drivers/STM32F103C6T6_UART_Driver.o
                0x0000000008000b4c                USART1_IRQHandler
 .text.USART2_IRQHandler
                0x0000000008000b60       0x14 ./STM32F103xx_Drivers/STM32F103C6T6_UART_Driver.o
                0x0000000008000b60                USART2_IRQHandler
 .text.USART3_IRQHandler
                0x0000000008000b74       0x14 ./STM32F103xx_Drivers/STM32F103C6T6_UART_Driver.o
                0x0000000008000b74                USART3_IRQHandler
 .text.clock_init
                0x0000000008000b88       0x34 ./Src/main.o
                0x0000000008000b88                clock_init
 .text.main     0x0000000008000bbc       0x48 ./Src/main.o
                0x0000000008000bbc                main
 .text.MOSTAFA_UART_CALLBACK
                0x0000000008000c04       0x24 ./Src/main.o
                0x0000000008000c04                MOSTAFA_UART_CALLBACK
 .text.Reset_Handler
                0x0000000008000c28       0x50 ./Startup/startup_stm32f103c6tx.o
                0x0000000008000c28                Reset_Handler
 .text.Default_Handler
                0x0000000008000c78        0x2 ./Startup/startup_stm32f103c6tx.o
                0x0000000008000c78                TIM8_TRG_COM_IRQHandler
                0x0000000008000c78                TIM8_CC_IRQHandler
                0x0000000008000c78                DebugMon_Handler
                0x0000000008000c78                TIM1_CC_IRQHandler
                0x0000000008000c78                HardFault_Handler
                0x0000000008000c78                TIM6_IRQHandler
                0x0000000008000c78                SysTick_Handler
                0x0000000008000c78                PVD_IRQHandler
                0x0000000008000c78                SDIO_IRQHandler
                0x0000000008000c78                PendSV_Handler
                0x0000000008000c78                NMI_Handler
                0x0000000008000c78                USB_HP_CAN_TX_IRQHandler
                0x0000000008000c78                I2C2_EV_IRQHandler
                0x0000000008000c78                UsageFault_Handler
                0x0000000008000c78                ADC1_2_IRQHandler
                0x0000000008000c78                SPI1_IRQHandler
                0x0000000008000c78                CAN_SCE_IRQHandler
                0x0000000008000c78                TAMPER_IRQHandler
                0x0000000008000c78                TIM8_UP_IRQHandler
                0x0000000008000c78                DMA2_Channel2_IRQHandler
                0x0000000008000c78                DMA1_Channel4_IRQHandler
                0x0000000008000c78                RTC_IRQHandler
                0x0000000008000c78                DMA1_Channel7_IRQHandler
                0x0000000008000c78                UART5_IRQHandler
                0x0000000008000c78                ADC3_IRQHandler
                0x0000000008000c78                TIM4_IRQHandler
                0x0000000008000c78                CAN_RX1_IRQHandler
                0x0000000008000c78                DMA2_Channel1_IRQHandler
                0x0000000008000c78                I2C1_EV_IRQHandler
                0x0000000008000c78                DMA1_Channel6_IRQHandler
                0x0000000008000c78                UART4_IRQHandler
                0x0000000008000c78                TIM3_IRQHandler
                0x0000000008000c78                RCC_IRQHandler
                0x0000000008000c78                TIM1_TRG_COM_IRQHandler
                0x0000000008000c78                DMA1_Channel1_IRQHandler
                0x0000000008000c78                Default_Handler
                0x0000000008000c78                TIM7_IRQHandler
                0x0000000008000c78                TIM5_IRQHandler
                0x0000000008000c78                SPI2_IRQHandler
                0x0000000008000c78                USB_LP_CAN_RX0_IRQHandler
                0x0000000008000c78                MemManage_Handler
                0x0000000008000c78                SVC_Handler
                0x0000000008000c78                DMA1_Channel5_IRQHandler
                0x0000000008000c78                DMA1_Channel3_IRQHandler
                0x0000000008000c78                FSMC_IRQHandler
                0x0000000008000c78                TIM1_UP_IRQHandler
                0x0000000008000c78                WWDG_IRQHandler
                0x0000000008000c78                TIM2_IRQHandler
                0x0000000008000c78                TIM1_BRK_IRQHandler
                0x0000000008000c78                RTCAlarm_IRQHandler
                0x0000000008000c78                DMA2_Channel4_5_IRQHandler
                0x0000000008000c78                I2C2_ER_IRQHandler
                0x0000000008000c78                DMA1_Channel2_IRQHandler
                0x0000000008000c78                TIM8_BRK_IRQHandler
                0x0000000008000c78                FLASH_IRQHandler
                0x0000000008000c78                BusFault_Handler
                0x0000000008000c78                SPI3_IRQHandler
                0x0000000008000c78                I2C1_ER_IRQHandler
                0x0000000008000c78                DMA2_Channel3_IRQHandler
 *fill*         0x0000000008000c7a        0x2 
 .text.__libc_init_array
                0x0000000008000c7c       0x48 c:/st/stm32cubeide_1.11.2/stm32cubeide/plugins/com.st.stm32cube.ide.mcu.externaltools.gnu-tools-for-stm32.10.3-2021.10.win32_1.0.100.202210260954/tools/bin/../lib/gcc/arm-none-eabi/10.3.1/../../../../arm-none-eabi/lib/thumb/v7-m/nofp\libc_nano.a(lib_a-init.o)
                0x0000000008000c7c                __libc_init_array
 *(.glue_7)
 .glue_7        0x0000000008000cc4        0x0 linker stubs
 *(.glue_7t)
 .glue_7t       0x0000000008000cc4        0x0 linker stubs
 *(.eh_frame)
 .eh_frame      0x0000000008000cc4        0x0 c:/st/stm32cubeide_1.11.2/stm32cubeide/plugins/com.st.stm32cube.ide.mcu.externaltools.gnu-tools-for-stm32.10.3-2021.10.win32_1.0.100.202210260954/tools/bin/../lib/gcc/arm-none-eabi/10.3.1/thumb/v7-m/nofp/crtbegin.o
 *(.init)
 .init          0x0000000008000cc4        0x4 c:/st/stm32cubeide_1.11.2/stm32cubeide/plugins/com.st.stm32cube.ide.mcu.externaltools.gnu-tools-for-stm32.10.3-2021.10.win32_1.0.100.202210260954/tools/bin/../lib/gcc/arm-none-eabi/10.3.1/thumb/v7-m/nofp/crti.o
                0x0000000008000cc4                _init
 .init          0x0000000008000cc8        0x8 c:/st/stm32cubeide_1.11.2/stm32cubeide/plugins/com.st.stm32cube.ide.mcu.externaltools.gnu-tools-for-stm32.10.3-2021.10.win32_1.0.100.202210260954/tools/bin/../lib/gcc/arm-none-eabi/10.3.1/thumb/v7-m/nofp/crtn.o
 *(.fini)
 .fini          0x0000000008000cd0        0x4 c:/st/stm32cubeide_1.11.2/stm32cubeide/plugins/com.st.stm32cube.ide.mcu.externaltools.gnu-tools-for-stm32.10.3-2021.10.win32_1.0.100.202210260954/tools/bin/../lib/gcc/arm-none-eabi/10.3.1/thumb/v7-m/nofp/crti.o
                0x0000000008000cd0                _fini
 .fini          0x0000000008000cd4        0x8 c:/st/stm32cubeide_1.11.2/stm32cubeide/plugins/com.st.stm32cube.ide.mcu.externaltools.gnu-tools-for-stm32.10.3-2021.10.win32_1.0.100.202210260954/tools/bin/../lib/gcc/arm-none-eabi/10.3.1/thumb/v7-m/nofp/crtn.o
                0x0000000008000cdc                . = ALIGN (0x4)
                0x0000000008000cdc                _etext = .

.vfp11_veneer   0x0000000008000cdc        0x0
 .vfp11_veneer  0x0000000008000cdc        0x0 linker stubs

.v4_bx          0x0000000008000cdc        0x0
 .v4_bx         0x0000000008000cdc        0x0 linker stubs

.iplt           0x0000000008000cdc        0x0
 .iplt          0x0000000008000cdc        0x0 c:/st/stm32cubeide_1.11.2/stm32cubeide/plugins/com.st.stm32cube.ide.mcu.externaltools.gnu-tools-for-stm32.10.3-2021.10.win32_1.0.100.202210260954/tools/bin/../lib/gcc/arm-none-eabi/10.3.1/thumb/v7-m/nofp/crtbegin.o

.rodata         0x0000000008000cdc       0x20
                0x0000000008000cdc                . = ALIGN (0x4)
 *(.rodata)
 *(.rodata*)
 .rodata.AHBPrescTable
                0x0000000008000cdc       0x10 ./STM32F103xx_Drivers/STM32F103C6T6_RCC_Driver.o
                0x0000000008000cdc                AHBPrescTable
 .rodata.APBPrescTable
                0x0000000008000cec       0x10 ./STM32F103xx_Drivers/STM32F103C6T6_RCC_Driver.o
                0x0000000008000cec                APBPrescTable
                0x0000000008000cfc                . = ALIGN (0x4)

.rel.dyn        0x0000000008000cfc        0x0
 .rel.iplt      0x0000000008000cfc        0x0 c:/st/stm32cubeide_1.11.2/stm32cubeide/plugins/com.st.stm32cube.ide.mcu.externaltools.gnu-tools-for-stm32.10.3-2021.10.win32_1.0.100.202210260954/tools/bin/../lib/gcc/arm-none-eabi/10.3.1/thumb/v7-m/nofp/crtbegin.o

.ARM.extab      0x0000000008000cfc        0x0
                0x0000000008000cfc                . = ALIGN (0x4)
 *(.ARM.extab* .gnu.linkonce.armextab.*)
                0x0000000008000cfc                . = ALIGN (0x4)

.ARM            0x0000000008000cfc        0x0
                0x0000000008000cfc                . = ALIGN (0x4)
                0x0000000008000cfc                __exidx_start = .
 *(.ARM.exidx*)
                0x0000000008000cfc                __exidx_end = .
                0x0000000008000cfc                . = ALIGN (0x4)

.preinit_array  0x0000000008000cfc        0x0
                0x0000000008000cfc                . = ALIGN (0x4)
                0x0000000008000cfc                PROVIDE (__preinit_array_start = .)
 *(.preinit_array*)
                0x0000000008000cfc                PROVIDE (__preinit_array_end = .)
                0x0000000008000cfc                . = ALIGN (0x4)

.init_array     0x0000000008000cfc        0x4
                0x0000000008000cfc                . = ALIGN (0x4)
                0x0000000008000cfc                PROVIDE (__init_array_start = .)
 *(SORT_BY_NAME(.init_array.*))
 *(.init_array*)
 .init_array    0x0000000008000cfc        0x4 c:/st/stm32cubeide_1.11.2/stm32cubeide/plugins/com.st.stm32cube.ide.mcu.externaltools.gnu-tools-for-stm32.10.3-2021.10.win32_1.0.100.202210260954/tools/bin/../lib/gcc/arm-none-eabi/10.3.1/thumb/v7-m/nofp/crtbegin.o
                0x0000000008000d00                PROVIDE (__init_array_end = .)
                0x0000000008000d00                . = ALIGN (0x4)

.fini_array     0x0000000008000d00        0x4
                0x0000000008000d00                . = ALIGN (0x4)
                [!provide]                        PROVIDE (__fini_array_start = .)
 *(SORT_BY_NAME(.fini_array.*))
 *(.fini_array*)
 .fini_array    0x0000000008000d00        0x4 c:/st/stm32cubeide_1.11.2/stm32cubeide/plugins/com.st.stm32cube.ide.mcu.externaltools.gnu-tools-for-stm32.10.3-2021.10.win32_1.0.100.202210260954/tools/bin/../lib/gcc/arm-none-eabi/10.3.1/thumb/v7-m/nofp/crtbegin.o
                [!provide]                        PROVIDE (__fini_array_end = .)
                0x0000000008000d04                . = ALIGN (0x4)
                0x0000000008000d04                _sidata = LOADADDR (.data)

.data           0x0000000020000000        0x0 load address 0x0000000008000d04
                0x0000000020000000                . = ALIGN (0x4)
                0x0000000020000000                _sdata = .
 *(.data)
 *(.data*)
 *(.RamFunc)
 *(.RamFunc*)
                0x0000000020000000                . = ALIGN (0x4)
                0x0000000020000000                _edata = .

.igot.plt       0x0000000020000000        0x0 load address 0x0000000008000d04
 .igot.plt      0x0000000020000000        0x0 c:/st/stm32cubeide_1.11.2/stm32cubeide/plugins/com.st.stm32cube.ide.mcu.externaltools.gnu-tools-for-stm32.10.3-2021.10.win32_1.0.100.202210260954/tools/bin/../lib/gcc/arm-none-eabi/10.3.1/thumb/v7-m/nofp/crtbegin.o
                0x0000000020000000                . = ALIGN (0x4)

.bss            0x0000000020000000       0x9c load address 0x0000000008000d04
                0x0000000020000000                _sbss = .
                0x0000000020000000                __bss_start__ = _sbss
 *(.bss)
 .bss           0x0000000020000000       0x1c c:/st/stm32cubeide_1.11.2/stm32cubeide/plugins/com.st.stm32cube.ide.mcu.externaltools.gnu-tools-for-stm32.10.3-2021.10.win32_1.0.100.202210260954/tools/bin/../lib/gcc/arm-none-eabi/10.3.1/thumb/v7-m/nofp/crtbegin.o
 *(.bss*)
 .bss.Global_PTR_IRQ_CallBack
                0x000000002000001c       0x40 ./STM32F103xx_Drivers/STM32F103C6T6_EXTI_Driver.o
                0x000000002000001c                Global_PTR_IRQ_CallBack
 .bss.Global_USART_Config
                0x000000002000005c       0x3c ./STM32F103xx_Drivers/STM32F103C6T6_UART_Driver.o
                0x000000002000005c                Global_USART_Config
 .bss.ch        0x0000000020000098        0x2 ./Src/main.o
                0x0000000020000098                ch
 *(COMMON)
                0x000000002000009c                . = ALIGN (0x4)
 *fill*         0x000000002000009a        0x2 
                0x000000002000009c                _ebss = .
                0x000000002000009c                __bss_end__ = _ebss

._user_heap_stack
                0x000000002000009c      0x604 load address 0x0000000008000d04
                0x00000000200000a0                . = ALIGN (0x8)
 *fill*         0x000000002000009c        0x4 
                [!provide]                        PROVIDE (end = .)
                0x00000000200000a0                PROVIDE (_end = .)
                0x00000000200002a0                . = (. + _Min_Heap_Size)
 *fill*         0x00000000200000a0      0x200 
                0x00000000200006a0                . = (. + _Min_Stack_Size)
 *fill*         0x00000000200002a0      0x400 
                0x00000000200006a0                . = ALIGN (0x8)

/DISCARD/
 libc.a(*)
 libm.a(*)
 libgcc.a(*)

.ARM.attributes
                0x0000000000000000       0x29
 *(.ARM.attributes)
 .ARM.attributes
                0x0000000000000000       0x1d c:/st/stm32cubeide_1.11.2/stm32cubeide/plugins/com.st.stm32cube.ide.mcu.externaltools.gnu-tools-for-stm32.10.3-2021.10.win32_1.0.100.202210260954/tools/bin/../lib/gcc/arm-none-eabi/10.3.1/thumb/v7-m/nofp/crti.o
 .ARM.attributes
                0x000000000000001d       0x2d c:/st/stm32cubeide_1.11.2/stm32cubeide/plugins/com.st.stm32cube.ide.mcu.externaltools.gnu-tools-for-stm32.10.3-2021.10.win32_1.0.100.202210260954/tools/bin/../lib/gcc/arm-none-eabi/10.3.1/thumb/v7-m/nofp/crtbegin.o
 .ARM.attributes
                0x000000000000004a       0x2d ./STM32F103xx_Drivers/STM32F103C6T6_EXTI_Driver.o
 .ARM.attributes
                0x0000000000000077       0x2d ./STM32F103xx_Drivers/STM32F103C6T6_GPIO_Driver.o
 .ARM.attributes
                0x00000000000000a4       0x2d ./STM32F103xx_Drivers/STM32F103C6T6_RCC_Driver.o
 .ARM.attributes
                0x00000000000000d1       0x2d ./STM32F103xx_Drivers/STM32F103C6T6_UART_Driver.o
 .ARM.attributes
                0x00000000000000fe       0x2d ./Src/main.o
 .ARM.attributes
                0x000000000000012b       0x21 ./Startup/startup_stm32f103c6tx.o
 .ARM.attributes
                0x000000000000014c       0x2d c:/st/stm32cubeide_1.11.2/stm32cubeide/plugins/com.st.stm32cube.ide.mcu.externaltools.gnu-tools-for-stm32.10.3-2021.10.win32_1.0.100.202210260954/tools/bin/../lib/gcc/arm-none-eabi/10.3.1/../../../../arm-none-eabi/lib/thumb/v7-m/nofp\libc_nano.a(lib_a-init.o)
 .ARM.attributes
                0x0000000000000179       0x1d c:/st/stm32cubeide_1.11.2/stm32cubeide/plugins/com.st.stm32cube.ide.mcu.externaltools.gnu-tools-for-stm32.10.3-2021.10.win32_1.0.100.202210260954/tools/bin/../lib/gcc/arm-none-eabi/10.3.1/thumb/v7-m/nofp/crtn.o
OUTPUT(STM32F103xx_UART_Driver.elf elf32-littlearm)
LOAD linker stubs
LOAD c:/st/stm32cubeide_1.11.2/stm32cubeide/plugins/com.st.stm32cube.ide.mcu.externaltools.gnu-tools-for-stm32.10.3-2021.10.win32_1.0.100.202210260954/tools/bin/../lib/gcc/arm-none-eabi/10.3.1/../../../../arm-none-eabi/lib/thumb/v7-m/nofp\libc.a
LOAD c:/st/stm32cubeide_1.11.2/stm32cubeide/plugins/com.st.stm32cube.ide.mcu.externaltools.gnu-tools-for-stm32.10.3-2021.10.win32_1.0.100.202210260954/tools/bin/../lib/gcc/arm-none-eabi/10.3.1/../../../../arm-none-eabi/lib/thumb/v7-m/nofp\libm.a
LOAD c:/st/stm32cubeide_1.11.2/stm32cubeide/plugins/com.st.stm32cube.ide.mcu.externaltools.gnu-tools-for-stm32.10.3-2021.10.win32_1.0.100.202210260954/tools/bin/../lib/gcc/arm-none-eabi/10.3.1/thumb/v7-m/nofp\libgcc.a

.debug_info     0x0000000000000000     0x1651
 .debug_info    0x0000000000000000      0x58d ./STM32F103xx_Drivers/STM32F103C6T6_EXTI_Driver.o
 .debug_info    0x000000000000058d      0x4b6 ./STM32F103xx_Drivers/STM32F103C6T6_GPIO_Driver.o
 .debug_info    0x0000000000000a43      0x268 ./STM32F103xx_Drivers/STM32F103C6T6_RCC_Driver.o
 .debug_info    0x0000000000000cab      0x5c7 ./STM32F103xx_Drivers/STM32F103C6T6_UART_Driver.o
 .debug_info    0x0000000000001272      0x3bd ./Src/main.o
 .debug_info    0x000000000000162f       0x22 ./Startup/startup_stm32f103c6tx.o

.debug_abbrev   0x0000000000000000      0x6d6
 .debug_abbrev  0x0000000000000000      0x18d ./STM32F103xx_Drivers/STM32F103C6T6_EXTI_Driver.o
 .debug_abbrev  0x000000000000018d      0x16f ./STM32F103xx_Drivers/STM32F103C6T6_GPIO_Driver.o
 .debug_abbrev  0x00000000000002fc       0xed ./STM32F103xx_Drivers/STM32F103C6T6_RCC_Driver.o
 .debug_abbrev  0x00000000000003e9      0x1a0 ./STM32F103xx_Drivers/STM32F103C6T6_UART_Driver.o
 .debug_abbrev  0x0000000000000589      0x13b ./Src/main.o
 .debug_abbrev  0x00000000000006c4       0x12 ./Startup/startup_stm32f103c6tx.o

.debug_loc      0x0000000000000000      0xa70
 .debug_loc     0x0000000000000000      0x2d0 ./STM32F103xx_Drivers/STM32F103C6T6_EXTI_Driver.o
 .debug_loc     0x00000000000002d0      0x330 ./STM32F103xx_Drivers/STM32F103C6T6_GPIO_Driver.o
 .debug_loc     0x0000000000000600      0x134 ./STM32F103xx_Drivers/STM32F103C6T6_RCC_Driver.o
 .debug_loc     0x0000000000000734      0x294 ./STM32F103xx_Drivers/STM32F103C6T6_UART_Driver.o
 .debug_loc     0x00000000000009c8       0xa8 ./Src/main.o

.debug_aranges  0x0000000000000000      0x1c8
 .debug_aranges
                0x0000000000000000       0x78 ./STM32F103xx_Drivers/STM32F103C6T6_EXTI_Driver.o
 .debug_aranges
                0x0000000000000078       0x60 ./STM32F103xx_Drivers/STM32F103C6T6_GPIO_Driver.o
 .debug_aranges
                0x00000000000000d8       0x38 ./STM32F103xx_Drivers/STM32F103C6T6_RCC_Driver.o
 .debug_aranges
                0x0000000000000110       0x60 ./STM32F103xx_Drivers/STM32F103C6T6_UART_Driver.o
 .debug_aranges
                0x0000000000000170       0x30 ./Src/main.o
 .debug_aranges
                0x00000000000001a0       0x28 ./Startup/startup_stm32f103c6tx.o

.debug_ranges   0x0000000000000000      0x170
 .debug_ranges  0x0000000000000000       0x68 ./STM32F103xx_Drivers/STM32F103C6T6_EXTI_Driver.o
 .debug_ranges  0x0000000000000068       0x50 ./STM32F103xx_Drivers/STM32F103C6T6_GPIO_Driver.o
 .debug_ranges  0x00000000000000b8       0x28 ./STM32F103xx_Drivers/STM32F103C6T6_RCC_Driver.o
 .debug_ranges  0x00000000000000e0       0x50 ./STM32F103xx_Drivers/STM32F103C6T6_UART_Driver.o
 .debug_ranges  0x0000000000000130       0x20 ./Src/main.o
 .debug_ranges  0x0000000000000150       0x20 ./Startup/startup_stm32f103c6tx.o

.debug_macro    0x0000000000000000     0x285b
 .debug_macro   0x0000000000000000      0x15b ./STM32F103xx_Drivers/STM32F103C6T6_EXTI_Driver.o
 .debug_macro   0x000000000000015b      0xa72 ./STM32F103xx_Drivers/STM32F103C6T6_EXTI_Driver.o
 .debug_macro   0x0000000000000bcd       0x18 ./STM32F103xx_Drivers/STM32F103C6T6_EXTI_Driver.o
 .debug_macro   0x0000000000000be5       0x22 ./STM32F103xx_Drivers/STM32F103C6T6_EXTI_Driver.o
 .debug_macro   0x0000000000000c07       0x4c ./STM32F103xx_Drivers/STM32F103C6T6_EXTI_Driver.o
 .debug_macro   0x0000000000000c53       0x94 ./STM32F103xx_Drivers/STM32F103C6T6_EXTI_Driver.o
 .debug_macro   0x0000000000000ce7       0x3c ./STM32F103xx_Drivers/STM32F103C6T6_EXTI_Driver.o
 .debug_macro   0x0000000000000d23       0x34 ./STM32F103xx_Drivers/STM32F103C6T6_EXTI_Driver.o
 .debug_macro   0x0000000000000d57       0x16 ./STM32F103xx_Drivers/STM32F103C6T6_EXTI_Driver.o
 .debug_macro   0x0000000000000d6d      0x10e ./STM32F103xx_Drivers/STM32F103C6T6_EXTI_Driver.o
 .debug_macro   0x0000000000000e7b       0x8d ./STM32F103xx_Drivers/STM32F103C6T6_EXTI_Driver.o
 .debug_macro   0x0000000000000f08       0x16 ./STM32F103xx_Drivers/STM32F103C6T6_EXTI_Driver.o
 .debug_macro   0x0000000000000f1e       0x43 ./STM32F103xx_Drivers/STM32F103C6T6_EXTI_Driver.o
 .debug_macro   0x0000000000000f61       0x57 ./STM32F103xx_Drivers/STM32F103C6T6_EXTI_Driver.o
 .debug_macro   0x0000000000000fb8       0x34 ./STM32F103xx_Drivers/STM32F103C6T6_EXTI_Driver.o
 .debug_macro   0x0000000000000fec       0x10 ./STM32F103xx_Drivers/STM32F103C6T6_EXTI_Driver.o
 .debug_macro   0x0000000000000ffc       0x58 ./STM32F103xx_Drivers/STM32F103C6T6_EXTI_Driver.o
 .debug_macro   0x0000000000001054       0x71 ./STM32F103xx_Drivers/STM32F103C6T6_EXTI_Driver.o
 .debug_macro   0x00000000000010c5       0x1c ./STM32F103xx_Drivers/STM32F103C6T6_EXTI_Driver.o
 .debug_macro   0x00000000000010e1      0x12a ./STM32F103xx_Drivers/STM32F103C6T6_EXTI_Driver.o
 .debug_macro   0x000000000000120b      0x341 ./STM32F103xx_Drivers/STM32F103C6T6_EXTI_Driver.o
 .debug_macro   0x000000000000154c       0x16 ./STM32F103xx_Drivers/STM32F103C6T6_EXTI_Driver.o
 .debug_macro   0x0000000000001562       0x29 ./STM32F103xx_Drivers/STM32F103C6T6_EXTI_Driver.o
 .debug_macro   0x000000000000158b      0x103 ./STM32F103xx_Drivers/STM32F103C6T6_EXTI_Driver.o
 .debug_macro   0x000000000000168e       0x6a ./STM32F103xx_Drivers/STM32F103C6T6_EXTI_Driver.o
 .debug_macro   0x00000000000016f8      0x1df ./STM32F103xx_Drivers/STM32F103C6T6_EXTI_Driver.o
 .debug_macro   0x00000000000018d7      0x2d2 ./STM32F103xx_Drivers/STM32F103C6T6_EXTI_Driver.o
 .debug_macro   0x0000000000001ba9       0xdc ./STM32F103xx_Drivers/STM32F103C6T6_EXTI_Driver.o
 .debug_macro   0x0000000000001c85      0x1b1 ./STM32F103xx_Drivers/STM32F103C6T6_EXTI_Driver.o
 .debug_macro   0x0000000000001e36      0x14c ./STM32F103xx_Drivers/STM32F103C6T6_GPIO_Driver.o
 .debug_macro   0x0000000000001f82       0xd6 ./STM32F103xx_Drivers/STM32F103C6T6_GPIO_Driver.o
 .debug_macro   0x0000000000002058      0x153 ./STM32F103xx_Drivers/STM32F103C6T6_RCC_Driver.o
 .debug_macro   0x00000000000021ab      0x168 ./STM32F103xx_Drivers/STM32F103C6T6_UART_Driver.o
 .debug_macro   0x0000000000002313      0x1b7 ./STM32F103xx_Drivers/STM32F103C6T6_UART_Driver.o
 .debug_macro   0x00000000000024ca       0xda ./STM32F103xx_Drivers/STM32F103C6T6_UART_Driver.o
 .debug_macro   0x00000000000025a4      0x186 ./Src/main.o
 .debug_macro   0x000000000000272a       0x8e ./Src/main.o
 .debug_macro   0x00000000000027b8       0x51 ./Src/main.o
 .debug_macro   0x0000000000002809       0x52 ./Src/main.o

.debug_line     0x0000000000000000     0x2978
 .debug_line    0x0000000000000000      0xad2 ./STM32F103xx_Drivers/STM32F103C6T6_EXTI_Driver.o
 .debug_line    0x0000000000000ad2      0x80c ./STM32F103xx_Drivers/STM32F103C6T6_GPIO_Driver.o
 .debug_line    0x00000000000012de      0x661 ./STM32F103xx_Drivers/STM32F103C6T6_RCC_Driver.o
 .debug_line    0x000000000000193f      0x94d ./STM32F103xx_Drivers/STM32F103C6T6_UART_Driver.o
 .debug_line    0x000000000000228c      0x668 ./Src/main.o
 .debug_line    0x00000000000028f4       0x84 ./Startup/startup_stm32f103c6tx.o

.debug_str      0x0000000000000000     0x9d2f
 .debug_str     0x0000000000000000     0x9288 ./STM32F103xx_Drivers/STM32F103C6T6_EXTI_Driver.o
                                       0x94c7 (size before relaxing)
 .debug_str     0x0000000000009288      0x167 ./STM32F103xx_Drivers/STM32F103C6T6_GPIO_Driver.o
                                       0x8157 (size before relaxing)
 .debug_str     0x00000000000093ef      0x109 ./STM32F103xx_Drivers/STM32F103C6T6_RCC_Driver.o
                                       0x7c93 (size before relaxing)
 .debug_str     0x00000000000094f8      0x7c6 ./STM32F103xx_Drivers/STM32F103C6T6_UART_Driver.o
                                       0x9a57 (size before relaxing)
 .debug_str     0x0000000000009cbe       0x40 ./Src/main.o
                                       0x991d (size before relaxing)
 .debug_str     0x0000000000009cfe       0x31 ./Startup/startup_stm32f103c6tx.o
                                         0xcc (size before relaxing)

.comment        0x0000000000000000       0x50
 .comment       0x0000000000000000       0x50 ./STM32F103xx_Drivers/STM32F103C6T6_EXTI_Driver.o
                                         0x51 (size before relaxing)
 .comment       0x0000000000000050       0x51 ./STM32F103xx_Drivers/STM32F103C6T6_GPIO_Driver.o
 .comment       0x0000000000000050       0x51 ./STM32F103xx_Drivers/STM32F103C6T6_RCC_Driver.o
 .comment       0x0000000000000050       0x51 ./STM32F103xx_Drivers/STM32F103C6T6_UART_Driver.o
 .comment       0x0000000000000050       0x51 ./Src/main.o

.debug_frame    0x0000000000000000      0x58c
 .debug_frame   0x0000000000000000      0x190 ./STM32F103xx_Drivers/STM32F103C6T6_EXTI_Driver.o
 .debug_frame   0x0000000000000190      0x178 ./STM32F103xx_Drivers/STM32F103C6T6_GPIO_Driver.o
 .debug_frame   0x0000000000000308       0x9c ./STM32F103xx_Drivers/STM32F103C6T6_RCC_Driver.o
 .debug_frame   0x00000000000003a4      0x150 ./STM32F103xx_Drivers/STM32F103C6T6_UART_Driver.o
 .debug_frame   0x00000000000004f4       0x6c ./Src/main.o
 .debug_frame   0x0000000000000560       0x2c c:/st/stm32cubeide_1.11.2/stm32cubeide/plugins/com.st.stm32cube.ide.mcu.externaltools.gnu-tools-for-stm32.10.3-2021.10.win32_1.0.100.202210260954/tools/bin/../lib/gcc/arm-none-eabi/10.3.1/../../../../arm-none-eabi/lib/thumb/v7-m/nofp\libc_nano.a(lib_a-init.o)
