Archive member included to satisfy reference by file (symbol)

c:/st/stm32cubeide_1.11.2/stm32cubeide/plugins/com.st.stm32cube.ide.mcu.externaltools.gnu-tools-for-stm32.10.3-2021.10.win32_1.0.100.202210260954/tools/bin/../lib/gcc/arm-none-eabi/10.3.1/../../../../arm-none-eabi/lib/thumb/v7-m/nofp\libc_nano.a(lib_a-errno.o)
                              ./Src/syscalls.o (__errno)
c:/st/stm32cubeide_1.11.2/stm32cubeide/plugins/com.st.stm32cube.ide.mcu.externaltools.gnu-tools-for-stm32.10.3-2021.10.win32_1.0.100.202210260954/tools/bin/../lib/gcc/arm-none-eabi/10.3.1/../../../../arm-none-eabi/lib/thumb/v7-m/nofp\libc_nano.a(lib_a-exit.o)
                              c:/st/stm32cubeide_1.11.2/stm32cubeide/plugins/com.st.stm32cube.ide.mcu.externaltools.gnu-tools-for-stm32.10.3-2021.10.win32_1.0.100.202210260954/tools/bin/../lib/gcc/arm-none-eabi/10.3.1/../../../../arm-none-eabi/lib/thumb/v7-m/nofp/crt0.o (exit)
c:/st/stm32cubeide_1.11.2/stm32cubeide/plugins/com.st.stm32cube.ide.mcu.externaltools.gnu-tools-for-stm32.10.3-2021.10.win32_1.0.100.202210260954/tools/bin/../lib/gcc/arm-none-eabi/10.3.1/../../../../arm-none-eabi/lib/thumb/v7-m/nofp\libc_nano.a(lib_a-impure.o)
                              c:/st/stm32cubeide_1.11.2/stm32cubeide/plugins/com.st.stm32cube.ide.mcu.externaltools.gnu-tools-for-stm32.10.3-2021.10.win32_1.0.100.202210260954/tools/bin/../lib/gcc/arm-none-eabi/10.3.1/../../../../arm-none-eabi/lib/thumb/v7-m/nofp\libc_nano.a(lib_a-exit.o) (_global_impure_ptr)
c:/st/stm32cubeide_1.11.2/stm32cubeide/plugins/com.st.stm32cube.ide.mcu.externaltools.gnu-tools-for-stm32.10.3-2021.10.win32_1.0.100.202210260954/tools/bin/../lib/gcc/arm-none-eabi/10.3.1/../../../../arm-none-eabi/lib/thumb/v7-m/nofp\libc_nano.a(lib_a-init.o)
                              c:/st/stm32cubeide_1.11.2/stm32cubeide/plugins/com.st.stm32cube.ide.mcu.externaltools.gnu-tools-for-stm32.10.3-2021.10.win32_1.0.100.202210260954/tools/bin/../lib/gcc/arm-none-eabi/10.3.1/../../../../arm-none-eabi/lib/thumb/v7-m/nofp/crt0.o (__libc_init_array)
c:/st/stm32cubeide_1.11.2/stm32cubeide/plugins/com.st.stm32cube.ide.mcu.externaltools.gnu-tools-for-stm32.10.3-2021.10.win32_1.0.100.202210260954/tools/bin/../lib/gcc/arm-none-eabi/10.3.1/../../../../arm-none-eabi/lib/thumb/v7-m/nofp\libc_nano.a(lib_a-memset.o)
                              c:/st/stm32cubeide_1.11.2/stm32cubeide/plugins/com.st.stm32cube.ide.mcu.externaltools.gnu-tools-for-stm32.10.3-2021.10.win32_1.0.100.202210260954/tools/bin/../lib/gcc/arm-none-eabi/10.3.1/../../../../arm-none-eabi/lib/thumb/v7-m/nofp/crt0.o (memset)
c:/st/stm32cubeide_1.11.2/stm32cubeide/plugins/com.st.stm32cube.ide.mcu.externaltools.gnu-tools-for-stm32.10.3-2021.10.win32_1.0.100.202210260954/tools/bin/../lib/gcc/arm-none-eabi/10.3.1/../../../../arm-none-eabi/lib/thumb/v7-m/nofp\libc_nano.a(lib_a-sprintf.o)
                              ./Drivers/LCD.o (sprintf)
c:/st/stm32cubeide_1.11.2/stm32cubeide/plugins/com.st.stm32cube.ide.mcu.externaltools.gnu-tools-for-stm32.10.3-2021.10.win32_1.0.100.202210260954/tools/bin/../lib/gcc/arm-none-eabi/10.3.1/../../../../arm-none-eabi/lib/thumb/v7-m/nofp\libc_nano.a(lib_a-nano-svfprintf.o)
                              c:/st/stm32cubeide_1.11.2/stm32cubeide/plugins/com.st.stm32cube.ide.mcu.externaltools.gnu-tools-for-stm32.10.3-2021.10.win32_1.0.100.202210260954/tools/bin/../lib/gcc/arm-none-eabi/10.3.1/../../../../arm-none-eabi/lib/thumb/v7-m/nofp\libc_nano.a(lib_a-sprintf.o) (_svfprintf_r)
c:/st/stm32cubeide_1.11.2/stm32cubeide/plugins/com.st.stm32cube.ide.mcu.externaltools.gnu-tools-for-stm32.10.3-2021.10.win32_1.0.100.202210260954/tools/bin/../lib/gcc/arm-none-eabi/10.3.1/../../../../arm-none-eabi/lib/thumb/v7-m/nofp\libc_nano.a(lib_a-nano-vfprintf_i.o)
                              c:/st/stm32cubeide_1.11.2/stm32cubeide/plugins/com.st.stm32cube.ide.mcu.externaltools.gnu-tools-for-stm32.10.3-2021.10.win32_1.0.100.202210260954/tools/bin/../lib/gcc/arm-none-eabi/10.3.1/../../../../arm-none-eabi/lib/thumb/v7-m/nofp\libc_nano.a(lib_a-nano-svfprintf.o) (_printf_i)
c:/st/stm32cubeide_1.11.2/stm32cubeide/plugins/com.st.stm32cube.ide.mcu.externaltools.gnu-tools-for-stm32.10.3-2021.10.win32_1.0.100.202210260954/tools/bin/../lib/gcc/arm-none-eabi/10.3.1/../../../../arm-none-eabi/lib/thumb/v7-m/nofp\libc_nano.a(lib_a-memchr-stub.o)
                              c:/st/stm32cubeide_1.11.2/stm32cubeide/plugins/com.st.stm32cube.ide.mcu.externaltools.gnu-tools-for-stm32.10.3-2021.10.win32_1.0.100.202210260954/tools/bin/../lib/gcc/arm-none-eabi/10.3.1/../../../../arm-none-eabi/lib/thumb/v7-m/nofp\libc_nano.a(lib_a-nano-svfprintf.o) (memchr)
c:/st/stm32cubeide_1.11.2/stm32cubeide/plugins/com.st.stm32cube.ide.mcu.externaltools.gnu-tools-for-stm32.10.3-2021.10.win32_1.0.100.202210260954/tools/bin/../lib/gcc/arm-none-eabi/10.3.1/../../../../arm-none-eabi/lib/thumb/v7-m/nofp\libc_nano.a(lib_a-memcpy-stub.o)
[...]
Memory Configuration

Name             Origin             Length             Attributes
RAM              0x0000000020000000 0x0000000000002800 xrw
FLASH            0x0000000008000000 0x0000000000008000 xr
*default*        0x0000000000000000 0xffffffffffffffff

Linker script and memory map

LOAD c:/st/stm32cubeide_1.11.2/stm32cubeide/plugins/com.st.stm32cube.ide.mcu.externaltools.gnu-tools-for-stm32.10.3-2021.10.win32_1.0.100.202210260954/tools/bin/../lib/gcc/arm-none-eabi/10.3.1/thumb/v7-m/nofp/crti.o
LOAD c:/st/stm32cubeide_1.11.2/stm32cubeide/plugins/com.st.stm32cube.ide.mcu.externaltools.gnu-tools-for-stm32.10.3-2021.10.win32_1.0.100.202210260954/tools/bin/../lib/gcc/arm-none-eabi/10.3.1/thumb/v7-m/nofp/crtbegin.o
LOAD c:/st/stm32cubeide_1.11.2/stm32cubeide/plugins/com.st.stm32cube.ide.mcu.externaltools.gnu-tools-for-stm32.10.3-2021.10.win32_1.0.100.202210260954/tools/bin/../lib/gcc/arm-none-eabi/10.3.1/../../../../arm-none-eabi/lib/thumb/v7-m/nofp/crt0.o
LOAD ./Drivers/Keypad.o
LOAD ./Drivers/LCD.o
LOAD ./Drivers/STM32F103C8T6_GPIO_Driver.o
LOAD ./Src/main.o
LOAD ./Src/syscalls.o
LOAD ./Src/sysmem.o
LOAD ./Startup/startup_stm32f103c6tx.o
START GROUP
LOAD c:/st/stm32cubeide_1.11.2/stm32cubeide/plugins/com.st.stm32cube.ide.mcu.externaltools.gnu-tools-for-stm32.10.3-2021.10.win32_1.0.100.202210260954/tools/bin/../lib/gcc/arm-none-eabi/10.3.1/../../../../arm-none-eabi/lib/thumb/v7-m/nofp\libc_nano.a
LOAD c:/st/stm32cubeide_1.11.2/stm32cubeide/plugins/com.st.stm32cube.ide.mcu.externaltools.gnu-tools-for-stm32.10.3-2021.10.win32_1.0.100.202210260954/tools/bin/../lib/gcc/arm-none-eabi/10.3.1/../../../../arm-none-eabi/lib/thumb/v7-m/nofp\libm.a
END GROUP
START GROUP
LOAD c:/st/stm32cubeide_1.11.2/stm32cubeide/plugins/com.st.stm32cube.ide.mcu.externaltools.gnu-tools-for-stm32.10.3-2021.10.win32_1.0.100.202210260954/tools/bin/../lib/gcc/arm-none-eabi/10.3.1/thumb/v7-m/nofp\libgcc.a
LOAD c:/st/stm32cubeide_1.11.2/stm32cubeide/plugins/com.st.stm32cube.ide.mcu.externaltools.gnu-tools-for-stm32.10.3-2021.10.win32_1.0.100.202210260954/tools/bin/../lib/gcc/arm-none-eabi/10.3.1/../../../../arm-none-eabi/lib/thumb/v7-m/nofp\libg_nano.a
LOAD c:/st/stm32cubeide_1.11.2/stm32cubeide/plugins/com.st.stm32cube.ide.mcu.externaltools.gnu-tools-for-stm32.10.3-2021.10.win32_1.0.100.202210260954/tools/bin/../lib/gcc/arm-none-eabi/10.3.1/../../../../arm-none-eabi/lib/thumb/v7-m/nofp\libc_nano.a
END GROUP
START GROUP
LOAD c:/st/stm32cubeide_1.11.2/stm32cubeide/plugins/com.st.stm32cube.ide.mcu.externaltools.gnu-tools-for-stm32.10.3-2021.10.win32_1.0.100.202210260954/tools/bin/../lib/gcc/arm-none-eabi/10.3.1/thumb/v7-m/nofp\libgcc.a
LOAD c:/st/stm32cubeide_1.11.2/stm32cubeide/plugins/com.st.stm32cube.ide.mcu.externaltools.gnu-tools-for-stm32.10.3-2021.10.win32_1.0.100.202210260954/tools/bin/../lib/gcc/arm-none-eabi/10.3.1/../../../../arm-none-eabi/lib/thumb/v7-m/nofp\libc_nano.a
LOAD c:/st/stm32cubeide_1.11.2/stm32cubeide/plugins/com.st.stm32cube.ide.mcu.externaltools.gnu-tools-for-stm32.10.3-2021.10.win32_1.0.100.202210260954/tools/bin/../lib/gcc/arm-none-eabi/10.3.1/../../../../arm-none-eabi/lib/thumb/v7-m/nofp\libnosys.a
END GROUP
START GROUP
LOAD c:/st/stm32cubeide_1.11.2/stm32cubeide/plugins/com.st.stm32cube.ide.mcu.externaltools.gnu-tools-for-stm32.10.3-2021.10.win32_1.0.100.202210260954/tools/bin/../lib/gcc/arm-none-eabi/10.3.1/thumb/v7-m/nofp\libgcc.a
LOAD c:/st/stm32cubeide_1.11.2/stm32cubeide/plugins/com.st.stm32cube.ide.mcu.externaltools.gnu-tools-for-stm32.10.3-2021.10.win32_1.0.100.202210260954/tools/bin/../lib/gcc/arm-none-eabi/10.3.1/../../../../arm-none-eabi/lib/thumb/v7-m/nofp\libc_nano.a
LOAD c:/st/stm32cubeide_1.11.2/stm32cubeide/plugins/com.st.stm32cube.ide.mcu.externaltools.gnu-tools-for-stm32.10.3-2021.10.win32_1.0.100.202210260954/tools/bin/../lib/gcc/arm-none-eabi/10.3.1/../../../../arm-none-eabi/lib/thumb/v7-m/nofp\libnosys.a
END GROUP
LOAD c:/st/stm32cubeide_1.11.2/stm32cubeide/plugins/com.st.stm32cube.ide.mcu.externaltools.gnu-tools-for-stm32.10.3-2021.10.win32_1.0.100.202210260954/tools/bin/../lib/gcc/arm-none-eabi/10.3.1/thumb/v7-m/nofp/crtend.o
LOAD c:/st/stm32cubeide_1.11.2/stm32cubeide/plugins/com.st.stm32cube.ide.mcu.externaltools.gnu-tools-for-stm32.10.3-2021.10.win32_1.0.100.202210260954/tools/bin/../lib/gcc/arm-none-eabi/10.3.1/thumb/v7-m/nofp/crtn.o
                0x0000000020002800                _estack = (ORIGIN (RAM) + LENGTH (RAM))
                0x0000000000000200                _Min_Heap_Size = 0x200
                0x0000000000000400                _Min_Stack_Size = 0x400

.isr_vector     0x0000000008000000      0x130
                0x0000000008000000                . = ALIGN (0x4)
 *(.isr_vector)
 .isr_vector    0x0000000008000000      0x130 ./Startup/startup_stm32f103c6tx.o
                0x0000000008000000                g_pfnVectors
                0x0000000008000130                . = ALIGN (0x4)

.text           0x0000000008000130      0xa20
                0x0000000008000130                . = ALIGN (0x4)
 *(.text)
 .text          0x0000000008000130       0x40 c:/st/stm32cubeide_1.11.2/stm32cubeide/plugins/com.st.stm32cube.ide.mcu.externaltools.gnu-tools-for-stm32.10.3-2021.10.win32_1.0.100.202210260954/tools/bin/../lib/gcc/arm-none-eabi/10.3.1/thumb/v7-m/nofp/crtbegin.o
 *(.text*)
 .text.KEYPAD_init
                0x0000000008000170       0xf4 ./Drivers/Keypad.o
                0x0000000008000170                KEYPAD_init
 .text.KEYPAD_get_charcter
                0x0000000008000264      0x2d4 ./Drivers/Keypad.o
                0x0000000008000264                KEYPAD_get_charcter
 .text._delay_ms
                0x0000000008000538       0x3c ./Drivers/LCD.o
                0x0000000008000538                _delay_ms
 .text.LCD_init
                0x0000000008000574       0x2e ./Drivers/LCD.o
                0x0000000008000574                LCD_init
 *fill*         0x00000000080005a2        0x2 
 .text.LCD_command
                0x00000000080005a4       0x64 ./Drivers/LCD.o
                0x00000000080005a4                LCD_command
 .text.LCD_write_char
                0x0000000008000608       0xbc ./Drivers/LCD.o
                0x0000000008000608                LCD_write_char
 .text.LCD_busy_check
                0x00000000080006c4       0xf0 ./Drivers/LCD.o
                0x00000000080006c4                LCD_busy_check
 .text.LCD_clear_screen
                0x00000000080007b4       0x18 ./Drivers/LCD.o
                0x00000000080007b4                LCD_clear_screen
 .text.Get_CRLH_Position
                0x00000000080007cc      0x170 ./Drivers/STM32F103C8T6_GPIO_Driver.o
                0x00000000080007cc                Get_CRLH_Position
 .text.MCAL_GPIO_Init
                0x000000000800093c       0xfe ./Drivers/STM32F103C8T6_GPIO_Driver.o
                0x000000000800093c                MCAL_GPIO_Init
 *fill*         0x0000000008000a3a        0x2 
 .text.clock_init
                0x0000000008000a3c       0x28 ./Src/main.o
                0x0000000008000a3c                clock_init
 .text.main     0x0000000008000a64       0x38 ./Src/main.o
                0x0000000008000a64                main
 .text.Reset_Handler
                0x0000000008000a9c       0x50 ./Startup/startup_stm32f103c6tx.o
                0x0000000008000a9c                Reset_Handler
 .text.Default_Handler
                0x0000000008000aec        0x2 ./Startup/startup_stm32f103c6tx.o
                0x0000000008000aec                EXTI2_IRQHandler
                0x0000000008000aec                TIM8_TRG_COM_IRQHandler
                0x0000000008000aec                TIM8_CC_IRQHandler
                0x0000000008000aec                DebugMon_Handler
                0x0000000008000aec                TIM1_CC_IRQHandler
                0x0000000008000aec                HardFault_Handler
                0x0000000008000aec                TIM6_IRQHandler
                0x0000000008000aec                SysTick_Handler
                0x0000000008000aec                PVD_IRQHandler
                0x0000000008000aec                SDIO_IRQHandler
                0x0000000008000aec                PendSV_Handler
                0x0000000008000aec                NMI_Handler
                0x0000000008000aec                EXTI3_IRQHandler
                0x0000000008000aec                USB_HP_CAN_TX_IRQHandler
                0x0000000008000aec                EXTI0_IRQHandler
                0x0000000008000aec                I2C2_EV_IRQHandler
                0x0000000008000aec                UsageFault_Handler
                0x0000000008000aec                ADC1_2_IRQHandler
                0x0000000008000aec                SPI1_IRQHandler
                0x0000000008000aec                CAN_SCE_IRQHandler
                0x0000000008000aec                TAMPER_IRQHandler
                0x0000000008000aec                TIM8_UP_IRQHandler
                0x0000000008000aec                DMA2_Channel2_IRQHandler
                0x0000000008000aec                DMA1_Channel4_IRQHandler
                0x0000000008000aec                USART3_IRQHandler
                0x0000000008000aec                RTC_IRQHandler
                0x0000000008000aec                DMA1_Channel7_IRQHandler
                0x0000000008000aec                UART5_IRQHandler
                0x0000000008000aec                ADC3_IRQHandler
                0x0000000008000aec                TIM4_IRQHandler
                0x0000000008000aec                CAN_RX1_IRQHandler
                0x0000000008000aec                DMA2_Channel1_IRQHandler
                0x0000000008000aec                I2C1_EV_IRQHandler
                0x0000000008000aec                DMA1_Channel6_IRQHandler
                0x0000000008000aec                UART4_IRQHandler
                0x0000000008000aec                TIM3_IRQHandler
                0x0000000008000aec                RCC_IRQHandler
                0x0000000008000aec                TIM1_TRG_COM_IRQHandler
                0x0000000008000aec                DMA1_Channel1_IRQHandler
                0x0000000008000aec                Default_Handler
                0x0000000008000aec                EXTI15_10_IRQHandler
                0x0000000008000aec                TIM7_IRQHandler
                0x0000000008000aec                TIM5_IRQHandler
                0x0000000008000aec                EXTI9_5_IRQHandler
                0x0000000008000aec                SPI2_IRQHandler
                0x0000000008000aec                USB_LP_CAN_RX0_IRQHandler
                0x0000000008000aec                MemManage_Handler
                0x0000000008000aec                SVC_Handler
                0x0000000008000aec                DMA1_Channel5_IRQHandler
                0x0000000008000aec                EXTI4_IRQHandler
                0x0000000008000aec                DMA1_Channel3_IRQHandler
                0x0000000008000aec                FSMC_IRQHandler
                0x0000000008000aec                TIM1_UP_IRQHandler
                0x0000000008000aec                WWDG_IRQHandler
                0x0000000008000aec                TIM2_IRQHandler
                0x0000000008000aec                TIM1_BRK_IRQHandler
                0x0000000008000aec                EXTI1_IRQHandler
                0x0000000008000aec                RTCAlarm_IRQHandler
                0x0000000008000aec                DMA2_Channel4_5_IRQHandler
                0x0000000008000aec                USART2_IRQHandler
                0x0000000008000aec                I2C2_ER_IRQHandler
                0x0000000008000aec                DMA1_Channel2_IRQHandler
                0x0000000008000aec                TIM8_BRK_IRQHandler
                0x0000000008000aec                FLASH_IRQHandler
                0x0000000008000aec                BusFault_Handler
                0x0000000008000aec                USART1_IRQHandler
                0x0000000008000aec                SPI3_IRQHandler
                0x0000000008000aec                I2C1_ER_IRQHandler
                0x0000000008000aec                DMA2_Channel3_IRQHandler
 *fill*         0x0000000008000aee        0x2 
 .text.__libc_init_array
                0x0000000008000af0       0x48 c:/st/stm32cubeide_1.11.2/stm32cubeide/plugins/com.st.stm32cube.ide.mcu.externaltools.gnu-tools-for-stm32.10.3-2021.10.win32_1.0.100.202210260954/tools/bin/../lib/gcc/arm-none-eabi/10.3.1/../../../../arm-none-eabi/lib/thumb/v7-m/nofp\libc_nano.a(lib_a-init.o)
                0x0000000008000af0                __libc_init_array
 *(.glue_7)
 .glue_7        0x0000000008000b38        0x0 linker stubs
 *(.glue_7t)
 .glue_7t       0x0000000008000b38        0x0 linker stubs
 *(.eh_frame)
 .eh_frame      0x0000000008000b38        0x0 c:/st/stm32cubeide_1.11.2/stm32cubeide/plugins/com.st.stm32cube.ide.mcu.externaltools.gnu-tools-for-stm32.10.3-2021.10.win32_1.0.100.202210260954/tools/bin/../lib/gcc/arm-none-eabi/10.3.1/thumb/v7-m/nofp/crtbegin.o
 *(.init)
 .init          0x0000000008000b38        0x4 c:/st/stm32cubeide_1.11.2/stm32cubeide/plugins/com.st.stm32cube.ide.mcu.externaltools.gnu-tools-for-stm32.10.3-2021.10.win32_1.0.100.202210260954/tools/bin/../lib/gcc/arm-none-eabi/10.3.1/thumb/v7-m/nofp/crti.o
                0x0000000008000b38                _init
 .init          0x0000000008000b3c        0x8 c:/st/stm32cubeide_1.11.2/stm32cubeide/plugins/com.st.stm32cube.ide.mcu.externaltools.gnu-tools-for-stm32.10.3-2021.10.win32_1.0.100.202210260954/tools/bin/../lib/gcc/arm-none-eabi/10.3.1/thumb/v7-m/nofp/crtn.o
 *(.fini)
 .fini          0x0000000008000b44        0x4 c:/st/stm32cubeide_1.11.2/stm32cubeide/plugins/com.st.stm32cube.ide.mcu.externaltools.gnu-tools-for-stm32.10.3-2021.10.win32_1.0.100.202210260954/tools/bin/../lib/gcc/arm-none-eabi/10.3.1/thumb/v7-m/nofp/crti.o
                0x0000000008000b44                _fini
 .fini          0x0000000008000b48        0x8 c:/st/stm32cubeide_1.11.2/stm32cubeide/plugins/com.st.stm32cube.ide.mcu.externaltools.gnu-tools-for-stm32.10.3-2021.10.win32_1.0.100.202210260954/tools/bin/../lib/gcc/arm-none-eabi/10.3.1/thumb/v7-m/nofp/crtn.o
                0x0000000008000b50                . = ALIGN (0x4)
                0x0000000008000b50                _etext = .

.vfp11_veneer   0x0000000008000b50        0x0
 .vfp11_veneer  0x0000000008000b50        0x0 linker stubs

.v4_bx          0x0000000008000b50        0x0
 .v4_bx         0x0000000008000b50        0x0 linker stubs

.iplt           0x0000000008000b50        0x0
 .iplt          0x0000000008000b50        0x0 c:/st/stm32cubeide_1.11.2/stm32cubeide/plugins/com.st.stm32cube.ide.mcu.externaltools.gnu-tools-for-stm32.10.3-2021.10.win32_1.0.100.202210260954/tools/bin/../lib/gcc/arm-none-eabi/10.3.1/thumb/v7-m/nofp/crtbegin.o

.rel.dyn        0x0000000008000b50        0x0
 .rel.iplt      0x0000000008000b50        0x0 c:/st/stm32cubeide_1.11.2/stm32cubeide/plugins/com.st.stm32cube.ide.mcu.externaltools.gnu-tools-for-stm32.10.3-2021.10.win32_1.0.100.202210260954/tools/bin/../lib/gcc/arm-none-eabi/10.3.1/thumb/v7-m/nofp/crtbegin.o

.rodata         0x0000000008000b50        0x0
                0x0000000008000b50                . = ALIGN (0x4)
 *(.rodata)
 *(.rodata*)
                0x0000000008000b50                . = ALIGN (0x4)

.ARM.extab      0x0000000008000b50        0x0
                0x0000000008000b50                . = ALIGN (0x4)
 *(.ARM.extab* .gnu.linkonce.armextab.*)
                0x0000000008000b50                . = ALIGN (0x4)

.ARM            0x0000000008000b50        0x0
                0x0000000008000b50                . = ALIGN (0x4)
                0x0000000008000b50                __exidx_start = .
 *(.ARM.exidx*)
                0x0000000008000b50                __exidx_end = .
                0x0000000008000b50                . = ALIGN (0x4)

.preinit_array  0x0000000008000b50        0x0
                0x0000000008000b50                . = ALIGN (0x4)
                0x0000000008000b50                PROVIDE (__preinit_array_start = .)
 *(.preinit_array*)
                0x0000000008000b50                PROVIDE (__preinit_array_end = .)
                0x0000000008000b50                . = ALIGN (0x4)

.init_array     0x0000000008000b50        0x4
                0x0000000008000b50                . = ALIGN (0x4)
                0x0000000008000b50                PROVIDE (__init_array_start = .)
 *(SORT_BY_NAME(.init_array.*))
 *(.init_array*)
 .init_array    0x0000000008000b50        0x4 c:/st/stm32cubeide_1.11.2/stm32cubeide/plugins/com.st.stm32cube.ide.mcu.externaltools.gnu-tools-for-stm32.10.3-2021.10.win32_1.0.100.202210260954/tools/bin/../lib/gcc/arm-none-eabi/10.3.1/thumb/v7-m/nofp/crtbegin.o
                0x0000000008000b54                PROVIDE (__init_array_end = .)
                0x0000000008000b54                . = ALIGN (0x4)

.fini_array     0x0000000008000b54        0x4
                0x0000000008000b54                . = ALIGN (0x4)
                [!provide]                        PROVIDE (__fini_array_start = .)
 *(SORT_BY_NAME(.fini_array.*))
 *(.fini_array*)
 .fini_array    0x0000000008000b54        0x4 c:/st/stm32cubeide_1.11.2/stm32cubeide/plugins/com.st.stm32cube.ide.mcu.externaltools.gnu-tools-for-stm32.10.3-2021.10.win32_1.0.100.202210260954/tools/bin/../lib/gcc/arm-none-eabi/10.3.1/thumb/v7-m/nofp/crtbegin.o
                [!provide]                        PROVIDE (__fini_array_end = .)
                0x0000000008000b58                . = ALIGN (0x4)
                0x0000000008000b58                _sidata = LOADADDR (.data)

.data           0x0000000020000000        0x4 load address 0x0000000008000b58
                0x0000000020000000                . = ALIGN (0x4)
                0x0000000020000000                _sdata = .
 *(.data)
 *(.data*)
 .data.counter  0x0000000020000000        0x1 ./Drivers/LCD.o
 *(.RamFunc)
 *(.RamFunc*)
                0x0000000020000004                . = ALIGN (0x4)
 *fill*         0x0000000020000001        0x3 
                0x0000000020000004                _edata = .

.igot.plt       0x0000000020000004        0x0 load address 0x0000000008000b5c
 .igot.plt      0x0000000020000004        0x0 c:/st/stm32cubeide_1.11.2/stm32cubeide/plugins/com.st.stm32cube.ide.mcu.externaltools.gnu-tools-for-stm32.10.3-2021.10.win32_1.0.100.202210260954/tools/bin/../lib/gcc/arm-none-eabi/10.3.1/thumb/v7-m/nofp/crtbegin.o
                0x0000000020000004                . = ALIGN (0x4)

.bss            0x0000000020000004       0x1c load address 0x0000000008000b5c
                0x0000000020000004                _sbss = .
                0x0000000020000004                __bss_start__ = _sbss
 *(.bss)
 .bss           0x0000000020000004       0x1c c:/st/stm32cubeide_1.11.2/stm32cubeide/plugins/com.st.stm32cube.ide.mcu.externaltools.gnu-tools-for-stm32.10.3-2021.10.win32_1.0.100.202210260954/tools/bin/../lib/gcc/arm-none-eabi/10.3.1/thumb/v7-m/nofp/crtbegin.o
 *(.bss*)
 *(COMMON)
                0x0000000020000020                . = ALIGN (0x4)
                0x0000000020000020                _ebss = .
                0x0000000020000020                __bss_end__ = _ebss

._user_heap_stack
                0x0000000020000020      0x600 load address 0x0000000008000b5c
                0x0000000020000020                . = ALIGN (0x8)
                [!provide]                        PROVIDE (end = .)
                0x0000000020000020                PROVIDE (_end = .)
                0x0000000020000220                . = (. + _Min_Heap_Size)
 *fill*         0x0000000020000020      0x200 
                0x0000000020000620                . = (. + _Min_Stack_Size)
 *fill*         0x0000000020000220      0x400 
                0x0000000020000620                . = ALIGN (0x8)

/DISCARD/
 libc.a(*)
 libm.a(*)
 libgcc.a(*)

.ARM.attributes
                0x0000000000000000       0x29
 *(.ARM.attributes)
 .ARM.attributes
                0x0000000000000000       0x1d c:/st/stm32cubeide_1.11.2/stm32cubeide/plugins/com.st.stm32cube.ide.mcu.externaltools.gnu-tools-for-stm32.10.3-2021.10.win32_1.0.100.202210260954/tools/bin/../lib/gcc/arm-none-eabi/10.3.1/thumb/v7-m/nofp/crti.o
 .ARM.attributes
                0x000000000000001d       0x2d c:/st/stm32cubeide_1.11.2/stm32cubeide/plugins/com.st.stm32cube.ide.mcu.externaltools.gnu-tools-for-stm32.10.3-2021.10.win32_1.0.100.202210260954/tools/bin/../lib/gcc/arm-none-eabi/10.3.1/thumb/v7-m/nofp/crtbegin.o
 .ARM.attributes
                0x000000000000004a       0x2d ./Drivers/Keypad.o
 .ARM.attributes
                0x0000000000000077       0x2d ./Drivers/LCD.o
 .ARM.attributes
                0x00000000000000a4       0x2d ./Drivers/STM32F103C8T6_GPIO_Driver.o
 .ARM.attributes
                0x00000000000000d1       0x2d ./Src/main.o
 .ARM.attributes
                0x00000000000000fe       0x21 ./Startup/startup_stm32f103c6tx.o
 .ARM.attributes
                0x000000000000011f       0x2d c:/st/stm32cubeide_1.11.2/stm32cubeide/plugins/com.st.stm32cube.ide.mcu.externaltools.gnu-tools-for-stm32.10.3-2021.10.win32_1.0.100.202210260954/tools/bin/../lib/gcc/arm-none-eabi/10.3.1/../../../../arm-none-eabi/lib/thumb/v7-m/nofp\libc_nano.a(lib_a-init.o)
 .ARM.attributes
                0x000000000000014c       0x1d c:/st/stm32cubeide_1.11.2/stm32cubeide/plugins/com.st.stm32cube.ide.mcu.externaltools.gnu-tools-for-stm32.10.3-2021.10.win32_1.0.100.202210260954/tools/bin/../lib/gcc/arm-none-eabi/10.3.1/thumb/v7-m/nofp/crtn.o
OUTPUT(STM32F103C6T6_LCD_KEYPAD.elf elf32-littlearm)
LOAD linker stubs
LOAD c:/st/stm32cubeide_1.11.2/stm32cubeide/plugins/com.st.stm32cube.ide.mcu.externaltools.gnu-tools-for-stm32.10.3-2021.10.win32_1.0.100.202210260954/tools/bin/../lib/gcc/arm-none-eabi/10.3.1/../../../../arm-none-eabi/lib/thumb/v7-m/nofp\libc.a
LOAD c:/st/stm32cubeide_1.11.2/stm32cubeide/plugins/com.st.stm32cube.ide.mcu.externaltools.gnu-tools-for-stm32.10.3-2021.10.win32_1.0.100.202210260954/tools/bin/../lib/gcc/arm-none-eabi/10.3.1/../../../../arm-none-eabi/lib/thumb/v7-m/nofp\libm.a
LOAD c:/st/stm32cubeide_1.11.2/stm32cubeide/plugins/com.st.stm32cube.ide.mcu.externaltools.gnu-tools-for-stm32.10.3-2021.10.win32_1.0.100.202210260954/tools/bin/../lib/gcc/arm-none-eabi/10.3.1/thumb/v7-m/nofp\libgcc.a

.debug_info     0x0000000000000000      0xd2b
 .debug_info    0x0000000000000000      0x1f9 ./Drivers/Keypad.o
 .debug_info    0x00000000000001f9      0x44f ./Drivers/LCD.o
 .debug_info    0x0000000000000648      0x4b6 ./Drivers/STM32F103C8T6_GPIO_Driver.o
 .debug_info    0x0000000000000afe      0x20b ./Src/main.o
 .debug_info    0x0000000000000d09       0x22 ./Startup/startup_stm32f103c6tx.o

.debug_abbrev   0x0000000000000000      0x51a
 .debug_abbrev  0x0000000000000000       0xe2 ./Drivers/Keypad.o
 .debug_abbrev  0x00000000000000e2      0x1b4 ./Drivers/LCD.o
 .debug_abbrev  0x0000000000000296      0x16f ./Drivers/STM32F103C8T6_GPIO_Driver.o
 .debug_abbrev  0x0000000000000405      0x103 ./Src/main.o
 .debug_abbrev  0x0000000000000508       0x12 ./Startup/startup_stm32f103c6tx.o

.debug_loc      0x0000000000000000      0x726
 .debug_loc     0x0000000000000000       0x94 ./Drivers/Keypad.o
 .debug_loc     0x0000000000000094      0x2e6 ./Drivers/LCD.o
 .debug_loc     0x000000000000037a      0x330 ./Drivers/STM32F103C8T6_GPIO_Driver.o
 .debug_loc     0x00000000000006aa       0x7c ./Src/main.o

.debug_aranges  0x0000000000000000      0x140
 .debug_aranges
                0x0000000000000000       0x28 ./Drivers/Keypad.o
 .debug_aranges
                0x0000000000000028       0x68 ./Drivers/LCD.o
 .debug_aranges
                0x0000000000000090       0x60 ./Drivers/STM32F103C8T6_GPIO_Driver.o
 .debug_aranges
                0x00000000000000f0       0x28 ./Src/main.o
 .debug_aranges
                0x0000000000000118       0x28 ./Startup/startup_stm32f103c6tx.o

.debug_ranges   0x0000000000000000       0xf8
 .debug_ranges  0x0000000000000000       0x18 ./Drivers/Keypad.o
 .debug_ranges  0x0000000000000018       0x58 ./Drivers/LCD.o
 .debug_ranges  0x0000000000000070       0x50 ./Drivers/STM32F103C8T6_GPIO_Driver.o
 .debug_ranges  0x00000000000000c0       0x18 ./Src/main.o
 .debug_ranges  0x00000000000000d8       0x20 ./Startup/startup_stm32f103c6tx.o

.debug_macro    0x0000000000000000     0x2901
 .debug_macro   0x0000000000000000      0x230 ./Drivers/Keypad.o
 .debug_macro   0x0000000000000230      0xa72 ./Drivers/Keypad.o
 .debug_macro   0x0000000000000ca2       0x22 ./Drivers/Keypad.o
 .debug_macro   0x0000000000000cc4       0x4c ./Drivers/Keypad.o
 .debug_macro   0x0000000000000d10       0x18 ./Drivers/Keypad.o
 .debug_macro   0x0000000000000d28       0x94 ./Drivers/Keypad.o
 .debug_macro   0x0000000000000dbc       0x3c ./Drivers/Keypad.o
 .debug_macro   0x0000000000000df8       0x34 ./Drivers/Keypad.o
 .debug_macro   0x0000000000000e2c       0x16 ./Drivers/Keypad.o
 .debug_macro   0x0000000000000e42       0x57 ./Drivers/Keypad.o
 .debug_macro   0x0000000000000e99       0x97 ./Drivers/Keypad.o
 .debug_macro   0x0000000000000f30      0x341 ./Drivers/Keypad.o
 .debug_macro   0x0000000000001271       0xfd ./Drivers/Keypad.o
 .debug_macro   0x000000000000136e       0x10 ./Drivers/Keypad.o
 .debug_macro   0x000000000000137e       0x16 ./Drivers/Keypad.o
 .debug_macro   0x0000000000001394       0x43 ./Drivers/Keypad.o
 .debug_macro   0x00000000000013d7       0x34 ./Drivers/Keypad.o
 .debug_macro   0x000000000000140b       0x10 ./Drivers/Keypad.o
 .debug_macro   0x000000000000141b       0x58 ./Drivers/Keypad.o
 .debug_macro   0x0000000000001473       0x71 ./Drivers/Keypad.o
 .debug_macro   0x00000000000014e4       0x1c ./Drivers/Keypad.o
 .debug_macro   0x0000000000001500      0x12a ./Drivers/Keypad.o
 .debug_macro   0x000000000000162a       0x10 ./Drivers/Keypad.o
 .debug_macro   0x000000000000163a       0x6a ./Drivers/Keypad.o
 .debug_macro   0x00000000000016a4       0x1c ./Drivers/Keypad.o
 .debug_macro   0x00000000000016c0       0x52 ./Drivers/Keypad.o
 .debug_macro   0x0000000000001712       0x22 ./Drivers/Keypad.o
 .debug_macro   0x0000000000001734       0x10 ./Drivers/Keypad.o
 .debug_macro   0x0000000000001744       0x52 ./Drivers/Keypad.o
 .debug_macro   0x0000000000001796       0xd5 ./Drivers/Keypad.o
 .debug_macro   0x000000000000186b       0x1c ./Drivers/Keypad.o
 .debug_macro   0x0000000000001887       0x3d ./Drivers/Keypad.o
 .debug_macro   0x00000000000018c4       0x16 ./Drivers/Keypad.o
 .debug_macro   0x00000000000018da      0x145 ./Drivers/Keypad.o
 .debug_macro   0x0000000000001a1f       0x16 ./Drivers/Keypad.o
 .debug_macro   0x0000000000001a35       0x16 ./Drivers/Keypad.o
 .debug_macro   0x0000000000001a4b       0x35 ./Drivers/Keypad.o
 .debug_macro   0x0000000000001a80       0x16 ./Drivers/Keypad.o
 .debug_macro   0x0000000000001a96       0x29 ./Drivers/Keypad.o
 .debug_macro   0x0000000000001abf      0x103 ./Drivers/Keypad.o
 .debug_macro   0x0000000000001bc2      0x1df ./Drivers/Keypad.o
 .debug_macro   0x0000000000001da1       0xab ./Drivers/Keypad.o
 .debug_macro   0x0000000000001e4c       0xd6 ./Drivers/Keypad.o
 .debug_macro   0x0000000000001f22       0xc4 ./Drivers/Keypad.o
 .debug_macro   0x0000000000001fe6       0x82 ./Drivers/Keypad.o
 .debug_macro   0x0000000000002068      0x22d ./Drivers/LCD.o
 .debug_macro   0x0000000000002295       0x10 ./Drivers/LCD.o
 .debug_macro   0x00000000000022a5      0x14c ./Drivers/STM32F103C8T6_GPIO_Driver.o
 .debug_macro   0x00000000000023f1      0x10e ./Drivers/STM32F103C8T6_GPIO_Driver.o
 .debug_macro   0x00000000000024ff       0x8d ./Drivers/STM32F103C8T6_GPIO_Driver.o
 .debug_macro   0x000000000000258c      0x244 ./Src/main.o
 .debug_macro   0x00000000000027d0       0x8e ./Src/main.o
 .debug_macro   0x000000000000285e       0x51 ./Src/main.o
 .debug_macro   0x00000000000028af       0x52 ./Src/main.o

.debug_line     0x0000000000000000     0x1f3c
 .debug_line    0x0000000000000000      0x7c3 ./Drivers/Keypad.o
 .debug_line    0x00000000000007c3      0x87d ./Drivers/LCD.o
 .debug_line    0x0000000000001040      0x7e5 ./Drivers/STM32F103C8T6_GPIO_Driver.o
 .debug_line    0x0000000000001825      0x693 ./Src/main.o
 .debug_line    0x0000000000001eb8       0x84 ./Startup/startup_stm32f103c6tx.o

.debug_str      0x0000000000000000     0x8d43
 .debug_str     0x0000000000000000     0x8a3b ./Drivers/Keypad.o
                                       0x8c42 (size before relaxing)
 .debug_str     0x0000000000008a3b      0x155 ./Drivers/LCD.o
                                       0x8afb (size before relaxing)
 .debug_str     0x0000000000008b90      0x15b ./Drivers/STM32F103C8T6_GPIO_Driver.o
                                       0x7763 (size before relaxing)
 .debug_str     0x0000000000008ceb       0x27 ./Src/main.o
                                       0x8c4a (size before relaxing)
 .debug_str     0x0000000000008d12       0x31 ./Startup/startup_stm32f103c6tx.o
                                         0xbd (size before relaxing)

.comment        0x0000000000000000       0x50
 .comment       0x0000000000000000       0x50 ./Drivers/Keypad.o
                                         0x51 (size before relaxing)
 .comment       0x0000000000000050       0x51 ./Drivers/LCD.o
 .comment       0x0000000000000050       0x51 ./Drivers/STM32F103C8T6_GPIO_Driver.o
 .comment       0x0000000000000050       0x51 ./Src/main.o

.debug_frame    0x0000000000000000      0x3c0
 .debug_frame   0x0000000000000000       0x58 ./Drivers/Keypad.o
 .debug_frame   0x0000000000000058      0x174 ./Drivers/LCD.o
 .debug_frame   0x00000000000001cc      0x178 ./Drivers/STM32F103C8T6_GPIO_Driver.o
 .debug_frame   0x0000000000000344       0x50 ./Src/main.o
 .debug_frame   0x0000000000000394       0x2c c:/st/stm32cubeide_1.11.2/stm32cubeide/plugins/com.st.stm32cube.ide.mcu.externaltools.gnu-tools-for-stm32.10.3-2021.10.win32_1.0.100.202210260954/tools/bin/../lib/gcc/arm-none-eabi/10.3.1/../../../../arm-none-eabi/lib/thumb/v7-m/nofp\libc_nano.a(lib_a-init.o)
