../STM32F103xx_Drivers/STM32F103C6T6_UART_Driver.c:50:6:MCAL_USART_Init	32	static
../STM32F103xx_Drivers/STM32F103C6T6_UART_Driver.c:120:6:MCAL_USART_DeInit	16	static
../STM32F103xx_Drivers/STM32F103C6T6_UART_Driver.c:147:6:MCAL_USART_GPIO_Set_Pins	24	static
../STM32F103xx_Drivers/STM32F103C6T6_UART_Driver.c:313:6:MCAL_USART_SendData	24	static
../STM32F103xx_Drivers/STM32F103C6T6_UART_Driver.c:420:6:MCAL_USART_ReceiveData	24	static
../STM32F103xx_Drivers/STM32F103C6T6_UART_Driver.c:539:6:MCAL_USART_WAIT_TC	16	static
../STM32F103xx_Drivers/STM32F103C6T6_UART_Driver.c:554:6:USART1_IRQHandler	8	static
../STM32F103xx_Drivers/STM32F103C6T6_UART_Driver.c:559:6:USART2_IRQHandler	8	static
../STM32F103xx_Drivers/STM32F103C6T6_UART_Driver.c:565:6:USART3_IRQHandler	8	static
