
Memory Configuration

Name             Origin             Length             Attributes
flash            0x0000000000000000 0x0000000020000000 xr
sram             0x0000000020000000 0x0000000020000000 xrw
*default*        0x0000000000000000 0xffffffffffffffff

Linker script and memory map


.text           0x0000000000000000      0x12c
 *(.vectors*)
 .vectors       0x0000000000000000       0x1c startup.o
                0x0000000000000000                vectors
 *(.text*)
 .text          0x000000000000001c       0x80 main.o
                0x000000000000001c                main
 .text          0x000000000000009c       0x90 startup.o
                0x000000000000009c                H_Fault_Handler
                0x000000000000009c                MM_Fault_Handler
                0x000000000000009c                Bus_Handler
                0x000000000000009c                Default_Handler
                0x000000000000009c                Usage_Fault_Handler
                0x000000000000009c                NMI_Handler
                0x00000000000000a8                Reset_Handler
 *(.rodata)
                0x000000000000012c                _E_text = .

.glue_7         0x000000000000012c        0x0
 .glue_7        0x000000000000012c        0x0 linker stubs

.glue_7t        0x000000000000012c        0x0
 .glue_7t       0x000000000000012c        0x0 linker stubs

.vfp11_veneer   0x000000000000012c        0x0
 .vfp11_veneer  0x000000000000012c        0x0 linker stubs

.v4_bx          0x000000000000012c        0x0
 .v4_bx         0x000000000000012c        0x0 linker stubs

.iplt           0x000000000000012c        0x0
 .iplt          0x000000000000012c        0x0 main.o

.rel.dyn        0x000000000000012c        0x0
 .rel.iplt      0x000000000000012c        0x0 main.o

.data           0x0000000020000000       0x10 load address 0x000000000000012c
                0x0000000020000000                _S_DATA = .
 *(.data)
 .data          0x0000000020000000       0x10 main.o
                0x0000000020000000                RCGC_PTR
                0x0000000020000004                DIR_PTR
                0x0000000020000008                DEN_PTR
                0x000000002000000c                DATA_PTR
 .data          0x0000000020000010        0x0 startup.o
                0x0000000020000010                _E_DATA = .

.igot.plt       0x0000000020000010        0x0 load address 0x000000000000013c
 .igot.plt      0x0000000020000010        0x0 main.o

.bss            0x0000000020000010      0x428 load address 0x000000000000013c
                0x0000000020000010                _S_bss = .
 *(.bss)
 .bss           0x0000000020000010       0x28 main.o
                0x0000000020000010                bss_test
 .bss           0x0000000020000038      0x400 startup.o
                0x0000000020000438                . = ALIGN (0x4)
                0x0000000020000438                _E_bss = .
LOAD main.o
LOAD startup.o
OUTPUT(Lab3_TM4C123_ArmCortex-M4.elf elf32-littlearm)
LOAD linker stubs

.debug_info     0x0000000000000000      0x5b5
 .debug_info    0x0000000000000000      0x3d2 main.o
 .debug_info    0x00000000000003d2      0x1e3 startup.o

.debug_abbrev   0x0000000000000000      0x225
 .debug_abbrev  0x0000000000000000      0x117 main.o
 .debug_abbrev  0x0000000000000117      0x10e startup.o

.debug_loc      0x0000000000000000       0xb4
 .debug_loc     0x0000000000000000       0x38 main.o
 .debug_loc     0x0000000000000038       0x7c startup.o

.debug_aranges  0x0000000000000000       0x40
 .debug_aranges
                0x0000000000000000       0x20 main.o
 .debug_aranges
                0x0000000000000020       0x20 startup.o

.debug_line     0x0000000000000000      0x167
 .debug_line    0x0000000000000000       0x98 main.o
 .debug_line    0x0000000000000098       0xcf startup.o

.debug_str      0x0000000000000000      0x27c
 .debug_str     0x0000000000000000      0x1f7 main.o
                                        0x230 (size before relaxing)
 .debug_str     0x00000000000001f7       0x85 startup.o
                                        0x1fa (size before relaxing)

.comment        0x0000000000000000       0x50
 .comment       0x0000000000000000       0x50 main.o
                                         0x51 (size before relaxing)
 .comment       0x0000000000000050       0x51 startup.o

.ARM.attributes
                0x0000000000000000       0x2e
 .ARM.attributes
                0x0000000000000000       0x2e main.o
 .ARM.attributes
                0x000000000000002e       0x2e startup.o

.debug_frame    0x0000000000000000       0x7c
 .debug_frame   0x0000000000000000       0x2c main.o
 .debug_frame   0x000000000000002c       0x50 startup.o
